Archive member included to satisfy reference by file (symbol)

/usr/lib/gcc/arm-none-eabi/13.2.1/thumb/v6-m/nofp/libgcc.a(_dvmd_tls.o)
                              CMakeFiles/test.dir/home/leander/prog/drone/code/pico_test/pico-sdk/src/rp2_common/pico_divider/divider_hardware.S.obj (__aeabi_idiv0)
/usr/lib/gcc/arm-none-eabi/13.2.1/../../../arm-none-eabi/lib/thumb/v6-m/nofp/libg.a(libc_a-calloc.o)
                              CMakeFiles/test.dir/home/leander/prog/drone/code/pico_test/pico-sdk/src/rp2_common/pico_malloc/malloc.c.obj (calloc)
/usr/lib/gcc/arm-none-eabi/13.2.1/../../../arm-none-eabi/lib/thumb/v6-m/nofp/libg.a(libc_a-impure.o)
                              /usr/lib/gcc/arm-none-eabi/13.2.1/../../../arm-none-eabi/lib/thumb/v6-m/nofp/libg.a(libc_a-calloc.o) (_impure_ptr)
/usr/lib/gcc/arm-none-eabi/13.2.1/../../../arm-none-eabi/lib/thumb/v6-m/nofp/libg.a(libc_a-callocr.o)
                              /usr/lib/gcc/arm-none-eabi/13.2.1/../../../arm-none-eabi/lib/thumb/v6-m/nofp/libg.a(libc_a-calloc.o) (_calloc_r)
/usr/lib/gcc/arm-none-eabi/13.2.1/../../../arm-none-eabi/lib/thumb/v6-m/nofp/libg.a(libc_a-realloc.o)
                              CMakeFiles/test.dir/home/leander/prog/drone/code/pico_test/pico-sdk/src/rp2_common/pico_malloc/malloc.c.obj (realloc)
/usr/lib/gcc/arm-none-eabi/13.2.1/../../../arm-none-eabi/lib/thumb/v6-m/nofp/libg.a(libc_a-mallocr.o)
                              /usr/lib/gcc/arm-none-eabi/13.2.1/../../../arm-none-eabi/lib/thumb/v6-m/nofp/libg.a(libc_a-callocr.o) (_malloc_r)
/usr/lib/gcc/arm-none-eabi/13.2.1/../../../arm-none-eabi/lib/thumb/v6-m/nofp/libg.a(libc_a-freer.o)
                              /usr/lib/gcc/arm-none-eabi/13.2.1/../../../arm-none-eabi/lib/thumb/v6-m/nofp/libg.a(libc_a-mallocr.o) (_free_r)
/usr/lib/gcc/arm-none-eabi/13.2.1/../../../arm-none-eabi/lib/thumb/v6-m/nofp/libg.a(libc_a-memcmp.o)
                              CMakeFiles/test.dir/home/leander/prog/drone/code/pico_test/pico-sdk/src/rp2_common/pico_atomic/atomic.c.obj (memcmp)
/usr/lib/gcc/arm-none-eabi/13.2.1/../../../arm-none-eabi/lib/thumb/v6-m/nofp/libg.a(libc_a-malloc.o)
                              CMakeFiles/test.dir/home/leander/prog/drone/code/pico_test/pico-sdk/src/rp2_common/pico_malloc/malloc.c.obj (malloc)
/usr/lib/gcc/arm-none-eabi/13.2.1/../../../arm-none-eabi/lib/thumb/v6-m/nofp/libg.a(libc_a-sysconf.o)
                              /usr/lib/gcc/arm-none-eabi/13.2.1/../../../arm-none-eabi/lib/thumb/v6-m/nofp/libg.a(libc_a-mallocr.o) (sysconf)
/usr/lib/gcc/arm-none-eabi/13.2.1/../../../arm-none-eabi/lib/thumb/v6-m/nofp/libg.a(libc_a-init.o)
                              /usr/lib/gcc/arm-none-eabi/13.2.1/../../../arm-none-eabi/lib/thumb/v6-m/nofp/crt0.o (__libc_init_array)
/usr/lib/gcc/arm-none-eabi/13.2.1/../../../arm-none-eabi/lib/thumb/v6-m/nofp/libg.a(libc_a-reallocr.o)
                              /usr/lib/gcc/arm-none-eabi/13.2.1/../../../arm-none-eabi/lib/thumb/v6-m/nofp/libg.a(libc_a-realloc.o) (_realloc_r)
/usr/lib/gcc/arm-none-eabi/13.2.1/../../../arm-none-eabi/lib/thumb/v6-m/nofp/libg.a(libc_a-mktime.o)
                              CMakeFiles/test.dir/home/leander/prog/drone/code/pico_test/pico-sdk/src/common/pico_util/datetime.c.obj (mktime)
/usr/lib/gcc/arm-none-eabi/13.2.1/../../../arm-none-eabi/lib/thumb/v6-m/nofp/libg.a(libc_a-mlock.o)
                              /usr/lib/gcc/arm-none-eabi/13.2.1/../../../arm-none-eabi/lib/thumb/v6-m/nofp/libg.a(libc_a-mallocr.o) (__malloc_lock)
/usr/lib/gcc/arm-none-eabi/13.2.1/../../../arm-none-eabi/lib/thumb/v6-m/nofp/libg.a(libc_a-findfp.o)
                              /usr/lib/gcc/arm-none-eabi/13.2.1/../../../arm-none-eabi/lib/thumb/v6-m/nofp/libg.a(libc_a-impure.o) (__sf)
/usr/lib/gcc/arm-none-eabi/13.2.1/../../../arm-none-eabi/lib/thumb/v6-m/nofp/libg.a(libc_a-tzlock.o)
                              /usr/lib/gcc/arm-none-eabi/13.2.1/../../../arm-none-eabi/lib/thumb/v6-m/nofp/libg.a(libc_a-mktime.o) (__tz_lock)
/usr/lib/gcc/arm-none-eabi/13.2.1/../../../arm-none-eabi/lib/thumb/v6-m/nofp/libg.a(libc_a-atexit.o)
                              /usr/lib/gcc/arm-none-eabi/13.2.1/../../../arm-none-eabi/lib/thumb/v6-m/nofp/crt0.o (atexit)
/usr/lib/gcc/arm-none-eabi/13.2.1/../../../arm-none-eabi/lib/thumb/v6-m/nofp/libg.a(libc_a-lcltime_r.o)
                              CMakeFiles/test.dir/home/leander/prog/drone/code/pico_test/pico-sdk/src/common/pico_util/datetime.c.obj (localtime_r)
/usr/lib/gcc/arm-none-eabi/13.2.1/../../../arm-none-eabi/lib/thumb/v6-m/nofp/libg.a(libc_a-strlen-stub.o)
                              CMakeFiles/test.dir/home/leander/prog/drone/code/pico_test/pico-sdk/src/rp2_common/pico_stdio/stdio.c.obj (strlen)
/usr/lib/gcc/arm-none-eabi/13.2.1/../../../arm-none-eabi/lib/thumb/v6-m/nofp/libg.a(libc_a-sbrkr.o)
                              /usr/lib/gcc/arm-none-eabi/13.2.1/../../../arm-none-eabi/lib/thumb/v6-m/nofp/libg.a(libc_a-mallocr.o) (_sbrk_r)
[...]
Memory Configuration

Name             Origin             Length             Attributes
FLASH            0x10000000         0x00200000         xr
RAM              0x20000000         0x00040000         xrw
SCRATCH_X        0x20040000         0x00001000         xrw
SCRATCH_Y        0x20041000         0x00001000         xrw
*default*        0x00000000         0xffffffff

Linker script and memory map

LOAD /usr/lib/gcc/arm-none-eabi/13.2.1/thumb/v6-m/nofp/crti.o
LOAD /usr/lib/gcc/arm-none-eabi/13.2.1/thumb/v6-m/nofp/crtbegin.o
LOAD /usr/lib/gcc/arm-none-eabi/13.2.1/../../../arm-none-eabi/lib/thumb/v6-m/nofp/crt0.o

.flash_begin    0x10000000        0x0
                0x10000000                        __flash_binary_start = .

.boot2          0x10000000      0x100
                0x10000000                        __boot2_start__ = .
 *(.boot2)
 .boot2         0x10000000      0x100 /tmp/ccK2mg9H.o
                0x10000100                        __boot2_end__ = .
                0x00000001                        ASSERT (((__boot2_end__ - __boot2_start__) == 0x100), ERROR: Pico second stage bootloader must be 256 bytes in size)

.text           0x10000100     0x6b38
                0x10000100                        __logical_binary_start = .
 *(.vectors)
 .vectors       0x10000100       0xd4 CMakeFiles/test.dir/home/leander/prog/drone/code/pico_test/pico-sdk/src/rp2_common/pico_crt0/crt0.S.obj
                0x10000100                __vectors
                0x10000100                __VECTOR_TABLE
                0x100001c0                isr_invalid
                0x100001c0                __default_isrs_start
                0x100001c2                isr_nmi
                0x100001c4                isr_hardfault
                0x100001c6                isr_svcall
                0x100001c8                isr_pendsv
                0x100001ca                isr_systick
                0x100001cc                isr_irq30
                0x100001cc                __unhandled_user_irq
                0x100001cc                isr_irq13
                0x100001cc                isr_irq27
                0x100001cc                isr_irq31
                0x100001cc                isr_irq5
                0x100001cc                isr_irq11
                0x100001cc                isr_irq23
                0x100001cc                isr_irq18
                0x100001cc                isr_irq28
                0x100001cc                isr_irq19
                0x100001cc                isr_irq0
                0x100001cc                isr_irq6
                0x100001cc                isr_irq22
                0x100001cc                isr_irq17
                0x100001cc                isr_irq14
                0x100001cc                isr_irq2
                0x100001cc                isr_irq10
                0x100001cc                isr_irq8
                0x100001cc                isr_irq24
                0x100001cc                isr_irq1
                0x100001cc                isr_irq7
                0x100001cc                isr_irq21
                0x100001cc                isr_irq20
                0x100001cc                isr_irq15
                0x100001cc                isr_irq25
                0x100001cc                isr_irq4
                0x100001cc                isr_irq16
                0x100001cc                isr_irq29
                0x100001cc                isr_irq26
                0x100001cc                __default_isrs_end
                0x100001cc                isr_irq3
                0x100001cc                isr_irq12
                0x100001cc                isr_irq9
                0x100001d2                unhandled_user_irq_num_in_r0
 *(.binary_info_header)
 .binary_info_header
                0x100001d4       0x14 CMakeFiles/test.dir/home/leander/prog/drone/code/pico_test/pico-sdk/src/rp2_common/pico_crt0/crt0.S.obj
                0x100001e8                        __binary_info_header_end = .
 *(.embedded_block)
                0x100001e8                        __embedded_block_end = .
 *(.reset)
 .reset         0x100001e8       0x9c CMakeFiles/test.dir/home/leander/prog/drone/code/pico_test/pico-sdk/src/rp2_common/pico_crt0/crt0.S.obj
                0x100001e8                _entry_point
 *(.init)
 .init          0x10000284        0x4 /usr/lib/gcc/arm-none-eabi/13.2.1/thumb/v6-m/nofp/crti.o
                0x10000284                _init
 *(EXCLUDE_FILE(*libm.a: *libc.a:*lib_a-mem*.o *libgcc.a:) .text*)
 .text          0x10000288       0x98 /usr/lib/gcc/arm-none-eabi/13.2.1/thumb/v6-m/nofp/crtbegin.o
 .text.setup    0x10000320       0x54 CMakeFiles/test.dir/src/main.c.obj
                0x10000320                setup
 .text.loop     0x10000374       0x78 CMakeFiles/test.dir/src/main.c.obj
                0x10000374                loop
 .text.startup.main
                0x100003ec       0x10 CMakeFiles/test.dir/src/main.c.obj
                0x100003ec                main
 .text.nrf24_init
                0x100003fc       0x4c CMakeFiles/test.dir/src/nrf24.c.obj
                0x100003fc                nrf24_init
 .text.gpio_set_function
                0x10000448       0x34 CMakeFiles/test.dir/home/leander/prog/drone/code/pico_test/pico-sdk/src/rp2_common/hardware_gpio/gpio.c.obj
                0x10000448                gpio_set_function
 .text.gpio_init
                0x1000047c       0x40 CMakeFiles/test.dir/home/leander/prog/drone/code/pico_test/pico-sdk/src/rp2_common/hardware_gpio/gpio.c.obj
                0x1000047c                gpio_init
 .text.rp2040_chip_version
                0x100004bc        0xc CMakeFiles/test.dir/home/leander/prog/drone/code/pico_test/pico-sdk/src/rp2040/pico_platform/platform.c.obj
                0x100004bc                rp2040_chip_version
 .text.panic    0x100004c8       0x30 CMakeFiles/test.dir/home/leander/prog/drone/code/pico_test/pico-sdk/src/rp2_common/pico_platform_panic/panic.c.obj
                0x100004c8                panic
 .text.hw_claim_or_assert
                0x100004f8       0x44 CMakeFiles/test.dir/home/leander/prog/drone/code/pico_test/pico-sdk/src/common/hardware_claim/claim.c.obj
                0x100004f8                hw_claim_or_assert
 .text.hw_claim_unused_from_range
                0x1000053c       0x9c CMakeFiles/test.dir/home/leander/prog/drone/code/pico_test/pico-sdk/src/common/hardware_claim/claim.c.obj
                0x1000053c                hw_claim_unused_from_range
 .text.next_striped_spin_lock_num
                0x100005d8       0x18 CMakeFiles/test.dir/home/leander/prog/drone/code/pico_test/pico-sdk/src/rp2_common/hardware_sync/sync.c.obj
                0x100005d8                next_striped_spin_lock_num
 .text.spin_lock_claim_unused
                0x100005f0       0x24 CMakeFiles/test.dir/home/leander/prog/drone/code/pico_test/pico-sdk/src/rp2_common/hardware_sync/sync.c.obj
                0x100005f0                spin_lock_claim_unused
 .text.spin_locks_reset
                0x10000614       0x1c CMakeFiles/test.dir/home/leander/prog/drone/code/pico_test/pico-sdk/src/rp2_common/hardware_sync_spin_lock/sync_spin_lock.c.obj
                0x10000614                spin_locks_reset
 .text.runtime_init_per_core_irq_priorities
                0x10000630       0x24 CMakeFiles/test.dir/home/leander/prog/drone/code/pico_test/pico-sdk/src/rp2_common/hardware_irq/irq.c.obj
                0x10000630                runtime_init_per_core_irq_priorities
 .text.irq_set_enabled
                0x10000654       0x24 CMakeFiles/test.dir/home/leander/prog/drone/code/pico_test/pico-sdk/src/rp2_common/hardware_irq/irq.c.obj
                0x10000654                irq_set_enabled
 .text.irq_is_enabled
                0x10000678       0x18 CMakeFiles/test.dir/home/leander/prog/drone/code/pico_test/pico-sdk/src/rp2_common/hardware_irq/irq.c.obj
                0x10000678                irq_is_enabled
 .text.irq_set_pending
                0x10000690       0x10 CMakeFiles/test.dir/home/leander/prog/drone/code/pico_test/pico-sdk/src/rp2_common/hardware_irq/irq.c.obj
                0x10000690                irq_set_pending
 .text.irq_has_shared_handler
                0x100006a0       0x2c CMakeFiles/test.dir/home/leander/prog/drone/code/pico_test/pico-sdk/src/rp2_common/hardware_irq/irq.c.obj
                0x100006a0                irq_has_shared_handler
 .text.irq_set_exclusive_handler
                0x100006cc       0x54 CMakeFiles/test.dir/home/leander/prog/drone/code/pico_test/pico-sdk/src/rp2_common/hardware_irq/irq.c.obj
                0x100006cc                irq_set_exclusive_handler
 .text.irq_add_shared_handler
                0x10000720      0x1f4 CMakeFiles/test.dir/home/leander/prog/drone/code/pico_test/pico-sdk/src/rp2_common/hardware_irq/irq.c.obj
                0x10000720                irq_add_shared_handler
 .text.irq_add_tail_to_free_list
                0x10000914       0xb4 CMakeFiles/test.dir/home/leander/prog/drone/code/pico_test/pico-sdk/src/rp2_common/hardware_irq/irq.c.obj
                0x10000914                irq_add_tail_to_free_list
 .text.user_irq_claim_unused
                0x100009c8       0x2c CMakeFiles/test.dir/home/leander/prog/drone/code/pico_test/pico-sdk/src/rp2_common/hardware_irq/irq.c.obj
                0x100009c8                user_irq_claim_unused
 .text.lock_init
                0x100009f4       0x10 CMakeFiles/test.dir/home/leander/prog/drone/code/pico_test/pico-sdk/src/common/pico_sync/lock_core.c.obj
                0x100009f4                lock_init
 .text.runtime_init_mutex
                0x10000a04       0x50 CMakeFiles/test.dir/home/leander/prog/drone/code/pico_test/pico-sdk/src/common/pico_sync/mutex.c.obj
                0x10000a04                runtime_init_mutex
 .text.mutex_init
                0x10000a54       0x1c CMakeFiles/test.dir/home/leander/prog/drone/code/pico_test/pico-sdk/src/common/pico_sync/mutex.c.obj
                0x10000a54                mutex_init
 .text.critical_section_init
                0x10000a70       0x1c CMakeFiles/test.dir/home/leander/prog/drone/code/pico_test/pico-sdk/src/common/pico_sync/critical_section.c.obj
                0x10000a70                critical_section_init
 .text.critical_section_init_with_lock_num
                0x10000a8c       0x14 CMakeFiles/test.dir/home/leander/prog/drone/code/pico_test/pico-sdk/src/common/pico_sync/critical_section.c.obj
                0x10000a8c                critical_section_init_with_lock_num
 .text.sleep_until_callback
                0x10000aa0       0x30 CMakeFiles/test.dir/home/leander/prog/drone/code/pico_test/pico-sdk/src/common/pico_time/time.c.obj
 .text.alarm_pool_irq_handler
                0x10000ad0      0x2e4 CMakeFiles/test.dir/home/leander/prog/drone/code/pico_test/pico-sdk/src/common/pico_time/time.c.obj
 .text.runtime_init_default_alarm_pool
                0x10000db4       0xdc CMakeFiles/test.dir/home/leander/prog/drone/code/pico_test/pico-sdk/src/common/pico_time/time.c.obj
                0x10000db4                runtime_init_default_alarm_pool
 .text.alarm_pool_get_default
                0x10000e90        0x8 CMakeFiles/test.dir/home/leander/prog/drone/code/pico_test/pico-sdk/src/common/pico_time/time.c.obj
                0x10000e90                alarm_pool_get_default
 .text.alarm_pool_add_alarm_at
                0x10000e98       0xd4 CMakeFiles/test.dir/home/leander/prog/drone/code/pico_test/pico-sdk/src/common/pico_time/time.c.obj
                0x10000e98                alarm_pool_add_alarm_at
 .text.alarm_pool_add_alarm_at_force_in_context
                0x10000f6c       0xb0 CMakeFiles/test.dir/home/leander/prog/drone/code/pico_test/pico-sdk/src/common/pico_time/time.c.obj
                0x10000f6c                alarm_pool_add_alarm_at_force_in_context
 .text.alarm_pool_cancel_alarm
                0x1000101c       0x74 CMakeFiles/test.dir/home/leander/prog/drone/code/pico_test/pico-sdk/src/common/pico_time/time.c.obj
                0x1000101c                alarm_pool_cancel_alarm
 .text.alarm_pool_core_num
                0x10001090        0x4 CMakeFiles/test.dir/home/leander/prog/drone/code/pico_test/pico-sdk/src/common/pico_time/time.c.obj
                0x10001090                alarm_pool_core_num
 .text.sleep_until
                0x10001094       0xd8 CMakeFiles/test.dir/home/leander/prog/drone/code/pico_test/pico-sdk/src/common/pico_time/time.c.obj
                0x10001094                sleep_until
 .text.sleep_ms
                0x1000116c       0x38 CMakeFiles/test.dir/home/leander/prog/drone/code/pico_test/pico-sdk/src/common/pico_time/time.c.obj
                0x1000116c                sleep_ms
 .text.best_effort_wfe_or_timeout
                0x100011a4      0x134 CMakeFiles/test.dir/home/leander/prog/drone/code/pico_test/pico-sdk/src/common/pico_time/time.c.obj
                0x100011a4                best_effort_wfe_or_timeout
 .text.timer_hardware_alarm_claim
                0x100012d8       0x14 CMakeFiles/test.dir/home/leander/prog/drone/code/pico_test/pico-sdk/src/rp2_common/hardware_timer/timer.c.obj
                0x100012d8                timer_hardware_alarm_claim
 .text.timer_time_us_64
                0x100012ec       0x10 CMakeFiles/test.dir/home/leander/prog/drone/code/pico_test/pico-sdk/src/rp2_common/hardware_timer/timer.c.obj
                0x100012ec                timer_time_us_64
 .text.time_us_64
                0x100012fc       0x14 CMakeFiles/test.dir/home/leander/prog/drone/code/pico_test/pico-sdk/src/rp2_common/hardware_timer/timer.c.obj
                0x100012fc                time_us_64
 .text.busy_wait_us
                0x10001310       0x68 CMakeFiles/test.dir/home/leander/prog/drone/code/pico_test/pico-sdk/src/rp2_common/hardware_timer/timer.c.obj
                0x10001310                busy_wait_us
 .text.busy_wait_until
                0x10001378       0x20 CMakeFiles/test.dir/home/leander/prog/drone/code/pico_test/pico-sdk/src/rp2_common/hardware_timer/timer.c.obj
                0x10001378                busy_wait_until
 .text.clock_configure_int_divider
                0x10001398       0xf4 CMakeFiles/test.dir/home/leander/prog/drone/code/pico_test/pico-sdk/src/rp2_common/hardware_clocks/clocks.c.obj
                0x10001398                clock_configure_int_divider
 .text.clock_configure_undivided
                0x1000148c       0xe8 CMakeFiles/test.dir/home/leander/prog/drone/code/pico_test/pico-sdk/src/rp2_common/hardware_clocks/clocks.c.obj
                0x1000148c                clock_configure_undivided
 .text.clock_get_hz
                0x10001574        0xc CMakeFiles/test.dir/home/leander/prog/drone/code/pico_test/pico-sdk/src/rp2_common/hardware_clocks/clocks.c.obj
                0x10001574                clock_get_hz
 .text.pll_init
                0x10001580       0xa4 CMakeFiles/test.dir/home/leander/prog/drone/code/pico_test/pico-sdk/src/rp2_common/hardware_pll/pll.c.obj
                0x10001580                pll_init
 .text.watchdog_reboot
                0x10001624       0x9c CMakeFiles/test.dir/home/leander/prog/drone/code/pico_test/pico-sdk/src/rp2_common/hardware_watchdog/watchdog.c.obj
                0x10001624                watchdog_reboot
 .text.tick_start
                0x100016c0       0x10 CMakeFiles/test.dir/home/leander/prog/drone/code/pico_test/pico-sdk/src/rp2_common/hardware_ticks/ticks.c.obj
                0x100016c0                tick_start
 .text.xosc_init
                0x100016d0       0x28 CMakeFiles/test.dir/home/leander/prog/drone/code/pico_test/pico-sdk/src/rp2_common/hardware_xosc/xosc.c.obj
                0x100016d0                xosc_init
 .text.first_per_core_initializer
                0x100016f8        0x4 CMakeFiles/test.dir/home/leander/prog/drone/code/pico_test/pico-sdk/src/rp2_common/pico_runtime/runtime.c.obj
 .text.hard_assertion_failure
                0x100016fc        0xc CMakeFiles/test.dir/home/leander/prog/drone/code/pico_test/pico-sdk/src/rp2_common/pico_runtime/runtime.c.obj
                0x100016fc                hard_assertion_failure
 .text.runtime_run_initializers
                0x10001708       0x28 CMakeFiles/test.dir/home/leander/prog/drone/code/pico_test/pico-sdk/src/rp2_common/pico_runtime/runtime.c.obj
                0x10001708                runtime_run_initializers
 .text.runtime_init_early_resets
                0x10001730       0x2c CMakeFiles/test.dir/home/leander/prog/drone/code/pico_test/pico-sdk/src/rp2_common/pico_runtime_init/runtime_init.c.obj
                0x10001730                runtime_init_early_resets
 .text.runtime_init_usb_power_down
                0x1000175c       0x1c CMakeFiles/test.dir/home/leander/prog/drone/code/pico_test/pico-sdk/src/rp2_common/pico_runtime_init/runtime_init.c.obj
                0x1000175c                runtime_init_usb_power_down
 .text.runtime_init_post_clock_resets
                0x10001778       0x20 CMakeFiles/test.dir/home/leander/prog/drone/code/pico_test/pico-sdk/src/rp2_common/pico_runtime_init/runtime_init.c.obj
                0x10001778                runtime_init_post_clock_resets
 .text.runtime_init_rp2040_gpio_ie_disable
                0x10001798       0x14 CMakeFiles/test.dir/home/leander/prog/drone/code/pico_test/pico-sdk/src/rp2_common/pico_runtime_init/runtime_init.c.obj
                0x10001798                runtime_init_rp2040_gpio_ie_disable
 .text.runtime_init_spin_locks_reset
                0x100017ac        0x8 CMakeFiles/test.dir/home/leander/prog/drone/code/pico_test/pico-sdk/src/rp2_common/pico_runtime_init/runtime_init.c.obj
                0x100017ac                runtime_init_spin_locks_reset
 .text.runtime_init_install_ram_vector_table
                0x100017b4       0x1c CMakeFiles/test.dir/home/leander/prog/drone/code/pico_test/pico-sdk/src/rp2_common/pico_runtime_init/runtime_init.c.obj
                0x100017b4                runtime_init_install_ram_vector_table
 .text.runtime_init_clocks
                0x100017d0       0xd8 CMakeFiles/test.dir/home/leander/prog/drone/code/pico_test/pico-sdk/src/rp2_common/pico_runtime_init/runtime_init_clocks.c.obj
                0x100017d0                runtime_init_clocks
 .text          0x100018a8       0x10 CMakeFiles/test.dir/home/leander/prog/drone/code/pico_test/pico-sdk/src/rp2_common/pico_bit_ops/bit_ops_aeabi.S.obj
 .text.rom_func_lookup
                0x100018b8       0x10 CMakeFiles/test.dir/home/leander/prog/drone/code/pico_test/pico-sdk/src/rp2_common/pico_bootrom/bootrom.c.obj
                0x100018b8                rom_func_lookup
 .text.rom_data_lookup
                0x100018c8       0x10 CMakeFiles/test.dir/home/leander/prog/drone/code/pico_test/pico-sdk/src/rp2_common/pico_bootrom/bootrom.c.obj
                0x100018c8                rom_data_lookup
 .text.rom_funcs_lookup
                0x100018d8       0x44 CMakeFiles/test.dir/home/leander/prog/drone/code/pico_test/pico-sdk/src/rp2_common/pico_bootrom/bootrom.c.obj
                0x100018d8                rom_funcs_lookup
 .text.rom_reset_usb_boot
                0x1000191c       0x20 CMakeFiles/test.dir/home/leander/prog/drone/code/pico_test/pico-sdk/src/rp2_common/pico_bootrom/bootrom.c.obj
                0x1000191c                rom_reset_usb_boot
 .text.__wrap___aeabi_idiv
                0x1000193c       0x50 CMakeFiles/test.dir/home/leander/prog/drone/code/pico_test/pico-sdk/src/rp2_common/pico_divider/divider_hardware.S.obj
                0x1000193c                __wrap___aeabi_idivmod
                0x1000193c                divmod_s32s32
                0x1000193c                div_s32s32
                0x1000193c                __wrap___aeabi_idiv
                0x10001944                divmod_s32s32_unsafe
                0x10001970                divmod_s32s32_savestate
 .text.__wrap___aeabi_uidiv
                0x1000198c       0x4c CMakeFiles/test.dir/home/leander/prog/drone/code/pico_test/pico-sdk/src/rp2_common/pico_divider/divider_hardware.S.obj
                0x1000198c                __wrap___aeabi_uidiv
                0x1000198c                __wrap___aeabi_uidivmod
                0x1000198c                div_u32u32
                0x1000198c                divmod_u32u32
                0x10001994                divmod_u32u32_unsafe
                0x100019bc                divmod_u32u32_savestate
 .text.__wrap___aeabi_ldiv
                0x100019d8      0x424 CMakeFiles/test.dir/home/leander/prog/drone/code/pico_test/pico-sdk/src/rp2_common/pico_divider/divider_hardware.S.obj
                0x100019d8                div_s64s64
                0x100019d8                divmod_s64s64
                0x100019d8                __wrap___aeabi_ldivmod
                0x10001a08                div_u64u64
                0x10001a08                divmod_u64u64
                0x10001a08                __wrap___aeabi_uldivmod
                0x10001a18                divmod_u64u64_savestate
                0x10001a38                divmod_s64s64_unsafe
                0x10001ac0                divmod_u64u64_unsafe
 .text.__wrap___aeabi_darithmetic
                0x10001dfc       0x80 CMakeFiles/test.dir/home/leander/prog/drone/code/pico_test/pico-sdk/src/rp2_common/pico_double/double_aeabi_rp2040.S.obj
                0x10001dfc                __wrap___aeabi_drsub
                0x10001e02                __wrap___aeabi_dsub
                0x10001e14                __wrap___aeabi_dadd
                0x10001e26                __wrap___aeabi_ddiv
                0x10001e62                __wrap___aeabi_dmul
 .text.__wrap___aeabi_cdcmple
                0x10001e7c       0x6c CMakeFiles/test.dir/home/leander/prog/drone/code/pico_test/pico-sdk/src/rp2_common/pico_double/double_aeabi_rp2040.S.obj
                0x10001e7c                __wrap___aeabi_cdrcmple
                0x10001e8c                __wrap___aeabi_cdcmple
                0x10001e8c                __wrap___aeabi_cdcmpeq
 .text.__wrap___aeabi_dcmplt
                0x10001ee8        0xc CMakeFiles/test.dir/home/leander/prog/drone/code/pico_test/pico-sdk/src/rp2_common/pico_double/double_aeabi_rp2040.S.obj
                0x10001ee8                __wrap___aeabi_dcmplt
 .text.__wrap___aeabi_dcmpge
                0x10001ef4       0x10 CMakeFiles/test.dir/home/leander/prog/drone/code/pico_test/pico-sdk/src/rp2_common/pico_double/double_aeabi_rp2040.S.obj
                0x10001ef4                __wrap___aeabi_dcmpge
 .text.__wrap___aeabi_dcmpgt
                0x10001f04        0xa CMakeFiles/test.dir/home/leander/prog/drone/code/pico_test/pico-sdk/src/rp2_common/pico_double/double_aeabi_rp2040.S.obj
                0x10001f04                __wrap___aeabi_dcmpgt
 .text.__wrap___aeabi_dcmpun
                0x10001f0e       0x18 CMakeFiles/test.dir/home/leander/prog/drone/code/pico_test/pico-sdk/src/rp2_common/pico_double/double_aeabi_rp2040.S.obj
                0x10001f0e                __wrap___aeabi_dcmpun
 *fill*         0x10001f26        0x2 
 .text.__wrap___aeabi_i2d
                0x10001f28       0x38 CMakeFiles/test.dir/home/leander/prog/drone/code/pico_test/pico-sdk/src/rp2_common/pico_double/double_aeabi_rp2040.S.obj
                0x10001f28                __wrap___aeabi_ui2d
                0x10001f30                __wrap___aeabi_i2d
 .text.__wrap___aeabi_d2iz
                0x10001f60       0x48 CMakeFiles/test.dir/home/leander/prog/drone/code/pico_test/pico-sdk/src/rp2_common/pico_double/double_aeabi_rp2040.S.obj
                0x10001f60                __wrap___aeabi_d2iz
                0x10001f60                double2int_z
 .text.__wrap___aeabi_d2uiz
                0x10001fa8       0x18 CMakeFiles/test.dir/home/leander/prog/drone/code/pico_test/pico-sdk/src/rp2_common/pico_double/double_aeabi_rp2040.S.obj
                0x10001fa8                double2uint
                0x10001fa8                __wrap___aeabi_d2uiz
 .text.__aeabi_double_init
                0x10001fc0       0xa4 CMakeFiles/test.dir/home/leander/prog/drone/code/pico_test/pico-sdk/src/rp2_common/pico_double/double_init_rom_rp2040.c.obj
                0x10001fc0                __aeabi_double_init
 .text.double_table_shim_on_use_helper
                0x10002064       0x2c CMakeFiles/test.dir/home/leander/prog/drone/code/pico_test/pico-sdk/src/rp2_common/pico_double/double_v1_rom_shim_rp2040.S.obj
                0x10002064                double_table_shim_on_use_helper
 .text.__wrap___aeabi_dsub
                0x10002090       0x10 CMakeFiles/test.dir/home/leander/prog/drone/code/pico_test/pico-sdk/src/rp2_common/pico_double/double_v1_rom_shim_rp2040.S.obj
                0x10002090                drsub_shim
                0x10002096                dsub_shim
 .text.dadd_shim
                0x100020a0      0x15c CMakeFiles/test.dir/home/leander/prog/drone/code/pico_test/pico-sdk/src/rp2_common/pico_double/double_v1_rom_shim_rp2040.S.obj
                0x100020a0                dadd_shim
 .text.dmul_shim
                0x100021fc      0x15c CMakeFiles/test.dir/home/leander/prog/drone/code/pico_test/pico-sdk/src/rp2_common/pico_double/double_v1_rom_shim_rp2040.S.obj
                0x100021fc                dmul_shim
 .text.ddiv_shim
                0x10002358      0x1b0 CMakeFiles/test.dir/home/leander/prog/drone/code/pico_test/pico-sdk/src/rp2_common/pico_double/double_v1_rom_shim_rp2040.S.obj
                0x10002358                ddiv_shim
 .text.double2uint_shim
                0x10002508        0xe CMakeFiles/test.dir/home/leander/prog/drone/code/pico_test/pico-sdk/src/rp2_common/pico_double/double_v1_rom_shim_rp2040.S.obj
                0x10002508                double2uint_shim
                0x1000250a                double2ufix_shim
 *fill*         0x10002516        0x2 
 .text.double2uint64_shim
                0x10002518       0x70 CMakeFiles/test.dir/home/leander/prog/drone/code/pico_test/pico-sdk/src/rp2_common/pico_double/double_v1_rom_shim_rp2040.S.obj
                0x10002518                double2uint64_shim
                0x1000251a                double2ufix64_shim
                0x1000253a                d2fix_a
 .text.dunpacks
                0x10002588       0x3c CMakeFiles/test.dir/home/leander/prog/drone/code/pico_test/pico-sdk/src/rp2_common/pico_double/double_v1_rom_shim_rp2040.S.obj
                0x10002588                dunpacks
 .text.__aeabi_lmul
                0x100025c4       0x32 CMakeFiles/test.dir/home/leander/prog/drone/code/pico_test/pico-sdk/src/rp2_common/pico_int64_ops/pico_int64_ops_aeabi.S.obj
                0x100025c4                __wrap___aeabi_lmul
 *fill*         0x100025f6        0x2 
 .text.__aeabi_float_init
                0x100025f8       0x64 CMakeFiles/test.dir/home/leander/prog/drone/code/pico_test/pico-sdk/src/rp2_common/pico_float/float_init_rom_rp2040.c.obj
                0x100025f8                __aeabi_float_init
 .text.float_table_shim_on_use_helper
                0x1000265c       0x2c CMakeFiles/test.dir/home/leander/prog/drone/code/pico_test/pico-sdk/src/rp2_common/pico_float/float_v1_rom_shim_rp2040.S.obj
                0x1000265c                float_table_shim_on_use_helper
 .text          0x10002688       0x10 CMakeFiles/test.dir/home/leander/prog/drone/code/pico_test/pico-sdk/src/rp2_common/pico_mem_ops/mem_ops_aeabi.S.obj
                0x10002688                __aeabi_mem_init
 .text.memset   0x10002698        0xc CMakeFiles/test.dir/home/leander/prog/drone/code/pico_test/pico-sdk/src/rp2_common/pico_mem_ops/mem_ops_aeabi.S.obj
                0x10002698                __wrap_memset
 .text.memcpy   0x100026a4        0xc CMakeFiles/test.dir/home/leander/prog/drone/code/pico_test/pico-sdk/src/rp2_common/pico_mem_ops/mem_ops_aeabi.S.obj
                0x100026a4                __wrap___aeabi_memcpy
                0x100026a4                __wrap_memcpy
 .text._out_null
                0x100026b0        0x4 CMakeFiles/test.dir/home/leander/prog/drone/code/pico_test/pico-sdk/src/rp2_common/pico_printf/printf.c.obj
 .text._out_rev
                0x100026b4       0xac CMakeFiles/test.dir/home/leander/prog/drone/code/pico_test/pico-sdk/src/rp2_common/pico_printf/printf.c.obj
 .text._ntoa_format
                0x10002760      0x250 CMakeFiles/test.dir/home/leander/prog/drone/code/pico_test/pico-sdk/src/rp2_common/pico_printf/printf.c.obj
 .text._out_char
                0x100029b0       0x10 CMakeFiles/test.dir/home/leander/prog/drone/code/pico_test/pico-sdk/src/rp2_common/pico_printf/printf.c.obj
 .text._out_fct
                0x100029c0       0x10 CMakeFiles/test.dir/home/leander/prog/drone/code/pico_test/pico-sdk/src/rp2_common/pico_printf/printf.c.obj
 .text._etoa    0x100029d0      0x464 CMakeFiles/test.dir/home/leander/prog/drone/code/pico_test/pico-sdk/src/rp2_common/pico_printf/printf.c.obj
 .text._ftoa    0x10002e34      0x3c0 CMakeFiles/test.dir/home/leander/prog/drone/code/pico_test/pico-sdk/src/rp2_common/pico_printf/printf.c.obj
 .text._vsnprintf
                0x100031f4      0xbc8 CMakeFiles/test.dir/home/leander/prog/drone/code/pico_test/pico-sdk/src/rp2_common/pico_printf/printf.c.obj
 .text.vfctprintf
                0x10003dbc       0x20 CMakeFiles/test.dir/home/leander/prog/drone/code/pico_test/pico-sdk/src/rp2_common/pico_printf/printf.c.obj
                0x10003dbc                vfctprintf
 .text.weak_raw_vprintf
                0x10003ddc       0x30 CMakeFiles/test.dir/home/leander/prog/drone/code/pico_test/pico-sdk/src/rp2_common/pico_printf/printf.c.obj
                0x10003ddc                weak_raw_vprintf
 .text._exit    0x10003e0c        0x4 CMakeFiles/test.dir/home/leander/prog/drone/code/pico_test/pico-sdk/src/rp2_common/pico_clib_interface/newlib_interface.c.obj
                0x10003e0c                _exit
 .text.exit     0x10003e10        0x8 CMakeFiles/test.dir/home/leander/prog/drone/code/pico_test/pico-sdk/src/rp2_common/pico_clib_interface/newlib_interface.c.obj
                0x10003e10                exit
 .text.runtime_init
                0x10003e18       0x2c CMakeFiles/test.dir/home/leander/prog/drone/code/pico_test/pico-sdk/src/rp2_common/pico_clib_interface/newlib_interface.c.obj
                0x10003e18                runtime_init
 .text.stdio_out_chars_no_crlf
                0x10003e44       0x10 CMakeFiles/test.dir/home/leander/prog/drone/code/pico_test/pico-sdk/src/rp2_common/pico_stdio/stdio.c.obj
 .text.stdio_out_chars_crlf
                0x10003e54       0x94 CMakeFiles/test.dir/home/leander/prog/drone/code/pico_test/pico-sdk/src/rp2_common/pico_stdio/stdio.c.obj
 .text.stdio_buffered_printer
                0x10003ee8       0x64 CMakeFiles/test.dir/home/leander/prog/drone/code/pico_test/pico-sdk/src/rp2_common/pico_stdio/stdio.c.obj
 .text.stdio_put_string
                0x10003f4c      0x100 CMakeFiles/test.dir/home/leander/prog/drone/code/pico_test/pico-sdk/src/rp2_common/pico_stdio/stdio.c.obj
                0x10003f4c                stdio_put_string
 .text.stdio_get_until
                0x1000404c       0x84 CMakeFiles/test.dir/home/leander/prog/drone/code/pico_test/pico-sdk/src/rp2_common/pico_stdio/stdio.c.obj
                0x1000404c                stdio_get_until
 .text.stdio_set_driver_enabled
                0x100040d0       0x30 CMakeFiles/test.dir/home/leander/prog/drone/code/pico_test/pico-sdk/src/rp2_common/pico_stdio/stdio.c.obj
                0x100040d0                stdio_set_driver_enabled
 .text.stdio_flush
                0x10004100       0x28 CMakeFiles/test.dir/home/leander/prog/drone/code/pico_test/pico-sdk/src/rp2_common/pico_stdio/stdio.c.obj
                0x10004100                stdio_flush
 .text.__wrap_putchar
                0x10004128       0x98 CMakeFiles/test.dir/home/leander/prog/drone/code/pico_test/pico-sdk/src/rp2_common/pico_stdio/stdio.c.obj
                0x10004128                stdio_putchar
                0x10004128                __wrap_putchar
 .text.__wrap_puts
                0x100041c0       0x3c CMakeFiles/test.dir/home/leander/prog/drone/code/pico_test/pico-sdk/src/rp2_common/pico_stdio/stdio.c.obj
                0x100041c0                __wrap_puts
                0x100041c0                stdio_puts
 .text.__wrap_vprintf
                0x100041fc       0xd4 CMakeFiles/test.dir/home/leander/prog/drone/code/pico_test/pico-sdk/src/rp2_common/pico_stdio/stdio.c.obj
                0x100041fc                __wrap_vprintf
                0x100041fc                stdio_vprintf
 .text.__wrap_printf
                0x100042d0       0x18 CMakeFiles/test.dir/home/leander/prog/drone/code/pico_test/pico-sdk/src/rp2_common/pico_stdio/stdio.c.obj
                0x100042d0                stdio_printf
                0x100042d0                __wrap_printf
 .text.resetd_init
                0x100042e8        0x4 CMakeFiles/test.dir/home/leander/prog/drone/code/pico_test/pico-sdk/src/rp2_common/pico_stdio_usb/reset_interface.c.obj
 .text.resetd_reset
                0x100042ec        0xc CMakeFiles/test.dir/home/leander/prog/drone/code/pico_test/pico-sdk/src/rp2_common/pico_stdio_usb/reset_interface.c.obj
 .text.resetd_open
                0x100042f8       0x28 CMakeFiles/test.dir/home/leander/prog/drone/code/pico_test/pico-sdk/src/rp2_common/pico_stdio_usb/reset_interface.c.obj
 .text.resetd_xfer_cb
                0x10004320        0x4 CMakeFiles/test.dir/home/leander/prog/drone/code/pico_test/pico-sdk/src/rp2_common/pico_stdio_usb/reset_interface.c.obj
 .text.resetd_control_xfer_cb
                0x10004324       0x54 CMakeFiles/test.dir/home/leander/prog/drone/code/pico_test/pico-sdk/src/rp2_common/pico_stdio_usb/reset_interface.c.obj
 .text.tud_descriptor_bos_cb
                0x10004378        0x8 CMakeFiles/test.dir/home/leander/prog/drone/code/pico_test/pico-sdk/src/rp2_common/pico_stdio_usb/reset_interface.c.obj
                0x10004378                tud_descriptor_bos_cb
 .text.tud_vendor_control_xfer_cb
                0x10004380       0x34 CMakeFiles/test.dir/home/leander/prog/drone/code/pico_test/pico-sdk/src/rp2_common/pico_stdio_usb/reset_interface.c.obj
                0x10004380                tud_vendor_control_xfer_cb
 .text.usbd_app_driver_get_cb
                0x100043b4        0xc CMakeFiles/test.dir/home/leander/prog/drone/code/pico_test/pico-sdk/src/rp2_common/pico_stdio_usb/reset_interface.c.obj
                0x100043b4                usbd_app_driver_get_cb
 .text.tud_cdc_line_coding_cb
                0x100043c0       0x28 CMakeFiles/test.dir/home/leander/prog/drone/code/pico_test/pico-sdk/src/rp2_common/pico_stdio_usb/reset_interface.c.obj
                0x100043c0                tud_cdc_line_coding_cb
 .text.stdio_usb_set_chars_available_callback
                0x100043e8       0x14 CMakeFiles/test.dir/home/leander/prog/drone/code/pico_test/pico-sdk/src/rp2_common/pico_stdio_usb/stdio_usb.c.obj
                0x100043e8                stdio_usb_set_chars_available_callback
 .text.usb_irq  0x100043fc       0x10 CMakeFiles/test.dir/home/leander/prog/drone/code/pico_test/pico-sdk/src/rp2_common/pico_stdio_usb/stdio_usb.c.obj
 .text.timer_task
                0x1000440c       0x64 CMakeFiles/test.dir/home/leander/prog/drone/code/pico_test/pico-sdk/src/rp2_common/pico_stdio_usb/stdio_usb.c.obj
 .text.stdio_usb_in_chars
                0x10004470       0x90 CMakeFiles/test.dir/home/leander/prog/drone/code/pico_test/pico-sdk/src/rp2_common/pico_stdio_usb/stdio_usb.c.obj
                0x10004470                stdio_usb_in_chars
 .text.stdio_usb_out_flush
                0x10004500       0x50 CMakeFiles/test.dir/home/leander/prog/drone/code/pico_test/pico-sdk/src/rp2_common/pico_stdio_usb/stdio_usb.c.obj
 .text.stdio_usb_out_chars
                0x10004550      0x104 CMakeFiles/test.dir/home/leander/prog/drone/code/pico_test/pico-sdk/src/rp2_common/pico_stdio_usb/stdio_usb.c.obj
 .text.low_priority_worker_irq
                0x10004654       0xcc CMakeFiles/test.dir/home/leander/prog/drone/code/pico_test/pico-sdk/src/rp2_common/pico_stdio_usb/stdio_usb.c.obj
 .text.stdio_usb_init
                0x10004720       0xe8 CMakeFiles/test.dir/home/leander/prog/drone/code/pico_test/pico-sdk/src/rp2_common/pico_stdio_usb/stdio_usb.c.obj
                0x10004720                stdio_usb_init
 .text.stdio_usb_connected
                0x10004808        0xc CMakeFiles/test.dir/home/leander/prog/drone/code/pico_test/pico-sdk/src/rp2_common/pico_stdio_usb/stdio_usb.c.obj
                0x10004808                stdio_usb_connected
 .text.tud_descriptor_device_cb
                0x10004814        0x8 CMakeFiles/test.dir/home/leander/prog/drone/code/pico_test/pico-sdk/src/rp2_common/pico_stdio_usb/stdio_usb_descriptors.c.obj
                0x10004814                tud_descriptor_device_cb
 .text.tud_descriptor_configuration_cb
                0x1000481c        0x8 CMakeFiles/test.dir/home/leander/prog/drone/code/pico_test/pico-sdk/src/rp2_common/pico_stdio_usb/stdio_usb_descriptors.c.obj
                0x1000481c                tud_descriptor_configuration_cb
 .text.tud_descriptor_string_cb
                0x10004824       0x78 CMakeFiles/test.dir/home/leander/prog/drone/code/pico_test/pico-sdk/src/rp2_common/pico_stdio_usb/stdio_usb_descriptors.c.obj
                0x10004824                tud_descriptor_string_cb
 .text.startup._retrieve_unique_id_on_boot
                0x1000489c       0x10 CMakeFiles/test.dir/home/leander/prog/drone/code/pico_test/pico-sdk/src/rp2_common/pico_unique_id/unique_id.c.obj
 .text.pico_get_unique_board_id_string
                0x100048ac      0x1a8 CMakeFiles/test.dir/home/leander/prog/drone/code/pico_test/pico-sdk/src/rp2_common/pico_unique_id/unique_id.c.obj
                0x100048ac                pico_get_unique_board_id_string
 .text.flash_get_unique_id
                0x10004a54       0x3c CMakeFiles/test.dir/home/leander/prog/drone/code/pico_test/pico-sdk/src/rp2_common/hardware_flash/flash.c.obj
                0x10004a54                flash_get_unique_id
 .text.dcd_init
                0x10004a90       0x8c CMakeFiles/test.dir/home/leander/prog/drone/code/pico_test/pico-sdk/lib/tinyusb/src/portable/raspberrypi/rp2040/dcd_rp2040.c.obj
                0x10004a90                dcd_init
 .text.dcd_int_enable
                0x10004b1c        0xc CMakeFiles/test.dir/home/leander/prog/drone/code/pico_test/pico-sdk/lib/tinyusb/src/portable/raspberrypi/rp2040/dcd_rp2040.c.obj
                0x10004b1c                dcd_int_enable
 .text.dcd_set_address
                0x10004b28       0x14 CMakeFiles/test.dir/home/leander/prog/drone/code/pico_test/pico-sdk/lib/tinyusb/src/portable/raspberrypi/rp2040/dcd_rp2040.c.obj
                0x10004b28                dcd_set_address
 .text.dcd_sof_enable
                0x10004b3c       0x1c CMakeFiles/test.dir/home/leander/prog/drone/code/pico_test/pico-sdk/lib/tinyusb/src/portable/raspberrypi/rp2040/dcd_rp2040.c.obj
                0x10004b3c                dcd_sof_enable
 .text.dcd_edpt0_status_complete
                0x10004b58       0x1c CMakeFiles/test.dir/home/leander/prog/drone/code/pico_test/pico-sdk/lib/tinyusb/src/portable/raspberrypi/rp2040/dcd_rp2040.c.obj
                0x10004b58                dcd_edpt0_status_complete
 .text.dcd_edpt_open
                0x10004b74      0x108 CMakeFiles/test.dir/home/leander/prog/drone/code/pico_test/pico-sdk/lib/tinyusb/src/portable/raspberrypi/rp2040/dcd_rp2040.c.obj
                0x10004b74                dcd_edpt_open
 .text.dcd_edpt_close_all
                0x10004c7c        0x8 CMakeFiles/test.dir/home/leander/prog/drone/code/pico_test/pico-sdk/lib/tinyusb/src/portable/raspberrypi/rp2040/dcd_rp2040.c.obj
                0x10004c7c                dcd_edpt_close_all
 .text.dcd_edpt_xfer
                0x10004c84       0x24 CMakeFiles/test.dir/home/leander/prog/drone/code/pico_test/pico-sdk/lib/tinyusb/src/portable/raspberrypi/rp2040/dcd_rp2040.c.obj
                0x10004c84                dcd_edpt_xfer
 .text.dcd_edpt_stall
                0x10004ca8       0x34 CMakeFiles/test.dir/home/leander/prog/drone/code/pico_test/pico-sdk/lib/tinyusb/src/portable/raspberrypi/rp2040/dcd_rp2040.c.obj
                0x10004ca8                dcd_edpt_stall
 .text.dcd_edpt_clear_stall
                0x10004cdc       0x30 CMakeFiles/test.dir/home/leander/prog/drone/code/pico_test/pico-sdk/lib/tinyusb/src/portable/raspberrypi/rp2040/dcd_rp2040.c.obj
                0x10004cdc                dcd_edpt_clear_stall
 .text.rp2040_usb_init
                0x10004d0c       0x40 CMakeFiles/test.dir/home/leander/prog/drone/code/pico_test/pico-sdk/lib/tinyusb/src/portable/raspberrypi/rp2040/rp2040_usb.c.obj
                0x10004d0c                rp2040_usb_init
 .text.hw_endpoint_xfer_start
                0x10004d4c       0x40 CMakeFiles/test.dir/home/leander/prog/drone/code/pico_test/pico-sdk/lib/tinyusb/src/portable/raspberrypi/rp2040/rp2040_usb.c.obj
                0x10004d4c                hw_endpoint_xfer_start
 .text.tud_event_hook_cb
                0x10004d8c        0x4 CMakeFiles/test.dir/home/leander/prog/drone/code/pico_test/pico-sdk/lib/tinyusb/src/device/usbd.c.obj
                0x10004d8c                tud_event_hook_cb
 .text.tud_sof_cb
                0x10004d90        0x4 CMakeFiles/test.dir/home/leander/prog/drone/code/pico_test/pico-sdk/lib/tinyusb/src/device/usbd.c.obj
                0x10004d90                tud_sof_cb
 .text.tud_descriptor_device_qualifier_cb
                0x10004d94        0x4 CMakeFiles/test.dir/home/leander/prog/drone/code/pico_test/pico-sdk/lib/tinyusb/src/device/usbd.c.obj
                0x10004d94                tud_descriptor_device_qualifier_cb
 .text.tud_descriptor_other_speed_configuration_cb
                0x10004d98        0x4 CMakeFiles/test.dir/home/leander/prog/drone/code/pico_test/pico-sdk/lib/tinyusb/src/device/usbd.c.obj
                0x10004d98                tud_descriptor_other_speed_configuration_cb
 .text.tud_mount_cb
                0x10004d9c        0x4 CMakeFiles/test.dir/home/leander/prog/drone/code/pico_test/pico-sdk/lib/tinyusb/src/device/usbd.c.obj
                0x10004d9c                tud_mount_cb
 .text.tud_umount_cb
                0x10004da0        0x4 CMakeFiles/test.dir/home/leander/prog/drone/code/pico_test/pico-sdk/lib/tinyusb/src/device/usbd.c.obj
                0x10004da0                tud_umount_cb
 .text.tud_suspend_cb
                0x10004da4        0x4 CMakeFiles/test.dir/home/leander/prog/drone/code/pico_test/pico-sdk/lib/tinyusb/src/device/usbd.c.obj
                0x10004da4                tud_suspend_cb
 .text.tud_resume_cb
                0x10004da8        0x4 CMakeFiles/test.dir/home/leander/prog/drone/code/pico_test/pico-sdk/lib/tinyusb/src/device/usbd.c.obj
                0x10004da8                tud_resume_cb
 .text.tud_mounted
                0x10004dac       0x10 CMakeFiles/test.dir/home/leander/prog/drone/code/pico_test/pico-sdk/lib/tinyusb/src/device/usbd.c.obj
                0x10004dac                tud_mounted
 .text.tud_suspended
                0x10004dbc       0x10 CMakeFiles/test.dir/home/leander/prog/drone/code/pico_test/pico-sdk/lib/tinyusb/src/device/usbd.c.obj
                0x10004dbc                tud_suspended
 .text.tud_init
                0x10004dcc       0xe4 CMakeFiles/test.dir/home/leander/prog/drone/code/pico_test/pico-sdk/lib/tinyusb/src/device/usbd.c.obj
                0x10004dcc                tud_init
 .text.tud_task_ext
                0x10004eb0      0x800 CMakeFiles/test.dir/home/leander/prog/drone/code/pico_test/pico-sdk/lib/tinyusb/src/device/usbd.c.obj
                0x10004eb0                tud_task_ext
 .text.usbd_open_edpt_pair
                0x100056b0       0x9c CMakeFiles/test.dir/home/leander/prog/drone/code/pico_test/pico-sdk/lib/tinyusb/src/device/usbd.c.obj
                0x100056b0                usbd_open_edpt_pair
 .text.usbd_edpt_open
                0x1000574c       0x34 CMakeFiles/test.dir/home/leander/prog/drone/code/pico_test/pico-sdk/lib/tinyusb/src/device/usbd.c.obj
                0x1000574c                usbd_edpt_open
 .text.usbd_edpt_claim
                0x10005780       0x28 CMakeFiles/test.dir/home/leander/prog/drone/code/pico_test/pico-sdk/lib/tinyusb/src/device/usbd.c.obj
                0x10005780                usbd_edpt_claim
 .text.usbd_edpt_release
                0x100057a8       0x28 CMakeFiles/test.dir/home/leander/prog/drone/code/pico_test/pico-sdk/lib/tinyusb/src/device/usbd.c.obj
                0x100057a8                usbd_edpt_release
 .text.usbd_edpt_xfer
                0x100057d0       0x4c CMakeFiles/test.dir/home/leander/prog/drone/code/pico_test/pico-sdk/lib/tinyusb/src/device/usbd.c.obj
                0x100057d0                usbd_edpt_xfer
 .text.tud_control_status
                0x1000581c       0x2c CMakeFiles/test.dir/home/leander/prog/drone/code/pico_test/pico-sdk/lib/tinyusb/src/device/usbd_control.c.obj
                0x1000581c                tud_control_status
 .text.tud_control_xfer
                0x10005848       0xac CMakeFiles/test.dir/home/leander/prog/drone/code/pico_test/pico-sdk/lib/tinyusb/src/device/usbd_control.c.obj
                0x10005848                tud_control_xfer
 .text.usbd_control_reset
                0x100058f4       0x14 CMakeFiles/test.dir/home/leander/prog/drone/code/pico_test/pico-sdk/lib/tinyusb/src/device/usbd_control.c.obj
                0x100058f4                usbd_control_reset
 .text.usbd_control_set_complete_callback
                0x10005908        0xc CMakeFiles/test.dir/home/leander/prog/drone/code/pico_test/pico-sdk/lib/tinyusb/src/device/usbd_control.c.obj
                0x10005908                usbd_control_set_complete_callback
 .text.usbd_control_set_request
                0x10005914       0x1c CMakeFiles/test.dir/home/leander/prog/drone/code/pico_test/pico-sdk/lib/tinyusb/src/device/usbd_control.c.obj
                0x10005914                usbd_control_set_request
 .text.usbd_control_xfer_cb
                0x10005930       0xec CMakeFiles/test.dir/home/leander/prog/drone/code/pico_test/pico-sdk/lib/tinyusb/src/device/usbd_control.c.obj
                0x10005930                usbd_control_xfer_cb
 .text._prep_out_transaction.isra.0
                0x10005a1c       0x5c CMakeFiles/test.dir/home/leander/prog/drone/code/pico_test/pico-sdk/lib/tinyusb/src/class/cdc/cdc_device.c.obj
 .text.tud_cdc_n_connected
                0x10005a78       0x30 CMakeFiles/test.dir/home/leander/prog/drone/code/pico_test/pico-sdk/lib/tinyusb/src/class/cdc/cdc_device.c.obj
                0x10005a78                tud_cdc_n_connected
 .text.tud_cdc_n_available
                0x10005aa8       0x18 CMakeFiles/test.dir/home/leander/prog/drone/code/pico_test/pico-sdk/lib/tinyusb/src/class/cdc/cdc_device.c.obj
                0x10005aa8                tud_cdc_n_available
 .text.tud_cdc_n_read
                0x10005ac0       0x98 CMakeFiles/test.dir/home/leander/prog/drone/code/pico_test/pico-sdk/lib/tinyusb/src/class/cdc/cdc_device.c.obj
                0x10005ac0                tud_cdc_n_read
 .text.tud_cdc_n_write_flush
                0x10005b58       0x78 CMakeFiles/test.dir/home/leander/prog/drone/code/pico_test/pico-sdk/lib/tinyusb/src/class/cdc/cdc_device.c.obj
                0x10005b58                tud_cdc_n_write_flush
 .text.tud_cdc_n_write
                0x10005bd0       0x40 CMakeFiles/test.dir/home/leander/prog/drone/code/pico_test/pico-sdk/lib/tinyusb/src/class/cdc/cdc_device.c.obj
                0x10005bd0                tud_cdc_n_write
 .text.tud_cdc_n_write_available
                0x10005c10       0x18 CMakeFiles/test.dir/home/leander/prog/drone/code/pico_test/pico-sdk/lib/tinyusb/src/class/cdc/cdc_device.c.obj
                0x10005c10                tud_cdc_n_write_available
 .text.cdcd_init
                0x10005c28       0x7c CMakeFiles/test.dir/home/leander/prog/drone/code/pico_test/pico-sdk/lib/tinyusb/src/class/cdc/cdc_device.c.obj
                0x10005c28                cdcd_init
 .text.cdcd_deinit
                0x10005ca4       0x34 CMakeFiles/test.dir/home/leander/prog/drone/code/pico_test/pico-sdk/lib/tinyusb/src/class/cdc/cdc_device.c.obj
                0x10005ca4                cdcd_deinit
 .text.cdcd_reset
                0x10005cd8       0x4c CMakeFiles/test.dir/home/leander/prog/drone/code/pico_test/pico-sdk/lib/tinyusb/src/class/cdc/cdc_device.c.obj
                0x10005cd8                cdcd_reset
 .text.cdcd_open
                0x10005d24       0xb0 CMakeFiles/test.dir/home/leander/prog/drone/code/pico_test/pico-sdk/lib/tinyusb/src/class/cdc/cdc_device.c.obj
                0x10005d24                cdcd_open
 .text.cdcd_control_xfer_cb
                0x10005dd4       0xe4 CMakeFiles/test.dir/home/leander/prog/drone/code/pico_test/pico-sdk/lib/tinyusb/src/class/cdc/cdc_device.c.obj
                0x10005dd4                cdcd_control_xfer_cb
 .text.cdcd_xfer_cb
                0x10005eb8      0x100 CMakeFiles/test.dir/home/leander/prog/drone/code/pico_test/pico-sdk/lib/tinyusb/src/class/cdc/cdc_device.c.obj
                0x10005eb8                cdcd_xfer_cb
 .text.tud_vendor_n_write_flush
                0x10005fb8       0x78 CMakeFiles/test.dir/home/leander/prog/drone/code/pico_test/pico-sdk/lib/tinyusb/src/class/vendor/vendor_device.c.obj
                0x10005fb8                tud_vendor_n_write_flush
 .text.vendord_init
                0x10006030       0x64 CMakeFiles/test.dir/home/leander/prog/drone/code/pico_test/pico-sdk/lib/tinyusb/src/class/vendor/vendor_device.c.obj
                0x10006030                vendord_init
 .text.vendord_deinit
                0x10006094       0x34 CMakeFiles/test.dir/home/leander/prog/drone/code/pico_test/pico-sdk/lib/tinyusb/src/class/vendor/vendor_device.c.obj
                0x10006094                vendord_deinit
 .text.vendord_reset
                0x100060c8       0x1c CMakeFiles/test.dir/home/leander/prog/drone/code/pico_test/pico-sdk/lib/tinyusb/src/class/vendor/vendor_device.c.obj
                0x100060c8                vendord_reset
 .text.vendord_open
                0x100060e4       0xd8 CMakeFiles/test.dir/home/leander/prog/drone/code/pico_test/pico-sdk/lib/tinyusb/src/class/vendor/vendor_device.c.obj
                0x100060e4                vendord_open
 .text.vendord_xfer_cb
                0x100061bc       0xc8 CMakeFiles/test.dir/home/leander/prog/drone/code/pico_test/pico-sdk/lib/tinyusb/src/class/vendor/vendor_device.c.obj
                0x100061bc                vendord_xfer_cb
 .text.tusb_init
                0x10006284        0xc CMakeFiles/test.dir/home/leander/prog/drone/code/pico_test/pico-sdk/lib/tinyusb/src/tusb.c.obj
                0x10006284                tusb_init
 .text.tu_edpt_claim
                0x10006290       0x50 CMakeFiles/test.dir/home/leander/prog/drone/code/pico_test/pico-sdk/lib/tinyusb/src/tusb.c.obj
                0x10006290                tu_edpt_claim
 .text.tu_edpt_release
                0x100062e0       0x38 CMakeFiles/test.dir/home/leander/prog/drone/code/pico_test/pico-sdk/lib/tinyusb/src/tusb.c.obj
                0x100062e0                tu_edpt_release
 .text.tu_edpt_validate
                0x10006318       0x7c CMakeFiles/test.dir/home/leander/prog/drone/code/pico_test/pico-sdk/lib/tinyusb/src/tusb.c.obj
                0x10006318                tu_edpt_validate
 .text.tu_edpt_bind_driver
                0x10006394       0x34 CMakeFiles/test.dir/home/leander/prog/drone/code/pico_test/pico-sdk/lib/tinyusb/src/tusb.c.obj
                0x10006394                tu_edpt_bind_driver
 .text.tu_fifo_config
                0x100063c8       0x6c CMakeFiles/test.dir/home/leander/prog/drone/code/pico_test/pico-sdk/lib/tinyusb/src/common/tusb_fifo.c.obj
                0x100063c8                tu_fifo_config
 .text.tu_fifo_count
                0x10006434       0x2c CMakeFiles/test.dir/home/leander/prog/drone/code/pico_test/pico-sdk/lib/tinyusb/src/common/tusb_fifo.c.obj
                0x10006434                tu_fifo_count
 .text.tu_fifo_empty
                0x10006460       0x10 CMakeFiles/test.dir/home/leander/prog/drone/code/pico_test/pico-sdk/lib/tinyusb/src/common/tusb_fifo.c.obj
                0x10006460                tu_fifo_empty
 .text.tu_fifo_remaining
                0x10006470       0x2c CMakeFiles/test.dir/home/leander/prog/drone/code/pico_test/pico-sdk/lib/tinyusb/src/common/tusb_fifo.c.obj
                0x10006470                tu_fifo_remaining
 .text.tu_fifo_read
                0x1000649c       0x9c CMakeFiles/test.dir/home/leander/prog/drone/code/pico_test/pico-sdk/lib/tinyusb/src/common/tusb_fifo.c.obj
                0x1000649c                tu_fifo_read
 .text.tu_fifo_read_n
                0x10006538       0xe8 CMakeFiles/test.dir/home/leander/prog/drone/code/pico_test/pico-sdk/lib/tinyusb/src/common/tusb_fifo.c.obj
                0x10006538                tu_fifo_read_n
 .text.tu_fifo_write
                0x10006620       0xa8 CMakeFiles/test.dir/home/leander/prog/drone/code/pico_test/pico-sdk/lib/tinyusb/src/common/tusb_fifo.c.obj
                0x10006620                tu_fifo_write
 .text.tu_fifo_write_n
                0x100066c8      0x178 CMakeFiles/test.dir/home/leander/prog/drone/code/pico_test/pico-sdk/lib/tinyusb/src/common/tusb_fifo.c.obj
                0x100066c8                tu_fifo_write_n
 .text.tu_fifo_clear
                0x10006840       0x40 CMakeFiles/test.dir/home/leander/prog/drone/code/pico_test/pico-sdk/lib/tinyusb/src/common/tusb_fifo.c.obj
                0x10006840                tu_fifo_clear
 .text.tu_fifo_set_overwritable
                0x10006880       0x48 CMakeFiles/test.dir/home/leander/prog/drone/code/pico_test/pico-sdk/lib/tinyusb/src/common/tusb_fifo.c.obj
                0x10006880                tu_fifo_set_overwritable
 .text.spi_init
                0x100068c8      0x13c CMakeFiles/test.dir/home/leander/prog/drone/code/pico_test/pico-sdk/src/rp2_common/hardware_spi/spi.c.obj
                0x100068c8                spi_init
 .text          0x10006a04       0x10 /usr/lib/gcc/arm-none-eabi/13.2.1/../../../arm-none-eabi/lib/thumb/v6-m/nofp/libg.a(libc_a-atexit.o)
                0x10006a04                atexit
 .text          0x10006a14       0x5c /usr/lib/gcc/arm-none-eabi/13.2.1/../../../arm-none-eabi/lib/thumb/v6-m/nofp/libg.a(libc_a-strlen-stub.o)
                0x10006a14                strlen
 .text          0x10006a70       0x28 /usr/lib/gcc/arm-none-eabi/13.2.1/../../../arm-none-eabi/lib/thumb/v6-m/nofp/libg.a(libc_a-fini.o)
                0x10006a70                __libc_fini_array
 .text          0x10006a98       0x78 /usr/lib/gcc/arm-none-eabi/13.2.1/../../../arm-none-eabi/lib/thumb/v6-m/nofp/libg.a(libc_a-__atexit.o)
                0x10006a98                __register_exitproc
 .text.startup  0x10006b10       0x18 /usr/lib/gcc/arm-none-eabi/13.2.1/../../../arm-none-eabi/lib/thumb/v6-m/nofp/libg.a(libc_a-__call_atexit.o)
 *(.fini)
 .fini          0x10006b28        0x4 /usr/lib/gcc/arm-none-eabi/13.2.1/thumb/v6-m/nofp/crti.o
                0x10006b28                _fini
 *fill*         0x10006b2c        0x4 
 .fini.__stub   0x10006b30       0xc0 linker stubs
 *crtbegin.o(.ctors)
 *crtbegin?.o(.ctors)
 *(EXCLUDE_FILE(*crtend.o *crtend?.o) .ctors)
 *(SORT_BY_NAME(.ctors.*))
 *(.ctors)
 *crtbegin.o(.dtors)
 *crtbegin?.o(.dtors)
 *(EXCLUDE_FILE(*crtend.o *crtend?.o) .dtors)
 *(SORT_BY_NAME(.dtors.*))
 *(.dtors)
                0x10006bf0                        . = ALIGN (0x4)
                0x10006bf0                        PROVIDE (__preinit_array_start = .)
 *(SORT_BY_NAME(.preinit_array.*))
 .preinit_array.00100
                0x10006bf0        0x4 CMakeFiles/test.dir/home/leander/prog/drone/code/pico_test/pico-sdk/src/rp2_common/pico_runtime_init/runtime_init.c.obj
                0x10006bf0                __pre_init_runtime_init_early_resets
 .preinit_array.00101
                0x10006bf4        0x4 CMakeFiles/test.dir/home/leander/prog/drone/code/pico_test/pico-sdk/src/rp2_common/pico_runtime_init/runtime_init.c.obj
                0x10006bf4                __pre_init_runtime_init_usb_power_down
 .preinit_array.00275
                0x10006bf8        0x4 CMakeFiles/test.dir/home/leander/prog/drone/code/pico_test/pico-sdk/src/rp2_common/pico_bit_ops/bit_ops_aeabi.S.obj
 .preinit_array.00300
                0x10006bfc        0x4 CMakeFiles/test.dir/home/leander/prog/drone/code/pico_test/pico-sdk/src/rp2_common/pico_mem_ops/mem_ops_aeabi.S.obj
 .preinit_array.00350
                0x10006c00        0x4 CMakeFiles/test.dir/home/leander/prog/drone/code/pico_test/pico-sdk/src/rp2_common/pico_double/double_aeabi_rp2040.S.obj
 .preinit_array.00350
                0x10006c04        0x4 CMakeFiles/test.dir/home/leander/prog/drone/code/pico_test/pico-sdk/src/rp2_common/pico_float/float_aeabi_rp2040.S.obj
 .preinit_array.00500
                0x10006c08        0x4 CMakeFiles/test.dir/home/leander/prog/drone/code/pico_test/pico-sdk/src/rp2_common/pico_runtime_init/runtime_init.c.obj
                0x10006c08                __pre_init_runtime_init_clocks
 .preinit_array.00600
                0x10006c0c        0x4 CMakeFiles/test.dir/home/leander/prog/drone/code/pico_test/pico-sdk/src/rp2_common/pico_runtime_init/runtime_init.c.obj
                0x10006c0c                __pre_init_runtime_init_post_clock_resets
 .preinit_array.00700
                0x10006c10        0x4 CMakeFiles/test.dir/home/leander/prog/drone/code/pico_test/pico-sdk/src/rp2_common/pico_runtime_init/runtime_init.c.obj
                0x10006c10                __pre_init_runtime_init_rp2040_gpio_ie_disable
 .preinit_array.01000
                0x10006c14        0x4 CMakeFiles/test.dir/home/leander/prog/drone/code/pico_test/pico-sdk/src/rp2_common/pico_runtime_init/runtime_init.c.obj
                0x10006c14                __pre_init_runtime_init_spin_locks_reset
 .preinit_array.01100
                0x10006c18        0x4 CMakeFiles/test.dir/home/leander/prog/drone/code/pico_test/pico-sdk/src/common/pico_sync/mutex.c.obj
                0x10006c18                __pre_init_runtime_init_mutex
 .preinit_array.10080
                0x10006c1c        0x4 CMakeFiles/test.dir/home/leander/prog/drone/code/pico_test/pico-sdk/src/rp2_common/pico_runtime_init/runtime_init.c.obj
                0x10006c1c                __pre_init_runtime_init_install_ram_vector_table
 .preinit_array.11000
                0x10006c20        0x4 CMakeFiles/test.dir/home/leander/prog/drone/code/pico_test/pico-sdk/src/common/pico_time/time.c.obj
                0x10006c20                __pre_init_runtime_init_default_alarm_pool
 .preinit_array.YYYYY
                0x10006c24        0x4 CMakeFiles/test.dir/home/leander/prog/drone/code/pico_test/pico-sdk/src/rp2_common/pico_runtime/runtime.c.obj
                0x10006c24                __pre_init_first_per_core_initializer
 .preinit_array.ZZZZZ.01200
                0x10006c28        0x4 CMakeFiles/test.dir/home/leander/prog/drone/code/pico_test/pico-sdk/src/rp2_common/hardware_irq/irq.c.obj
                0x10006c28                __pre_init_runtime_init_per_core_irq_priorities
 *(.preinit_array)
                0x10006c2c                        PROVIDE (__preinit_array_end = .)
                0x10006c2c                        . = ALIGN (0x4)
                0x10006c2c                        PROVIDE (__init_array_start = .)
 *(SORT_BY_NAME(.init_array.*))
 .init_array.00000
                0x10006c2c        0x4 /usr/lib/gcc/arm-none-eabi/13.2.1/../../../arm-none-eabi/lib/thumb/v6-m/nofp/libg.a(libc_a-__call_atexit.o)
 *(.init_array)
 .init_array    0x10006c30        0x4 /usr/lib/gcc/arm-none-eabi/13.2.1/thumb/v6-m/nofp/crtbegin.o
 .init_array    0x10006c34        0x4 CMakeFiles/test.dir/home/leander/prog/drone/code/pico_test/pico-sdk/src/rp2_common/pico_unique_id/unique_id.c.obj
                0x10006c38                        PROVIDE (__init_array_end = .)
                0x10006c38                        . = ALIGN (0x4)
                0x10006c38                        PROVIDE (__fini_array_start = .)
 *(SORT_BY_NAME(.fini_array.*))
 *(.fini_array)
                0x10006c38                        PROVIDE (__fini_array_end = .)
 *(.eh_frame*)
 .eh_frame      0x10006c38        0x0 /usr/lib/gcc/arm-none-eabi/13.2.1/thumb/v6-m/nofp/crtbegin.o
                0x10006c38                        . = ALIGN (0x4)

.glue_7         0x10006c38        0x0
 .glue_7        0x10006c38        0x0 linker stubs

.glue_7t        0x10006c38        0x0
 .glue_7t       0x10006c38        0x0 linker stubs

.vfp11_veneer   0x10006c38        0x0
 .vfp11_veneer  0x10006c38        0x0 linker stubs

.v4_bx          0x10006c38        0x0
 .v4_bx         0x10006c38        0x0 linker stubs

.iplt           0x10006c38        0x0
 .iplt          0x10006c38        0x0 /usr/lib/gcc/arm-none-eabi/13.2.1/thumb/v6-m/nofp/crtbegin.o

.rodata         0x10006c38      0x61c
 *(EXCLUDE_FILE(*libm.a: *libc.a:*lib_a-mem*.o *libgcc.a:) .rodata*)
 .rodata.setup.str1.4
                0x10006c38      0x180 CMakeFiles/test.dir/src/main.c.obj
                                 0x10 (size before relaxing)
 .rodata.loop.str1.4
                0x10006db8       0x13 CMakeFiles/test.dir/src/main.c.obj
 .rodata.panic.str1.4
                0x10006db8       0x12 CMakeFiles/test.dir/home/leander/prog/drone/code/pico_test/pico-sdk/src/rp2_common/pico_platform_panic/panic.c.obj
 .rodata.spin_lock_claim_unused.str1.4
                0x10006db8       0x1b CMakeFiles/test.dir/home/leander/prog/drone/code/pico_test/pico-sdk/src/rp2_common/hardware_sync/sync.c.obj
 .rodata.user_irq_claim_unused.str1.4
                0x10006db8       0x1b CMakeFiles/test.dir/home/leander/prog/drone/code/pico_test/pico-sdk/src/rp2_common/hardware_irq/irq.c.obj
 .rodata.timer_hardware_alarm_claim.str1.4
                0x10006db8       0x22 CMakeFiles/test.dir/home/leander/prog/drone/code/pico_test/pico-sdk/src/rp2_common/hardware_timer/timer.c.obj
 .rodata.hard_assertion_failure.str1.4
                0x10006db8        0xc CMakeFiles/test.dir/home/leander/prog/drone/code/pico_test/pico-sdk/src/rp2_common/pico_runtime/runtime.c.obj
 .rodata.str1.4
                0x10006db8       0x2c CMakeFiles/test.dir/home/leander/prog/drone/code/pico_test/pico-sdk/src/rp2_common/pico_standard_binary_info/standard_binary_info.c.obj
 .rodata.__bi_84
                0x10006db8        0xc CMakeFiles/test.dir/home/leander/prog/drone/code/pico_test/pico-sdk/src/rp2_common/pico_standard_binary_info/standard_binary_info.c.obj
 .rodata.__bi_54
                0x10006dc4        0xc CMakeFiles/test.dir/home/leander/prog/drone/code/pico_test/pico-sdk/src/rp2_common/pico_standard_binary_info/standard_binary_info.c.obj
 .rodata.__bi_48
                0x10006dd0        0xc CMakeFiles/test.dir/home/leander/prog/drone/code/pico_test/pico-sdk/src/rp2_common/pico_standard_binary_info/standard_binary_info.c.obj
 .rodata.__bi_42
                0x10006ddc        0xc CMakeFiles/test.dir/home/leander/prog/drone/code/pico_test/pico-sdk/src/rp2_common/pico_standard_binary_info/standard_binary_info.c.obj
 .rodata.__bi_34
                0x10006de8        0xc CMakeFiles/test.dir/home/leander/prog/drone/code/pico_test/pico-sdk/src/rp2_common/pico_standard_binary_info/standard_binary_info.c.obj
 .rodata.__bi_26
                0x10006df4        0xc CMakeFiles/test.dir/home/leander/prog/drone/code/pico_test/pico-sdk/src/rp2_common/pico_standard_binary_info/standard_binary_info.c.obj
 .rodata._ftoa.str1.4
                0x10006e00       0x15 CMakeFiles/test.dir/home/leander/prog/drone/code/pico_test/pico-sdk/src/rp2_common/pico_printf/printf.c.obj
 .rodata._vsnprintf
                0x10006e00      0x19c CMakeFiles/test.dir/home/leander/prog/drone/code/pico_test/pico-sdk/src/rp2_common/pico_printf/printf.c.obj
 *fill*         0x10006f9c        0x4 
 .rodata.pow10.0
                0x10006fa0       0x50 CMakeFiles/test.dir/home/leander/prog/drone/code/pico_test/pico-sdk/src/rp2_common/pico_printf/printf.c.obj
 .rodata.crlf_str.0
                0x10006ff0        0x2 CMakeFiles/test.dir/home/leander/prog/drone/code/pico_test/pico-sdk/src/rp2_common/pico_stdio/stdio.c.obj
 *fill*         0x10006ff2        0x2 
 .rodata._resetd_driver
                0x10006ff4       0x20 CMakeFiles/test.dir/home/leander/prog/drone/code/pico_test/pico-sdk/src/rp2_common/pico_stdio_usb/reset_interface.c.obj
 .rodata.desc_ms_os_20
                0x10007014       0xa6 CMakeFiles/test.dir/home/leander/prog/drone/code/pico_test/pico-sdk/src/rp2_common/pico_stdio_usb/reset_interface.c.obj
 *fill*         0x100070ba        0x2 
 .rodata.desc_bos
                0x100070bc       0x21 CMakeFiles/test.dir/home/leander/prog/drone/code/pico_test/pico-sdk/src/rp2_common/pico_stdio_usb/reset_interface.c.obj
                0x100070bc                desc_bos
 .rodata.str1.4
                0x100070dd       0x13 CMakeFiles/test.dir/home/leander/prog/drone/code/pico_test/pico-sdk/src/rp2_common/pico_stdio_usb/stdio_usb.c.obj
 *fill*         0x100070dd        0x3 
 .rodata.__bi_197.0
                0x100070e0        0xc CMakeFiles/test.dir/home/leander/prog/drone/code/pico_test/pico-sdk/src/rp2_common/pico_stdio_usb/stdio_usb.c.obj
 .rodata.str1.4
                0x100070ec       0x2a CMakeFiles/test.dir/home/leander/prog/drone/code/pico_test/pico-sdk/src/rp2_common/pico_stdio_usb/stdio_usb_descriptors.c.obj
 .rodata.usbd_desc_str
                0x100070ec       0x18 CMakeFiles/test.dir/home/leander/prog/drone/code/pico_test/pico-sdk/src/rp2_common/pico_stdio_usb/stdio_usb_descriptors.c.obj
 .rodata.usbd_desc_cfg
                0x10007104       0x54 CMakeFiles/test.dir/home/leander/prog/drone/code/pico_test/pico-sdk/src/rp2_common/pico_stdio_usb/stdio_usb_descriptors.c.obj
 .rodata.usbd_desc_device
                0x10007158       0x12 CMakeFiles/test.dir/home/leander/prog/drone/code/pico_test/pico-sdk/src/rp2_common/pico_stdio_usb/stdio_usb_descriptors.c.obj
 .rodata.str1.4
                0x1000716a       0x14 CMakeFiles/test.dir/home/leander/prog/drone/code/pico_test/pico-sdk/lib/tinyusb/src/portable/raspberrypi/rp2040/dcd_rp2040.c.obj
 .rodata.str1.4
                0x1000716a       0x48 CMakeFiles/test.dir/home/leander/prog/drone/code/pico_test/pico-sdk/lib/tinyusb/src/portable/raspberrypi/rp2040/rp2040_usb.c.obj
 *fill*         0x1000716a        0x2 
 .rodata.tud_task_ext
                0x1000716c       0x8c CMakeFiles/test.dir/home/leander/prog/drone/code/pico_test/pico-sdk/lib/tinyusb/src/device/usbd.c.obj
 .rodata        0x100071f8       0x1c CMakeFiles/test.dir/home/leander/prog/drone/code/pico_test/pico-sdk/lib/tinyusb/src/device/usbd.c.obj
 .rodata._usbd_driver
                0x10007214       0x40 CMakeFiles/test.dir/home/leander/prog/drone/code/pico_test/pico-sdk/lib/tinyusb/src/device/usbd.c.obj
                0x10007254                        . = ALIGN (0x4)
 *(SORT_BY_ALIGNMENT(SORT_BY_NAME(.flashdata*)))
                0x10007254                        . = ALIGN (0x4)

.ARM.extab
 *(.ARM.extab* .gnu.linkonce.armextab.*)
                0x10007254                        __exidx_start = .

.ARM.exidx
 *(.ARM.exidx* .gnu.linkonce.armexidx.*)
                0x10007254                        __exidx_end = .
                0x10007254                        . = ALIGN (0x4)
                0x10007254                        __binary_info_start = .

.binary_info    0x10007254       0x1c
 *(.binary_info.keep.*)
 .binary_info.keep.__bi_ptr84
                0x10007254        0x4 CMakeFiles/test.dir/home/leander/prog/drone/code/pico_test/pico-sdk/src/rp2_common/pico_standard_binary_info/standard_binary_info.c.obj
 .binary_info.keep.__bi_ptr54
                0x10007258        0x4 CMakeFiles/test.dir/home/leander/prog/drone/code/pico_test/pico-sdk/src/rp2_common/pico_standard_binary_info/standard_binary_info.c.obj
 .binary_info.keep.__bi_ptr48
                0x1000725c        0x4 CMakeFiles/test.dir/home/leander/prog/drone/code/pico_test/pico-sdk/src/rp2_common/pico_standard_binary_info/standard_binary_info.c.obj
 .binary_info.keep.__bi_ptr42
                0x10007260        0x4 CMakeFiles/test.dir/home/leander/prog/drone/code/pico_test/pico-sdk/src/rp2_common/pico_standard_binary_info/standard_binary_info.c.obj
 .binary_info.keep.__bi_ptr34
                0x10007264        0x4 CMakeFiles/test.dir/home/leander/prog/drone/code/pico_test/pico-sdk/src/rp2_common/pico_standard_binary_info/standard_binary_info.c.obj
 .binary_info.keep.__bi_ptr26
                0x10007268        0x4 CMakeFiles/test.dir/home/leander/prog/drone/code/pico_test/pico-sdk/src/rp2_common/pico_standard_binary_info/standard_binary_info.c.obj
 *(.binary_info.*)
 .binary_info.__bi_ptr197
                0x1000726c        0x4 CMakeFiles/test.dir/home/leander/prog/drone/code/pico_test/pico-sdk/src/rp2_common/pico_stdio_usb/stdio_usb.c.obj
                0x10007270                        __binary_info_end = .

.rel.dyn        0x10007270        0x0
 .rel.iplt      0x10007270        0x0 /usr/lib/gcc/arm-none-eabi/13.2.1/thumb/v6-m/nofp/crtbegin.o
                0x10007270                        . = ALIGN (0x4)

.ram_vector_table
                0x20000000       0xc0
 *(.ram_vector_table)
 .ram_vector_table
                0x20000000       0xc0 CMakeFiles/test.dir/home/leander/prog/drone/code/pico_test/pico-sdk/src/rp2_common/pico_runtime_init/runtime_init.c.obj
                0x20000000                ram_vector_table

.uninitialized_data
                0x200000c0        0x0
                0x200000c0                        . = ALIGN (0x4)
 *(.uninitialized_data*)

.data           0x200000c0      0xfa0 load address 0x10007270
                0x200000c0                        __data_start__ = .
 *(vtable)
 *(.time_critical*)
 .time_critical.mutex_try_enter
                0x200000c0       0x40 CMakeFiles/test.dir/home/leander/prog/drone/code/pico_test/pico-sdk/src/common/pico_sync/mutex.c.obj
                0x200000c0                mutex_try_enter
 .time_critical.mutex_try_enter_block_until
                0x20000100       0x9c CMakeFiles/test.dir/home/leander/prog/drone/code/pico_test/pico-sdk/src/common/pico_sync/mutex.c.obj
                0x20000100                mutex_try_enter_block_until
 .time_critical.mutex_enter_timeout_ms
                0x2000019c       0x90 CMakeFiles/test.dir/home/leander/prog/drone/code/pico_test/pico-sdk/src/common/pico_sync/mutex.c.obj
                0x2000019c                mutex_enter_timeout_ms
 .time_critical.mutex_exit
                0x2000022c       0x28 CMakeFiles/test.dir/home/leander/prog/drone/code/pico_test/pico-sdk/src/common/pico_sync/mutex.c.obj
                0x2000022c                mutex_exit
 .time_critical.flash_init_boot2_copyout
                0x20000254       0x30 CMakeFiles/test.dir/home/leander/prog/drone/code/pico_test/pico-sdk/src/rp2_common/hardware_flash/flash.c.obj
 .time_critical.flash_enable_xip_via_boot2
                0x20000284        0xc CMakeFiles/test.dir/home/leander/prog/drone/code/pico_test/pico-sdk/src/rp2_common/hardware_flash/flash.c.obj
 .time_critical.flash_cs_force
                0x20000290       0x38 CMakeFiles/test.dir/home/leander/prog/drone/code/pico_test/pico-sdk/src/rp2_common/hardware_flash/flash.c.obj
 .time_critical.flash_do_cmd
                0x200002c8       0xc0 CMakeFiles/test.dir/home/leander/prog/drone/code/pico_test/pico-sdk/src/rp2_common/hardware_flash/flash.c.obj
                0x200002c8                flash_do_cmd
 .time_critical.reset_non_control_endpoints
                0x20000388       0x68 CMakeFiles/test.dir/home/leander/prog/drone/code/pico_test/pico-sdk/lib/tinyusb/src/portable/raspberrypi/rp2040/dcd_rp2040.c.obj
 .time_critical.hw_handle_buff_status
                0x200003f0       0xb0 CMakeFiles/test.dir/home/leander/prog/drone/code/pico_test/pico-sdk/lib/tinyusb/src/portable/raspberrypi/rp2040/dcd_rp2040.c.obj
 .time_critical.dcd_rp2040_irq
                0x200004a0      0x578 CMakeFiles/test.dir/home/leander/prog/drone/code/pico_test/pico-sdk/lib/tinyusb/src/portable/raspberrypi/rp2040/dcd_rp2040.c.obj
 .time_critical.prepare_ep_buffer
                0x20000a18       0xe0 CMakeFiles/test.dir/home/leander/prog/drone/code/pico_test/pico-sdk/lib/tinyusb/src/portable/raspberrypi/rp2040/rp2040_usb.c.obj
 .time_critical.sync_ep_buffer
                0x20000af8       0xa8 CMakeFiles/test.dir/home/leander/prog/drone/code/pico_test/pico-sdk/lib/tinyusb/src/portable/raspberrypi/rp2040/rp2040_usb.c.obj
 .time_critical._hw_endpoint_xfer_sync
                0x20000ba0       0x28 CMakeFiles/test.dir/home/leander/prog/drone/code/pico_test/pico-sdk/lib/tinyusb/src/portable/raspberrypi/rp2040/rp2040_usb.c.obj
 .time_critical.e15_is_bulkin_ep
                0x20000bc8       0x28 CMakeFiles/test.dir/home/leander/prog/drone/code/pico_test/pico-sdk/lib/tinyusb/src/portable/raspberrypi/rp2040/rp2040_usb.c.obj
 .time_critical.e15_is_critical_frame_period
                0x20000bf0       0x34 CMakeFiles/test.dir/home/leander/prog/drone/code/pico_test/pico-sdk/lib/tinyusb/src/portable/raspberrypi/rp2040/rp2040_usb.c.obj
 .time_critical.hw_endpoint_reset_transfer
                0x20000c24        0xc CMakeFiles/test.dir/home/leander/prog/drone/code/pico_test/pico-sdk/lib/tinyusb/src/portable/raspberrypi/rp2040/rp2040_usb.c.obj
                0x20000c24                hw_endpoint_reset_transfer
 .time_critical._hw_endpoint_buffer_control_update32
                0x20000c30       0x50 CMakeFiles/test.dir/home/leander/prog/drone/code/pico_test/pico-sdk/lib/tinyusb/src/portable/raspberrypi/rp2040/rp2040_usb.c.obj
                0x20000c30                _hw_endpoint_buffer_control_update32
 .time_critical.hw_endpoint_start_next_buffer
                0x20000c80       0x6c CMakeFiles/test.dir/home/leander/prog/drone/code/pico_test/pico-sdk/lib/tinyusb/src/portable/raspberrypi/rp2040/rp2040_usb.c.obj
                0x20000c80                hw_endpoint_start_next_buffer
 .time_critical.hw_endpoint_xfer_continue
                0x20000cec       0x40 CMakeFiles/test.dir/home/leander/prog/drone/code/pico_test/pico-sdk/lib/tinyusb/src/portable/raspberrypi/rp2040/rp2040_usb.c.obj
                0x20000cec                hw_endpoint_xfer_continue
 .time_critical.tinyusb
                0x20000d2c      0x1e4 CMakeFiles/test.dir/home/leander/prog/drone/code/pico_test/pico-sdk/lib/tinyusb/src/device/usbd.c.obj
                0x20000d2c                dcd_event_handler
 *(.text*)
 .text          0x20000f10        0x4 /usr/lib/gcc/arm-none-eabi/13.2.1/thumb/v6-m/nofp/libgcc.a(_dvmd_tls.o)
                0x20000f10                __aeabi_ldiv0
                0x20000f10                __aeabi_idiv0
 *fill*         0x20000f14        0x4 
 .text.__stub   0x20000f18       0x80 linker stubs
                0x20000f98                        . = ALIGN (0x4)
 *(.rodata*)
                0x20000f98                        . = ALIGN (0x4)
 *(.data*)
 .data.striped_spin_lock_num
                0x20000f98        0x1 CMakeFiles/test.dir/home/leander/prog/drone/code/pico_test/pico-sdk/src/rp2_common/hardware_sync/sync.c.obj
 *fill*         0x20000f99        0x3 
 .data          0x20000f9c       0x48 CMakeFiles/test.dir/home/leander/prog/drone/code/pico_test/pico-sdk/src/rp2_common/hardware_irq/irq_handler_chain.S.obj
                0x20000f9c                irq_handler_chain_slots
                0x20000fcc                irq_handler_chain_first_slot
                0x20000fd6                irq_handler_chain_remove_tail
 .data.default_alarm_pool
                0x20000fe4       0x18 CMakeFiles/test.dir/home/leander/prog/drone/code/pico_test/pico-sdk/src/common/pico_time/time.c.obj
 *fill*         0x20000ffc        0x4 
 .data.aeabi_bits_funcs
                0x20001000       0x10 CMakeFiles/test.dir/home/leander/prog/drone/code/pico_test/pico-sdk/src/rp2_common/pico_bit_ops/bit_ops_aeabi.S.obj
                0x20001000                aeabi_bits_funcs
                0x20001010                aeabi_bits_funcs_end
 .data.aeabi_mem_funcs
                0x20001010       0x10 CMakeFiles/test.dir/home/leander/prog/drone/code/pico_test/pico-sdk/src/rp2_common/pico_mem_ops/mem_ops_aeabi.S.obj
                0x20001010                aeabi_mem_funcs
                0x20001020                aeabi_mem_funcs_end
 .data.stdio_usb
                0x20001020       0x18 CMakeFiles/test.dir/home/leander/prog/drone/code/pico_test/pico-sdk/src/rp2_common/pico_stdio_usb/stdio_usb.c.obj
                0x20001020                stdio_usb
 .data._usbd_qdef
                0x20001038       0x1c CMakeFiles/test.dir/home/leander/prog/drone/code/pico_test/pico-sdk/lib/tinyusb/src/device/usbd.c.obj
                0x20001038                _usbd_qdef
 .data._usbd_rhport
                0x20001054        0x1 CMakeFiles/test.dir/home/leander/prog/drone/code/pico_test/pico-sdk/lib/tinyusb/src/device/usbd.c.obj
                0x20001058                        . = ALIGN (0x4)
 *fill*         0x20001055        0x3 
 *(.after_data.*)
                0x20001058                        . = ALIGN (0x4)
                0x20001058                        PROVIDE (__mutex_array_start = .)
 *(SORT_BY_NAME(.mutex_array.*))
 *(.mutex_array)
 .mutex_array   0x20001058        0x8 CMakeFiles/test.dir/home/leander/prog/drone/code/pico_test/pico-sdk/src/rp2_common/pico_stdio/stdio.c.obj
                0x20001060                        PROVIDE (__mutex_array_end = .)
                0x20001060                        . = ALIGN (0x4)
 *(.jcr)
                0x20001060                        . = ALIGN (0x4)

.tm_clone_table
                0x20001060        0x0 load address 0x10008210
 .tm_clone_table
                0x20001060        0x0 /usr/lib/gcc/arm-none-eabi/13.2.1/thumb/v6-m/nofp/crtbegin.o
 .tm_clone_table
                0x20001060        0x0 /usr/lib/gcc/arm-none-eabi/13.2.1/thumb/v6-m/nofp/crtend.o

.igot.plt       0x20001060        0x0 load address 0x10008210
 .igot.plt      0x20001060        0x0 /usr/lib/gcc/arm-none-eabi/13.2.1/thumb/v6-m/nofp/crtbegin.o

.tdata          0x20001060        0x0 load address 0x10008210
                0x20001060                        . = ALIGN (0x4)
 *(.tdata .tdata.* .gnu.linkonce.td.*)
                0x20001060                        __tdata_end = .
                0x20001060                        PROVIDE (__data_end__ = .)
                0x10007270                        __etext = LOADADDR (.data)

.tbss           0x20001060        0x0 load address 0x10008210
                0x20001060                        . = ALIGN (0x4)
                0x20001060                        __bss_start__ = .
                0x20001060                        __tls_base = .
 *(.tbss .tbss.* .gnu.linkonce.tb.*)
 *(.tcommon)
                0x20001060                        __tls_end = .

.bss            0x20001060     0x1284 load address 0x10008210
                0x20001060                        . = ALIGN (0x4)
                0x20001060                        __tbss_end = .
 *(SORT_BY_ALIGNMENT(SORT_BY_NAME(.bss*)))
 .bss._vendord_itf
                0x20001060      0x2bc CMakeFiles/test.dir/home/leander/prog/drone/code/pico_test/pico-sdk/lib/tinyusb/src/class/vendor/vendor_device.c.obj
 *fill*         0x2000131c        0x4 
 .bss.default_alarm_pool_entries
                0x20001320      0x180 CMakeFiles/test.dir/home/leander/prog/drone/code/pico_test/pico-sdk/src/common/pico_time/time.c.obj
 .bss.last_avail_time.1
                0x200014a0        0x8 CMakeFiles/test.dir/home/leander/prog/drone/code/pico_test/pico-sdk/src/rp2_common/pico_stdio_usb/stdio_usb.c.obj
 .bss.sd_table  0x200014a8      0x100 CMakeFiles/test.dir/home/leander/prog/drone/code/pico_test/pico-sdk/src/rp2_common/pico_double/double_init_rom_rp2040.c.obj
                0x200014a8                sd_table
 .bss.sf_table  0x200015a8      0x100 CMakeFiles/test.dir/home/leander/prog/drone/code/pico_test/pico-sdk/src/rp2_common/pico_float/float_init_rom_rp2040.c.obj
                0x200015a8                sf_table
 .bss           0x200016a8       0x1c /usr/lib/gcc/arm-none-eabi/13.2.1/thumb/v6-m/nofp/crtbegin.o
 .bss           0x200016c4      0x190 /usr/lib/gcc/arm-none-eabi/13.2.1/../../../arm-none-eabi/lib/thumb/v6-m/nofp/libg.a(libc_a-__atexit.o)
                0x200016c4                __atexit0
 .bss           0x20001854        0x4 /usr/lib/gcc/arm-none-eabi/13.2.1/../../../arm-none-eabi/lib/thumb/v6-m/nofp/libg.a(libc_a-__call_atexit.o)
                0x20001854                __atexit
 .bss._app_driver
                0x20001858        0x4 CMakeFiles/test.dir/home/leander/prog/drone/code/pico_test/pico-sdk/lib/tinyusb/src/device/usbd.c.obj
 .bss._cdcd_fifo_cfg
                0x2000185c        0x1 CMakeFiles/test.dir/home/leander/prog/drone/code/pico_test/pico-sdk/lib/tinyusb/src/class/cdc/cdc_device.c.obj
 *fill*         0x2000185d        0x3 
 .bss._cdcd_itf
                0x20001860      0x2c8 CMakeFiles/test.dir/home/leander/prog/drone/code/pico_test/pico-sdk/lib/tinyusb/src/class/cdc/cdc_device.c.obj
 .bss._ctrl_xfer
                0x20001b28       0x14 CMakeFiles/test.dir/home/leander/prog/drone/code/pico_test/pico-sdk/lib/tinyusb/src/device/usbd_control.c.obj
 .bss._ubsd_mutexdef
                0x20001b3c        0x8 CMakeFiles/test.dir/home/leander/prog/drone/code/pico_test/pico-sdk/lib/tinyusb/src/device/usbd.c.obj
 .bss._usbd_ctrl_buf
                0x20001b44       0x40 CMakeFiles/test.dir/home/leander/prog/drone/code/pico_test/pico-sdk/lib/tinyusb/src/device/usbd_control.c.obj
 .bss._usbd_dev
                0x20001b84       0x54 CMakeFiles/test.dir/home/leander/prog/drone/code/pico_test/pico-sdk/lib/tinyusb/src/device/usbd.c.obj
 .bss._usbd_mutex
                0x20001bd8        0x4 CMakeFiles/test.dir/home/leander/prog/drone/code/pico_test/pico-sdk/lib/tinyusb/src/device/usbd.c.obj
 .bss._usbd_q   0x20001bdc        0x4 CMakeFiles/test.dir/home/leander/prog/drone/code/pico_test/pico-sdk/lib/tinyusb/src/device/usbd.c.obj
 .bss._usbd_qdef_buf
                0x20001be0       0xc0 CMakeFiles/test.dir/home/leander/prog/drone/code/pico_test/pico-sdk/lib/tinyusb/src/device/usbd.c.obj
                0x20001be0                _usbd_qdef_buf
 .bss.boot2_copyout
                0x20001ca0      0x100 CMakeFiles/test.dir/home/leander/prog/drone/code/pico_test/pico-sdk/src/rp2_common/hardware_flash/flash.c.obj
 .bss.chars_available_callback
                0x20001da0        0x4 CMakeFiles/test.dir/home/leander/prog/drone/code/pico_test/pico-sdk/src/rp2_common/pico_stdio_usb/stdio_usb.c.obj
 .bss.chars_available_param
                0x20001da4        0x4 CMakeFiles/test.dir/home/leander/prog/drone/code/pico_test/pico-sdk/src/rp2_common/pico_stdio_usb/stdio_usb.c.obj
 .bss.claimed   0x20001da8        0x4 CMakeFiles/test.dir/home/leander/prog/drone/code/pico_test/pico-sdk/src/rp2_common/hardware_sync/sync.c.obj
 .bss.claimed   0x20001dac        0x1 CMakeFiles/test.dir/home/leander/prog/drone/code/pico_test/pico-sdk/src/rp2_common/hardware_timer/timer.c.obj
 *fill*         0x20001dad        0x3 
 .bss.configured_freq
                0x20001db0       0x28 CMakeFiles/test.dir/home/leander/prog/drone/code/pico_test/pico-sdk/src/rp2_common/hardware_clocks/clocks.c.obj
 .bss.desc_str.0
                0x20001dd8       0x28 CMakeFiles/test.dir/home/leander/prog/drone/code/pico_test/pico-sdk/src/rp2_common/pico_stdio_usb/stdio_usb_descriptors.c.obj
 .bss.drivers   0x20001e00        0x4 CMakeFiles/test.dir/home/leander/prog/drone/code/pico_test/pico-sdk/src/rp2_common/pico_stdio/stdio.c.obj
 .bss.e15_last_sof
                0x20001e04        0x4 CMakeFiles/test.dir/home/leander/prog/drone/code/pico_test/pico-sdk/lib/tinyusb/src/portable/raspberrypi/rp2040/rp2040_usb.c.obj
                0x20001e04                e15_last_sof
 .bss.filter    0x20001e08        0x4 CMakeFiles/test.dir/home/leander/prog/drone/code/pico_test/pico-sdk/src/rp2_common/pico_stdio/stdio.c.obj
 .bss.hw_endpoints
                0x20001e0c      0x400 CMakeFiles/test.dir/home/leander/prog/drone/code/pico_test/pico-sdk/lib/tinyusb/src/portable/raspberrypi/rp2040/dcd_rp2040.c.obj
 .bss.lazy_vsnprintf
                0x2000220c        0x4 CMakeFiles/test.dir/home/leander/prog/drone/code/pico_test/pico-sdk/src/rp2_common/pico_printf/printf.c.obj
 .bss.load_value
                0x20002210        0x4 CMakeFiles/test.dir/home/leander/prog/drone/code/pico_test/pico-sdk/src/rp2_common/hardware_watchdog/watchdog.c.obj
 .bss.message.0
                0x20002214       0x80 CMakeFiles/test.dir/src/main.c.obj
 .bss.next_buffer_ptr
                0x20002294        0x4 CMakeFiles/test.dir/home/leander/prog/drone/code/pico_test/pico-sdk/lib/tinyusb/src/portable/raspberrypi/rp2040/dcd_rp2040.c.obj
 .bss.one_shot_timer_crit_sec
                0x20002298        0x8 CMakeFiles/test.dir/home/leander/prog/drone/code/pico_test/pico-sdk/src/rp2_common/pico_stdio_usb/stdio_usb.c.obj
 .bss.pools     0x200022a0       0x10 CMakeFiles/test.dir/home/leander/prog/drone/code/pico_test/pico-sdk/src/common/pico_time/time.c.obj
 .bss.retrieved_id
                0x200022b0        0x8 CMakeFiles/test.dir/home/leander/prog/drone/code/pico_test/pico-sdk/src/rp2_common/pico_unique_id/unique_id.c.obj
 .bss.sf_clz_func
                0x200022b8        0x4 CMakeFiles/test.dir/home/leander/prog/drone/code/pico_test/pico-sdk/src/rp2_common/pico_double/double_init_rom_rp2040.c.obj
                0x200022b8                sf_clz_func
 .bss.sleep_notifier
                0x200022bc        0x4 CMakeFiles/test.dir/home/leander/prog/drone/code/pico_test/pico-sdk/src/common/pico_time/time.c.obj
 .bss.stdio_usb_mutex
                0x200022c0        0x8 CMakeFiles/test.dir/home/leander/prog/drone/code/pico_test/pico-sdk/src/rp2_common/pico_stdio_usb/stdio_usb.c.obj
 .bss.usbd_serial_str
                0x200022c8       0x11 CMakeFiles/test.dir/home/leander/prog/drone/code/pico_test/pico-sdk/src/rp2_common/pico_stdio_usb/stdio_usb_descriptors.c.obj
 .bss._app_driver_count
                0x200022d9        0x1 CMakeFiles/test.dir/home/leander/prog/drone/code/pico_test/pico-sdk/lib/tinyusb/src/device/usbd.c.obj
 .bss._sof_enable
                0x200022da        0x1 CMakeFiles/test.dir/home/leander/prog/drone/code/pico_test/pico-sdk/lib/tinyusb/src/portable/raspberrypi/rp2040/dcd_rp2040.c.obj
 .bss._usbd_queued_setup
                0x200022db        0x1 CMakeFiles/test.dir/home/leander/prog/drone/code/pico_test/pico-sdk/lib/tinyusb/src/device/usbd.c.obj
 .bss.boot2_copyout_valid
                0x200022dc        0x1 CMakeFiles/test.dir/home/leander/prog/drone/code/pico_test/pico-sdk/src/rp2_common/hardware_flash/flash.c.obj
 .bss.irq_handler_chain_free_slot_head
                0x200022dd        0x1 CMakeFiles/test.dir/home/leander/prog/drone/code/pico_test/pico-sdk/src/rp2_common/hardware_irq/irq.c.obj
 .bss.itf_num   0x200022de        0x1 CMakeFiles/test.dir/home/leander/prog/drone/code/pico_test/pico-sdk/src/rp2_common/pico_stdio_usb/reset_interface.c.obj
 .bss.low_priority_irq_num
                0x200022df        0x1 CMakeFiles/test.dir/home/leander/prog/drone/code/pico_test/pico-sdk/src/rp2_common/pico_stdio_usb/stdio_usb.c.obj
 .bss.one_shot_timer_pending
                0x200022e0        0x1 CMakeFiles/test.dir/home/leander/prog/drone/code/pico_test/pico-sdk/src/rp2_common/pico_stdio_usb/stdio_usb.c.obj
 .bss.user_irq_claimed
                0x200022e1        0x1 CMakeFiles/test.dir/home/leander/prog/drone/code/pico_test/pico-sdk/src/rp2_common/hardware_irq/irq.c.obj
 *(COMMON)
                0x200022e4                        . = ALIGN (0x4)
 *fill*         0x200022e2        0x2 
                0x200022e4                        __bss_end__ = .

.heap           0x200022e4    0x3dd1c load address 0x10008210
                0x200022e4                        __end__ = .
                0x200022e4                        end = __end__
 *(.heap*)
 .heap          0x200022e4      0x800 CMakeFiles/test.dir/home/leander/prog/drone/code/pico_test/pico-sdk/src/rp2_common/pico_crt0/crt0.S.obj
                0x20040000                        . = (ORIGIN (RAM) + LENGTH (RAM))
 *fill*         0x20002ae4    0x3d51c 
                0x20040000                        __HeapLimit = .

.scratch_x      0x20040000        0x0 load address 0x10008210
                0x20040000                        __scratch_x_start__ = .
 *(.scratch_x.*)
                0x20040000                        . = ALIGN (0x4)
                0x20040000                        __scratch_x_end__ = .
                0x10008210                        __scratch_x_source__ = LOADADDR (.scratch_x)

.scratch_y      0x20041000        0x0 load address 0x10008210
                0x20041000                        __scratch_y_start__ = .
 *(.scratch_y.*)
                0x20041000                        . = ALIGN (0x4)
                0x20041000                        __scratch_y_end__ = .
                0x10008210                        __scratch_y_source__ = LOADADDR (.scratch_y)

.stack1_dummy
 *(.stack1*)

.stack_dummy    0x20041000      0x800
 *(.stack*)
 .stack         0x20041000      0x800 CMakeFiles/test.dir/home/leander/prog/drone/code/pico_test/pico-sdk/src/rp2_common/pico_crt0/crt0.S.obj

.flash_end      0x10008210        0x0
 *(.embedded_end_block*)
                0x10008210                        PROVIDE (__flash_binary_end = .)
                0x20040000                        __StackLimit = (ORIGIN (RAM) + LENGTH (RAM))
                0x20041000                        __StackOneTop = (ORIGIN (SCRATCH_X) + LENGTH (SCRATCH_X))
                0x20042000                        __StackTop = (ORIGIN (SCRATCH_Y) + LENGTH (SCRATCH_Y))
                0x20041000                        __StackOneBottom = (__StackOneTop - SIZEOF (.stack1_dummy))
                0x20041800                        __StackBottom = (__StackTop - SIZEOF (.stack_dummy))
                0x20042000                        PROVIDE (__stack = __StackTop)
                [!provide]                        PROVIDE (__heap_start = __end__)
                [!provide]                        PROVIDE (__heap_end = __HeapLimit)
                [!provide]                        PROVIDE (__tls_align = MAX (ALIGNOF (.tdata), ALIGNOF (.tbss)))
                [!provide]                        PROVIDE (__tls_size_align = (((__tls_size + __tls_align) - 0x1) & ~ ((__tls_align - 0x1))))
                [!provide]                        PROVIDE (__arm32_tls_tcb_offset = MAX (0x8, __tls_align))
                [!provide]                        PROVIDE (_end = __end__)
                [!provide]                        PROVIDE (__llvm_libc_heap_limit = __HeapLimit)
                0x00000001                        ASSERT ((__StackLimit >= __HeapLimit), region RAM overflowed)
                0x00000001                        ASSERT (((__binary_info_header_end - __logical_binary_start) <= 0x100), Binary info must be in first 256 bytes of the binary)
LOAD CMakeFiles/test.dir/src/main.c.obj
LOAD CMakeFiles/test.dir/src/nrf24.c.obj
LOAD CMakeFiles/test.dir/home/leander/prog/drone/code/pico_test/pico-sdk/src/rp2_common/pico_stdlib/stdlib.c.obj
LOAD CMakeFiles/test.dir/home/leander/prog/drone/code/pico_test/pico-sdk/src/rp2_common/hardware_gpio/gpio.c.obj
LOAD CMakeFiles/test.dir/home/leander/prog/drone/code/pico_test/pico-sdk/src/rp2040/pico_platform/platform.c.obj
LOAD CMakeFiles/test.dir/home/leander/prog/drone/code/pico_test/pico-sdk/src/rp2_common/pico_platform_panic/panic.c.obj
LOAD CMakeFiles/test.dir/home/leander/prog/drone/code/pico_test/pico-sdk/src/common/hardware_claim/claim.c.obj
LOAD CMakeFiles/test.dir/home/leander/prog/drone/code/pico_test/pico-sdk/src/rp2_common/hardware_sync/sync.c.obj
LOAD CMakeFiles/test.dir/home/leander/prog/drone/code/pico_test/pico-sdk/src/rp2_common/hardware_sync_spin_lock/sync_spin_lock.c.obj
LOAD CMakeFiles/test.dir/home/leander/prog/drone/code/pico_test/pico-sdk/src/rp2_common/hardware_irq/irq.c.obj
LOAD CMakeFiles/test.dir/home/leander/prog/drone/code/pico_test/pico-sdk/src/rp2_common/hardware_irq/irq_handler_chain.S.obj
LOAD CMakeFiles/test.dir/home/leander/prog/drone/code/pico_test/pico-sdk/src/common/pico_sync/sem.c.obj
LOAD CMakeFiles/test.dir/home/leander/prog/drone/code/pico_test/pico-sdk/src/common/pico_sync/lock_core.c.obj
LOAD CMakeFiles/test.dir/home/leander/prog/drone/code/pico_test/pico-sdk/src/common/pico_sync/mutex.c.obj
LOAD CMakeFiles/test.dir/home/leander/prog/drone/code/pico_test/pico-sdk/src/common/pico_sync/critical_section.c.obj
LOAD CMakeFiles/test.dir/home/leander/prog/drone/code/pico_test/pico-sdk/src/common/pico_time/time.c.obj
LOAD CMakeFiles/test.dir/home/leander/prog/drone/code/pico_test/pico-sdk/src/common/pico_time/timeout_helper.c.obj
LOAD CMakeFiles/test.dir/home/leander/prog/drone/code/pico_test/pico-sdk/src/rp2_common/hardware_timer/timer.c.obj
LOAD CMakeFiles/test.dir/home/leander/prog/drone/code/pico_test/pico-sdk/src/common/pico_util/datetime.c.obj
LOAD CMakeFiles/test.dir/home/leander/prog/drone/code/pico_test/pico-sdk/src/common/pico_util/pheap.c.obj
LOAD CMakeFiles/test.dir/home/leander/prog/drone/code/pico_test/pico-sdk/src/common/pico_util/queue.c.obj
LOAD CMakeFiles/test.dir/home/leander/prog/drone/code/pico_test/pico-sdk/src/rp2_common/hardware_uart/uart.c.obj
LOAD CMakeFiles/test.dir/home/leander/prog/drone/code/pico_test/pico-sdk/src/rp2_common/hardware_clocks/clocks.c.obj
LOAD CMakeFiles/test.dir/home/leander/prog/drone/code/pico_test/pico-sdk/src/rp2_common/hardware_pll/pll.c.obj
LOAD CMakeFiles/test.dir/home/leander/prog/drone/code/pico_test/pico-sdk/src/rp2_common/hardware_vreg/vreg.c.obj
LOAD CMakeFiles/test.dir/home/leander/prog/drone/code/pico_test/pico-sdk/src/rp2_common/hardware_watchdog/watchdog.c.obj
LOAD CMakeFiles/test.dir/home/leander/prog/drone/code/pico_test/pico-sdk/src/rp2_common/hardware_ticks/ticks.c.obj
LOAD CMakeFiles/test.dir/home/leander/prog/drone/code/pico_test/pico-sdk/src/rp2_common/hardware_xosc/xosc.c.obj
LOAD CMakeFiles/test.dir/home/leander/prog/drone/code/pico_test/pico-sdk/src/rp2_common/hardware_divider/divider.S.obj
LOAD CMakeFiles/test.dir/home/leander/prog/drone/code/pico_test/pico-sdk/src/rp2_common/pico_runtime/runtime.c.obj
LOAD CMakeFiles/test.dir/home/leander/prog/drone/code/pico_test/pico-sdk/src/rp2_common/pico_runtime_init/runtime_init.c.obj