Archive member included to satisfy reference by file (symbol)

/usr/lib/gcc/arm-none-eabi/13.2.1/thumb/v6-m/nofp/libgcc.a(_dvmd_tls.o)
                              CMakeFiles/test.dir/home/leander/prog/drone/code/pico-sdk/src/rp2_common/pico_divider/divider_hardware.S.obj (__aeabi_idiv0)
/usr/lib/gcc/arm-none-eabi/13.2.1/../../../arm-none-eabi/lib/thumb/v6-m/nofp/libg.a(libc_a-calloc.o)
                              CMakeFiles/test.dir/home/leander/prog/drone/code/pico-sdk/src/rp2_common/pico_malloc/malloc.c.obj (calloc)
/usr/lib/gcc/arm-none-eabi/13.2.1/../../../arm-none-eabi/lib/thumb/v6-m/nofp/libg.a(libc_a-impure.o)
                              /usr/lib/gcc/arm-none-eabi/13.2.1/../../../arm-none-eabi/lib/thumb/v6-m/nofp/libg.a(libc_a-calloc.o) (_impure_ptr)
/usr/lib/gcc/arm-none-eabi/13.2.1/../../../arm-none-eabi/lib/thumb/v6-m/nofp/libg.a(libc_a-callocr.o)
                              /usr/lib/gcc/arm-none-eabi/13.2.1/../../../arm-none-eabi/lib/thumb/v6-m/nofp/libg.a(libc_a-calloc.o) (_calloc_r)
/usr/lib/gcc/arm-none-eabi/13.2.1/../../../arm-none-eabi/lib/thumb/v6-m/nofp/libg.a(libc_a-realloc.o)
                              CMakeFiles/test.dir/home/leander/prog/drone/code/pico-sdk/src/rp2_common/pico_malloc/malloc.c.obj (realloc)
/usr/lib/gcc/arm-none-eabi/13.2.1/../../../arm-none-eabi/lib/thumb/v6-m/nofp/libg.a(libc_a-mallocr.o)
                              /usr/lib/gcc/arm-none-eabi/13.2.1/../../../arm-none-eabi/lib/thumb/v6-m/nofp/libg.a(libc_a-callocr.o) (_malloc_r)
/usr/lib/gcc/arm-none-eabi/13.2.1/../../../arm-none-eabi/lib/thumb/v6-m/nofp/libg.a(libc_a-freer.o)
                              /usr/lib/gcc/arm-none-eabi/13.2.1/../../../arm-none-eabi/lib/thumb/v6-m/nofp/libg.a(libc_a-mallocr.o) (_free_r)
/usr/lib/gcc/arm-none-eabi/13.2.1/../../../arm-none-eabi/lib/thumb/v6-m/nofp/libg.a(libc_a-memcmp.o)
                              CMakeFiles/test.dir/home/leander/prog/drone/code/pico-sdk/src/rp2_common/pico_atomic/atomic.c.obj (memcmp)
/usr/lib/gcc/arm-none-eabi/13.2.1/../../../arm-none-eabi/lib/thumb/v6-m/nofp/libg.a(libc_a-malloc.o)
                              CMakeFiles/test.dir/home/leander/prog/drone/code/pico-sdk/src/rp2_common/pico_malloc/malloc.c.obj (malloc)
/usr/lib/gcc/arm-none-eabi/13.2.1/../../../arm-none-eabi/lib/thumb/v6-m/nofp/libg.a(libc_a-sysconf.o)
                              /usr/lib/gcc/arm-none-eabi/13.2.1/../../../arm-none-eabi/lib/thumb/v6-m/nofp/libg.a(libc_a-mallocr.o) (sysconf)
/usr/lib/gcc/arm-none-eabi/13.2.1/../../../arm-none-eabi/lib/thumb/v6-m/nofp/libg.a(libc_a-init.o)
                              /usr/lib/gcc/arm-none-eabi/13.2.1/../../../arm-none-eabi/lib/thumb/v6-m/nofp/crt0.o (__libc_init_array)
/usr/lib/gcc/arm-none-eabi/13.2.1/../../../arm-none-eabi/lib/thumb/v6-m/nofp/libg.a(libc_a-reallocr.o)
                              /usr/lib/gcc/arm-none-eabi/13.2.1/../../../arm-none-eabi/lib/thumb/v6-m/nofp/libg.a(libc_a-realloc.o) (_realloc_r)
/usr/lib/gcc/arm-none-eabi/13.2.1/../../../arm-none-eabi/lib/thumb/v6-m/nofp/libg.a(libc_a-mktime.o)
                              CMakeFiles/test.dir/home/leander/prog/drone/code/pico-sdk/src/common/pico_util/datetime.c.obj (mktime)
/usr/lib/gcc/arm-none-eabi/13.2.1/../../../arm-none-eabi/lib/thumb/v6-m/nofp/libg.a(libc_a-mlock.o)
                              /usr/lib/gcc/arm-none-eabi/13.2.1/../../../arm-none-eabi/lib/thumb/v6-m/nofp/libg.a(libc_a-mallocr.o) (__malloc_lock)
/usr/lib/gcc/arm-none-eabi/13.2.1/../../../arm-none-eabi/lib/thumb/v6-m/nofp/libg.a(libc_a-findfp.o)
                              /usr/lib/gcc/arm-none-eabi/13.2.1/../../../arm-none-eabi/lib/thumb/v6-m/nofp/libg.a(libc_a-impure.o) (__sf)
/usr/lib/gcc/arm-none-eabi/13.2.1/../../../arm-none-eabi/lib/thumb/v6-m/nofp/libg.a(libc_a-tzlock.o)
                              /usr/lib/gcc/arm-none-eabi/13.2.1/../../../arm-none-eabi/lib/thumb/v6-m/nofp/libg.a(libc_a-mktime.o) (__tz_lock)
/usr/lib/gcc/arm-none-eabi/13.2.1/../../../arm-none-eabi/lib/thumb/v6-m/nofp/libg.a(libc_a-atexit.o)
                              /usr/lib/gcc/arm-none-eabi/13.2.1/../../../arm-none-eabi/lib/thumb/v6-m/nofp/crt0.o (atexit)
/usr/lib/gcc/arm-none-eabi/13.2.1/../../../arm-none-eabi/lib/thumb/v6-m/nofp/libg.a(libc_a-lcltime_r.o)
                              CMakeFiles/test.dir/home/leander/prog/drone/code/pico-sdk/src/common/pico_util/datetime.c.obj (localtime_r)
/usr/lib/gcc/arm-none-eabi/13.2.1/../../../arm-none-eabi/lib/thumb/v6-m/nofp/libg.a(libc_a-strlen-stub.o)
                              CMakeFiles/test.dir/home/leander/prog/drone/code/pico-sdk/src/rp2_common/pico_stdio/stdio.c.obj (strlen)
/usr/lib/gcc/arm-none-eabi/13.2.1/../../../arm-none-eabi/lib/thumb/v6-m/nofp/libg.a(libc_a-sbrkr.o)
                              /usr/lib/gcc/arm-none-eabi/13.2.1/../../../arm-none-eabi/lib/thumb/v6-m/nofp/libg.a(libc_a-mallocr.o) (_sbrk_r)
/usr/lib/gcc/arm-none-eabi/13.2.1/../../../arm-none-eabi/lib/thumb/v6-m/nofp/libg.a(libc_a-fini.o)
[...]
Memory Configuration

Name             Origin             Length             Attributes
FLASH            0x10000000         0x00200000         xr
RAM              0x20000000         0x00040000         xrw
SCRATCH_X        0x20040000         0x00001000         xrw
SCRATCH_Y        0x20041000         0x00001000         xrw
*default*        0x00000000         0xffffffff

Linker script and memory map

LOAD /usr/lib/gcc/arm-none-eabi/13.2.1/thumb/v6-m/nofp/crti.o
LOAD /usr/lib/gcc/arm-none-eabi/13.2.1/thumb/v6-m/nofp/crtbegin.o
LOAD /usr/lib/gcc/arm-none-eabi/13.2.1/../../../arm-none-eabi/lib/thumb/v6-m/nofp/crt0.o

.flash_begin    0x10000000        0x0
                0x10000000                        __flash_binary_start = .

.boot2          0x10000000      0x100
                0x10000000                        __boot2_start__ = .
 *(.boot2)
 .boot2         0x10000000      0x100 /tmp/ccWVxYto.o
                0x10000100                        __boot2_end__ = .
                0x00000001                        ASSERT (((__boot2_end__ - __boot2_start__) == 0x100), ERROR: Pico second stage bootloader must be 256 bytes in size)

.text           0x10000100     0x1dcc
                0x10000100                        __logical_binary_start = .
 *(.vectors)
 .vectors       0x10000100       0xd4 CMakeFiles/test.dir/home/leander/prog/drone/code/pico-sdk/src/rp2_common/pico_crt0/crt0.S.obj
                0x10000100                __vectors
                0x10000100                __VECTOR_TABLE
                0x100001c0                isr_invalid
                0x100001c0                __default_isrs_start
                0x100001c2                isr_nmi
                0x100001c4                isr_hardfault
                0x100001c6                isr_svcall
                0x100001c8                isr_pendsv
                0x100001ca                isr_systick
                0x100001cc                isr_irq30
                0x100001cc                __unhandled_user_irq
                0x100001cc                isr_irq13
                0x100001cc                isr_irq27
                0x100001cc                isr_irq31
                0x100001cc                isr_irq5
                0x100001cc                isr_irq11
                0x100001cc                isr_irq23
                0x100001cc                isr_irq18
                0x100001cc                isr_irq28
                0x100001cc                isr_irq19
                0x100001cc                isr_irq0
                0x100001cc                isr_irq6
                0x100001cc                isr_irq22
                0x100001cc                isr_irq17
                0x100001cc                isr_irq14
                0x100001cc                isr_irq2
                0x100001cc                isr_irq10
                0x100001cc                isr_irq8
                0x100001cc                isr_irq24
                0x100001cc                isr_irq1
                0x100001cc                isr_irq7
                0x100001cc                isr_irq21
                0x100001cc                isr_irq20
                0x100001cc                isr_irq15
                0x100001cc                isr_irq25
                0x100001cc                isr_irq4
                0x100001cc                isr_irq16
                0x100001cc                isr_irq29
                0x100001cc                isr_irq26
                0x100001cc                __default_isrs_end
                0x100001cc                isr_irq3
                0x100001cc                isr_irq12
                0x100001cc                isr_irq9
                0x100001d2                unhandled_user_irq_num_in_r0
 *(.binary_info_header)
 .binary_info_header
                0x100001d4       0x14 CMakeFiles/test.dir/home/leander/prog/drone/code/pico-sdk/src/rp2_common/pico_crt0/crt0.S.obj
                0x100001e8                        __binary_info_header_end = .
 *(.embedded_block)
                0x100001e8                        __embedded_block_end = .
 *(.reset)
 .reset         0x100001e8       0x9c CMakeFiles/test.dir/home/leander/prog/drone/code/pico-sdk/src/rp2_common/pico_crt0/crt0.S.obj
                0x100001e8                _entry_point
 *(.init)
 .init          0x10000284        0x4 /usr/lib/gcc/arm-none-eabi/13.2.1/thumb/v6-m/nofp/crti.o
                0x10000284                _init
 *(EXCLUDE_FILE(*libm.a: *libc.a:*lib_a-mem*.o *libgcc.a:) .text*)
 .text          0x10000288       0x98 /usr/lib/gcc/arm-none-eabi/13.2.1/thumb/v6-m/nofp/crtbegin.o
 .text.startup.main
                0x10000320       0x38 CMakeFiles/test.dir/src/main.c.obj
                0x10000320                main
 .text.gpio_set_function
                0x10000358       0x34 CMakeFiles/test.dir/home/leander/prog/drone/code/pico-sdk/src/rp2_common/hardware_gpio/gpio.c.obj
                0x10000358                gpio_set_function
 .text.gpio_init
                0x1000038c       0x40 CMakeFiles/test.dir/home/leander/prog/drone/code/pico-sdk/src/rp2_common/hardware_gpio/gpio.c.obj
                0x1000038c                gpio_init
 .text.panic    0x100003cc       0x30 CMakeFiles/test.dir/home/leander/prog/drone/code/pico-sdk/src/rp2_common/pico_platform_panic/panic.c.obj
                0x100003cc                panic
 .text.hw_claim_or_assert
                0x100003fc       0x44 CMakeFiles/test.dir/home/leander/prog/drone/code/pico-sdk/src/common/hardware_claim/claim.c.obj
                0x100003fc                hw_claim_or_assert
 .text.next_striped_spin_lock_num
                0x10000440       0x18 CMakeFiles/test.dir/home/leander/prog/drone/code/pico-sdk/src/rp2_common/hardware_sync/sync.c.obj
                0x10000440                next_striped_spin_lock_num
 .text.spin_locks_reset
                0x10000458       0x1c CMakeFiles/test.dir/home/leander/prog/drone/code/pico-sdk/src/rp2_common/hardware_sync_spin_lock/sync_spin_lock.c.obj
                0x10000458                spin_locks_reset
 .text.runtime_init_per_core_irq_priorities
                0x10000474       0x24 CMakeFiles/test.dir/home/leander/prog/drone/code/pico-sdk/src/rp2_common/hardware_irq/irq.c.obj
                0x10000474                runtime_init_per_core_irq_priorities
 .text.irq_set_enabled
                0x10000498       0x24 CMakeFiles/test.dir/home/leander/prog/drone/code/pico-sdk/src/rp2_common/hardware_irq/irq.c.obj
                0x10000498                irq_set_enabled
 .text.irq_set_exclusive_handler
                0x100004bc       0x54 CMakeFiles/test.dir/home/leander/prog/drone/code/pico-sdk/src/rp2_common/hardware_irq/irq.c.obj
                0x100004bc                irq_set_exclusive_handler
 .text.irq_remove_handler
                0x10000510      0x1d4 CMakeFiles/test.dir/home/leander/prog/drone/code/pico-sdk/src/rp2_common/hardware_irq/irq.c.obj
                0x10000510                irq_remove_handler
 .text.irq_add_tail_to_free_list
                0x100006e4       0xb4 CMakeFiles/test.dir/home/leander/prog/drone/code/pico-sdk/src/rp2_common/hardware_irq/irq.c.obj
                0x100006e4                irq_add_tail_to_free_list
 .text.lock_init
                0x10000798       0x10 CMakeFiles/test.dir/home/leander/prog/drone/code/pico-sdk/src/common/pico_sync/lock_core.c.obj
                0x10000798                lock_init
 .text.runtime_init_mutex
                0x100007a8       0x50 CMakeFiles/test.dir/home/leander/prog/drone/code/pico-sdk/src/common/pico_sync/mutex.c.obj
                0x100007a8                runtime_init_mutex
 .text.sleep_until_callback
                0x100007f8       0x30 CMakeFiles/test.dir/home/leander/prog/drone/code/pico-sdk/src/common/pico_time/time.c.obj
 .text.alarm_pool_irq_handler
                0x10000828      0x2e4 CMakeFiles/test.dir/home/leander/prog/drone/code/pico-sdk/src/common/pico_time/time.c.obj
 .text.runtime_init_default_alarm_pool
                0x10000b0c       0xdc CMakeFiles/test.dir/home/leander/prog/drone/code/pico-sdk/src/common/pico_time/time.c.obj
                0x10000b0c                runtime_init_default_alarm_pool
 .text.alarm_pool_add_alarm_at_force_in_context
                0x10000be8       0xb0 CMakeFiles/test.dir/home/leander/prog/drone/code/pico-sdk/src/common/pico_time/time.c.obj
                0x10000be8                alarm_pool_add_alarm_at_force_in_context
 .text.alarm_pool_cancel_alarm
                0x10000c98       0x74 CMakeFiles/test.dir/home/leander/prog/drone/code/pico-sdk/src/common/pico_time/time.c.obj
                0x10000c98                alarm_pool_cancel_alarm
 .text.sleep_until
                0x10000d0c       0xd8 CMakeFiles/test.dir/home/leander/prog/drone/code/pico-sdk/src/common/pico_time/time.c.obj
                0x10000d0c                sleep_until
 .text.sleep_ms
                0x10000de4       0x38 CMakeFiles/test.dir/home/leander/prog/drone/code/pico-sdk/src/common/pico_time/time.c.obj
                0x10000de4                sleep_ms
 .text.best_effort_wfe_or_timeout
                0x10000e1c      0x134 CMakeFiles/test.dir/home/leander/prog/drone/code/pico-sdk/src/common/pico_time/time.c.obj
                0x10000e1c                best_effort_wfe_or_timeout
 .text.timer_hardware_alarm_claim
                0x10000f50       0x14 CMakeFiles/test.dir/home/leander/prog/drone/code/pico-sdk/src/rp2_common/hardware_timer/timer.c.obj
                0x10000f50                timer_hardware_alarm_claim
 .text.timer_time_us_64
                0x10000f64       0x10 CMakeFiles/test.dir/home/leander/prog/drone/code/pico-sdk/src/rp2_common/hardware_timer/timer.c.obj
                0x10000f64                timer_time_us_64
 .text.time_us_64
                0x10000f74       0x14 CMakeFiles/test.dir/home/leander/prog/drone/code/pico-sdk/src/rp2_common/hardware_timer/timer.c.obj
                0x10000f74                time_us_64
 .text.busy_wait_us
                0x10000f88       0x68 CMakeFiles/test.dir/home/leander/prog/drone/code/pico-sdk/src/rp2_common/hardware_timer/timer.c.obj
                0x10000f88                busy_wait_us
 .text.busy_wait_until
                0x10000ff0       0x20 CMakeFiles/test.dir/home/leander/prog/drone/code/pico-sdk/src/rp2_common/hardware_timer/timer.c.obj
                0x10000ff0                busy_wait_until
 .text.uart_init
                0x10001010      0x120 CMakeFiles/test.dir/home/leander/prog/drone/code/pico-sdk/src/rp2_common/hardware_uart/uart.c.obj
                0x10001010                uart_init
 .text.clock_configure_int_divider
                0x10001130       0xf4 CMakeFiles/test.dir/home/leander/prog/drone/code/pico-sdk/src/rp2_common/hardware_clocks/clocks.c.obj
                0x10001130                clock_configure_int_divider
 .text.clock_configure_undivided
                0x10001224       0xe8 CMakeFiles/test.dir/home/leander/prog/drone/code/pico-sdk/src/rp2_common/hardware_clocks/clocks.c.obj
                0x10001224                clock_configure_undivided
 .text.clock_get_hz
                0x1000130c        0xc CMakeFiles/test.dir/home/leander/prog/drone/code/pico-sdk/src/rp2_common/hardware_clocks/clocks.c.obj
                0x1000130c                clock_get_hz
 .text.pll_init
                0x10001318       0xa4 CMakeFiles/test.dir/home/leander/prog/drone/code/pico-sdk/src/rp2_common/hardware_pll/pll.c.obj
                0x10001318                pll_init
 .text.tick_start
                0x100013bc       0x10 CMakeFiles/test.dir/home/leander/prog/drone/code/pico-sdk/src/rp2_common/hardware_ticks/ticks.c.obj
                0x100013bc                tick_start
 .text.xosc_init
                0x100013cc       0x28 CMakeFiles/test.dir/home/leander/prog/drone/code/pico-sdk/src/rp2_common/hardware_xosc/xosc.c.obj
                0x100013cc                xosc_init
 .text.first_per_core_initializer
                0x100013f4        0x4 CMakeFiles/test.dir/home/leander/prog/drone/code/pico-sdk/src/rp2_common/pico_runtime/runtime.c.obj
 .text.hard_assertion_failure
                0x100013f8        0xc CMakeFiles/test.dir/home/leander/prog/drone/code/pico-sdk/src/rp2_common/pico_runtime/runtime.c.obj
                0x100013f8                hard_assertion_failure
 .text.runtime_run_initializers
                0x10001404       0x28 CMakeFiles/test.dir/home/leander/prog/drone/code/pico-sdk/src/rp2_common/pico_runtime/runtime.c.obj
                0x10001404                runtime_run_initializers
 .text.runtime_init_early_resets
                0x1000142c       0x2c CMakeFiles/test.dir/home/leander/prog/drone/code/pico-sdk/src/rp2_common/pico_runtime_init/runtime_init.c.obj
                0x1000142c                runtime_init_early_resets
 .text.runtime_init_usb_power_down
                0x10001458       0x1c CMakeFiles/test.dir/home/leander/prog/drone/code/pico-sdk/src/rp2_common/pico_runtime_init/runtime_init.c.obj
                0x10001458                runtime_init_usb_power_down
 .text.runtime_init_post_clock_resets
                0x10001474       0x20 CMakeFiles/test.dir/home/leander/prog/drone/code/pico-sdk/src/rp2_common/pico_runtime_init/runtime_init.c.obj
                0x10001474                runtime_init_post_clock_resets
 .text.runtime_init_rp2040_gpio_ie_disable
                0x10001494       0x14 CMakeFiles/test.dir/home/leander/prog/drone/code/pico-sdk/src/rp2_common/pico_runtime_init/runtime_init.c.obj
                0x10001494                runtime_init_rp2040_gpio_ie_disable
 .text.runtime_init_spin_locks_reset
                0x100014a8        0x8 CMakeFiles/test.dir/home/leander/prog/drone/code/pico-sdk/src/rp2_common/pico_runtime_init/runtime_init.c.obj
                0x100014a8                runtime_init_spin_locks_reset
 .text.runtime_init_install_ram_vector_table
                0x100014b0       0x1c CMakeFiles/test.dir/home/leander/prog/drone/code/pico-sdk/src/rp2_common/pico_runtime_init/runtime_init.c.obj
                0x100014b0                runtime_init_install_ram_vector_table
 .text.runtime_init_clocks
                0x100014cc       0xd8 CMakeFiles/test.dir/home/leander/prog/drone/code/pico-sdk/src/rp2_common/pico_runtime_init/runtime_init_clocks.c.obj
                0x100014cc                runtime_init_clocks
 .text          0x100015a4       0x10 CMakeFiles/test.dir/home/leander/prog/drone/code/pico-sdk/src/rp2_common/pico_bit_ops/bit_ops_aeabi.S.obj
 .text.rom_func_lookup
                0x100015b4       0x10 CMakeFiles/test.dir/home/leander/prog/drone/code/pico-sdk/src/rp2_common/pico_bootrom/bootrom.c.obj
                0x100015b4                rom_func_lookup
 .text.rom_data_lookup
                0x100015c4       0x10 CMakeFiles/test.dir/home/leander/prog/drone/code/pico-sdk/src/rp2_common/pico_bootrom/bootrom.c.obj
                0x100015c4                rom_data_lookup
 .text.rom_funcs_lookup
                0x100015d4       0x44 CMakeFiles/test.dir/home/leander/prog/drone/code/pico-sdk/src/rp2_common/pico_bootrom/bootrom.c.obj
                0x100015d4                rom_funcs_lookup
 .text.__wrap___aeabi_uidiv
                0x10001618       0x4c CMakeFiles/test.dir/home/leander/prog/drone/code/pico-sdk/src/rp2_common/pico_divider/divider_hardware.S.obj
                0x10001618                __wrap___aeabi_uidiv
                0x10001618                __wrap___aeabi_uidivmod
                0x10001618                div_u32u32
                0x10001618                divmod_u32u32
                0x10001620                divmod_u32u32_unsafe
                0x10001648                divmod_u32u32_savestate
 .text.__aeabi_double_init
                0x10001664       0xa4 CMakeFiles/test.dir/home/leander/prog/drone/code/pico-sdk/src/rp2_common/pico_double/double_init_rom_rp2040.c.obj
                0x10001664                __aeabi_double_init
 .text.double_table_shim_on_use_helper
                0x10001708       0x2c CMakeFiles/test.dir/home/leander/prog/drone/code/pico-sdk/src/rp2_common/pico_double/double_v1_rom_shim_rp2040.S.obj
                0x10001708                double_table_shim_on_use_helper
 .text.__aeabi_lmul
                0x10001734       0x32 CMakeFiles/test.dir/home/leander/prog/drone/code/pico-sdk/src/rp2_common/pico_int64_ops/pico_int64_ops_aeabi.S.obj
                0x10001734                __wrap___aeabi_lmul
 *fill*         0x10001766        0x2 
 .text.__aeabi_float_init
                0x10001768       0x64 CMakeFiles/test.dir/home/leander/prog/drone/code/pico-sdk/src/rp2_common/pico_float/float_init_rom_rp2040.c.obj
                0x10001768                __aeabi_float_init
 .text.float_table_shim_on_use_helper
                0x100017cc       0x2c CMakeFiles/test.dir/home/leander/prog/drone/code/pico-sdk/src/rp2_common/pico_float/float_v1_rom_shim_rp2040.S.obj
                0x100017cc                float_table_shim_on_use_helper
 .text          0x100017f8       0x10 CMakeFiles/test.dir/home/leander/prog/drone/code/pico-sdk/src/rp2_common/pico_mem_ops/mem_ops_aeabi.S.obj
                0x100017f8                __aeabi_mem_init
 .text.memcpy   0x10001808        0xc CMakeFiles/test.dir/home/leander/prog/drone/code/pico-sdk/src/rp2_common/pico_mem_ops/mem_ops_aeabi.S.obj
                0x10001808                __wrap___aeabi_memcpy
                0x10001808                __wrap_memcpy
 .text._out_char
                0x10001814       0x10 CMakeFiles/test.dir/home/leander/prog/drone/code/pico-sdk/src/rp2_common/pico_printf/printf.c.obj
 .text.weak_raw_vprintf
                0x10001824       0x30 CMakeFiles/test.dir/home/leander/prog/drone/code/pico-sdk/src/rp2_common/pico_printf/printf.c.obj
                0x10001824                weak_raw_vprintf
 .text._exit    0x10001854        0x4 CMakeFiles/test.dir/home/leander/prog/drone/code/pico-sdk/src/rp2_common/pico_clib_interface/newlib_interface.c.obj
                0x10001854                _exit
 .text.exit     0x10001858        0x8 CMakeFiles/test.dir/home/leander/prog/drone/code/pico-sdk/src/rp2_common/pico_clib_interface/newlib_interface.c.obj
                0x10001858                exit
 .text.runtime_init
                0x10001860       0x2c CMakeFiles/test.dir/home/leander/prog/drone/code/pico-sdk/src/rp2_common/pico_clib_interface/newlib_interface.c.obj
                0x10001860                runtime_init
 .text.stdio_out_chars_no_crlf
                0x1000188c       0x10 CMakeFiles/test.dir/home/leander/prog/drone/code/pico-sdk/src/rp2_common/pico_stdio/stdio.c.obj
 .text.stdio_out_chars_crlf
                0x1000189c       0x94 CMakeFiles/test.dir/home/leander/prog/drone/code/pico-sdk/src/rp2_common/pico_stdio/stdio.c.obj
 .text.stdio_put_string
                0x10001930      0x100 CMakeFiles/test.dir/home/leander/prog/drone/code/pico-sdk/src/rp2_common/pico_stdio/stdio.c.obj
                0x10001930                stdio_put_string
 .text.stdio_set_driver_enabled
                0x10001a30       0x30 CMakeFiles/test.dir/home/leander/prog/drone/code/pico-sdk/src/rp2_common/pico_stdio/stdio.c.obj
                0x10001a30                stdio_set_driver_enabled
 .text.stdio_init_all
                0x10001a60        0xc CMakeFiles/test.dir/home/leander/prog/drone/code/pico-sdk/src/rp2_common/pico_stdio/stdio.c.obj
                0x10001a60                stdio_init_all
 .text.__wrap_putchar
                0x10001a6c       0x98 CMakeFiles/test.dir/home/leander/prog/drone/code/pico-sdk/src/rp2_common/pico_stdio/stdio.c.obj
                0x10001a6c                stdio_putchar
                0x10001a6c                __wrap_putchar
 .text.__wrap_puts
                0x10001b04       0x3c CMakeFiles/test.dir/home/leander/prog/drone/code/pico-sdk/src/rp2_common/pico_stdio/stdio.c.obj
                0x10001b04                __wrap_puts
                0x10001b04                stdio_puts
 .text.stdio_uart_out_chars
                0x10001b40       0x4c CMakeFiles/test.dir/home/leander/prog/drone/code/pico-sdk/src/rp2_common/pico_stdio_uart/stdio_uart.c.obj
 .text.stdio_uart_in_chars
                0x10001b8c       0x90 CMakeFiles/test.dir/home/leander/prog/drone/code/pico-sdk/src/rp2_common/pico_stdio_uart/stdio_uart.c.obj
                0x10001b8c                stdio_uart_in_chars
 .text.on_uart_rx
                0x10001c1c       0x28 CMakeFiles/test.dir/home/leander/prog/drone/code/pico-sdk/src/rp2_common/pico_stdio_uart/stdio_uart.c.obj
 .text.stdio_uart_out_flush
                0x10001c44       0x10 CMakeFiles/test.dir/home/leander/prog/drone/code/pico-sdk/src/rp2_common/pico_stdio_uart/stdio_uart.c.obj
 .text.stdio_uart_set_chars_available_callback
                0x10001c54       0x8c CMakeFiles/test.dir/home/leander/prog/drone/code/pico-sdk/src/rp2_common/pico_stdio_uart/stdio_uart.c.obj
 .text.stdio_uart_init
                0x10001ce0       0x50 CMakeFiles/test.dir/home/leander/prog/drone/code/pico-sdk/src/rp2_common/pico_stdio_uart/stdio_uart.c.obj
                0x10001ce0                stdio_uart_init
 .text          0x10001d30       0x10 /usr/lib/gcc/arm-none-eabi/13.2.1/../../../arm-none-eabi/lib/thumb/v6-m/nofp/libg.a(libc_a-atexit.o)
                0x10001d30                atexit
 .text          0x10001d40       0x5c /usr/lib/gcc/arm-none-eabi/13.2.1/../../../arm-none-eabi/lib/thumb/v6-m/nofp/libg.a(libc_a-strlen-stub.o)
                0x10001d40                strlen
 .text          0x10001d9c       0x28 /usr/lib/gcc/arm-none-eabi/13.2.1/../../../arm-none-eabi/lib/thumb/v6-m/nofp/libg.a(libc_a-fini.o)
                0x10001d9c                __libc_fini_array
 .text          0x10001dc4       0x78 /usr/lib/gcc/arm-none-eabi/13.2.1/../../../arm-none-eabi/lib/thumb/v6-m/nofp/libg.a(libc_a-__atexit.o)
                0x10001dc4                __register_exitproc
 .text.startup  0x10001e3c       0x18 /usr/lib/gcc/arm-none-eabi/13.2.1/../../../arm-none-eabi/lib/thumb/v6-m/nofp/libg.a(libc_a-__call_atexit.o)
 *(.fini)
 .fini          0x10001e54        0x4 /usr/lib/gcc/arm-none-eabi/13.2.1/thumb/v6-m/nofp/crti.o
                0x10001e54                _fini
 .fini.__stub   0x10001e58       0x30 linker stubs
 *crtbegin.o(.ctors)
 *crtbegin?.o(.ctors)
 *(EXCLUDE_FILE(*crtend.o *crtend?.o) .ctors)
 *(SORT_BY_NAME(.ctors.*))
 *(.ctors)
 *crtbegin.o(.dtors)
 *crtbegin?.o(.dtors)
 *(EXCLUDE_FILE(*crtend.o *crtend?.o) .dtors)
 *(SORT_BY_NAME(.dtors.*))
 *(.dtors)
                0x10001e88                        . = ALIGN (0x4)
                0x10001e88                        PROVIDE (__preinit_array_start = .)
 *(SORT_BY_NAME(.preinit_array.*))
 .preinit_array.00100
                0x10001e88        0x4 CMakeFiles/test.dir/home/leander/prog/drone/code/pico-sdk/src/rp2_common/pico_runtime_init/runtime_init.c.obj
                0x10001e88                __pre_init_runtime_init_early_resets
 .preinit_array.00101
                0x10001e8c        0x4 CMakeFiles/test.dir/home/leander/prog/drone/code/pico-sdk/src/rp2_common/pico_runtime_init/runtime_init.c.obj
                0x10001e8c                __pre_init_runtime_init_usb_power_down
 .preinit_array.00275
                0x10001e90        0x4 CMakeFiles/test.dir/home/leander/prog/drone/code/pico-sdk/src/rp2_common/pico_bit_ops/bit_ops_aeabi.S.obj
 .preinit_array.00300
                0x10001e94        0x4 CMakeFiles/test.dir/home/leander/prog/drone/code/pico-sdk/src/rp2_common/pico_mem_ops/mem_ops_aeabi.S.obj
 .preinit_array.00350
                0x10001e98        0x4 CMakeFiles/test.dir/home/leander/prog/drone/code/pico-sdk/src/rp2_common/pico_double/double_aeabi_rp2040.S.obj
 .preinit_array.00350
                0x10001e9c        0x4 CMakeFiles/test.dir/home/leander/prog/drone/code/pico-sdk/src/rp2_common/pico_float/float_aeabi_rp2040.S.obj
 .preinit_array.00500
                0x10001ea0        0x4 CMakeFiles/test.dir/home/leander/prog/drone/code/pico-sdk/src/rp2_common/pico_runtime_init/runtime_init.c.obj
                0x10001ea0                __pre_init_runtime_init_clocks
 .preinit_array.00600
                0x10001ea4        0x4 CMakeFiles/test.dir/home/leander/prog/drone/code/pico-sdk/src/rp2_common/pico_runtime_init/runtime_init.c.obj
                0x10001ea4                __pre_init_runtime_init_post_clock_resets
 .preinit_array.00700
                0x10001ea8        0x4 CMakeFiles/test.dir/home/leander/prog/drone/code/pico-sdk/src/rp2_common/pico_runtime_init/runtime_init.c.obj
                0x10001ea8                __pre_init_runtime_init_rp2040_gpio_ie_disable
 .preinit_array.01000
                0x10001eac        0x4 CMakeFiles/test.dir/home/leander/prog/drone/code/pico-sdk/src/rp2_common/pico_runtime_init/runtime_init.c.obj
                0x10001eac                __pre_init_runtime_init_spin_locks_reset
 .preinit_array.01100
                0x10001eb0        0x4 CMakeFiles/test.dir/home/leander/prog/drone/code/pico-sdk/src/common/pico_sync/mutex.c.obj
                0x10001eb0                __pre_init_runtime_init_mutex
 .preinit_array.10080
                0x10001eb4        0x4 CMakeFiles/test.dir/home/leander/prog/drone/code/pico-sdk/src/rp2_common/pico_runtime_init/runtime_init.c.obj
                0x10001eb4                __pre_init_runtime_init_install_ram_vector_table
 .preinit_array.11000
                0x10001eb8        0x4 CMakeFiles/test.dir/home/leander/prog/drone/code/pico-sdk/src/common/pico_time/time.c.obj
                0x10001eb8                __pre_init_runtime_init_default_alarm_pool
 .preinit_array.YYYYY
                0x10001ebc        0x4 CMakeFiles/test.dir/home/leander/prog/drone/code/pico-sdk/src/rp2_common/pico_runtime/runtime.c.obj
                0x10001ebc                __pre_init_first_per_core_initializer
 .preinit_array.ZZZZZ.01200
                0x10001ec0        0x4 CMakeFiles/test.dir/home/leander/prog/drone/code/pico-sdk/src/rp2_common/hardware_irq/irq.c.obj
                0x10001ec0                __pre_init_runtime_init_per_core_irq_priorities
 *(.preinit_array)
                0x10001ec4                        PROVIDE (__preinit_array_end = .)
                0x10001ec4                        . = ALIGN (0x4)
                0x10001ec4                        PROVIDE (__init_array_start = .)
 *(SORT_BY_NAME(.init_array.*))
 .init_array.00000
                0x10001ec4        0x4 /usr/lib/gcc/arm-none-eabi/13.2.1/../../../arm-none-eabi/lib/thumb/v6-m/nofp/libg.a(libc_a-__call_atexit.o)
 *(.init_array)
 .init_array    0x10001ec8        0x4 /usr/lib/gcc/arm-none-eabi/13.2.1/thumb/v6-m/nofp/crtbegin.o
                0x10001ecc                        PROVIDE (__init_array_end = .)
                0x10001ecc                        . = ALIGN (0x4)
                0x10001ecc                        PROVIDE (__fini_array_start = .)
 *(SORT_BY_NAME(.fini_array.*))
 *(.fini_array)
                0x10001ecc                        PROVIDE (__fini_array_end = .)
 *(.eh_frame*)
 .eh_frame      0x10001ecc        0x0 /usr/lib/gcc/arm-none-eabi/13.2.1/thumb/v6-m/nofp/crtbegin.o
                0x10001ecc                        . = ALIGN (0x4)

.glue_7         0x10001ecc        0x0
 .glue_7        0x10001ecc        0x0 linker stubs

.glue_7t        0x10001ecc        0x0
 .glue_7t       0x10001ecc        0x0 linker stubs

.vfp11_veneer   0x10001ecc        0x0
 .vfp11_veneer  0x10001ecc        0x0 linker stubs

.v4_bx          0x10001ecc        0x0
 .v4_bx         0x10001ecc        0x0 linker stubs

.iplt           0x10001ecc        0x0
 .iplt          0x10001ecc        0x0 /usr/lib/gcc/arm-none-eabi/13.2.1/thumb/v6-m/nofp/crtbegin.o

.rodata         0x10001ecc      0x158
 *(EXCLUDE_FILE(*libm.a: *libc.a:*lib_a-mem*.o *libgcc.a:) .rodata*)
 .rodata.main.str1.4
                0x10001ecc       0xd8 CMakeFiles/test.dir/src/main.c.obj
                                  0xd (size before relaxing)
 .rodata.str1.4
                0x10001fa4       0x25 CMakeFiles/test.dir/src/main.c.obj
 .rodata.__bi_9.0
                0x10001fa4        0xc CMakeFiles/test.dir/src/main.c.obj
 .rodata.__bi_10.1
                0x10001fb0        0xc CMakeFiles/test.dir/src/main.c.obj
 .rodata.panic.str1.4
                0x10001fbc       0x12 CMakeFiles/test.dir/home/leander/prog/drone/code/pico-sdk/src/rp2_common/pico_platform_panic/panic.c.obj
 .rodata.timer_hardware_alarm_claim.str1.4
                0x10001fbc       0x22 CMakeFiles/test.dir/home/leander/prog/drone/code/pico-sdk/src/rp2_common/hardware_timer/timer.c.obj
 .rodata.hard_assertion_failure.str1.4
                0x10001fbc        0xc CMakeFiles/test.dir/home/leander/prog/drone/code/pico-sdk/src/rp2_common/pico_runtime/runtime.c.obj
 .rodata.str1.4
                0x10001fbc       0x2c CMakeFiles/test.dir/home/leander/prog/drone/code/pico-sdk/src/rp2_common/pico_standard_binary_info/standard_binary_info.c.obj
 .rodata.__bi_84
                0x10001fbc        0xc CMakeFiles/test.dir/home/leander/prog/drone/code/pico-sdk/src/rp2_common/pico_standard_binary_info/standard_binary_info.c.obj
 .rodata.__bi_54
                0x10001fc8        0xc CMakeFiles/test.dir/home/leander/prog/drone/code/pico-sdk/src/rp2_common/pico_standard_binary_info/standard_binary_info.c.obj
 .rodata.__bi_48
                0x10001fd4        0xc CMakeFiles/test.dir/home/leander/prog/drone/code/pico-sdk/src/rp2_common/pico_standard_binary_info/standard_binary_info.c.obj
 .rodata.__bi_42
                0x10001fe0        0xc CMakeFiles/test.dir/home/leander/prog/drone/code/pico-sdk/src/rp2_common/pico_standard_binary_info/standard_binary_info.c.obj
 .rodata.__bi_34
                0x10001fec        0xc CMakeFiles/test.dir/home/leander/prog/drone/code/pico-sdk/src/rp2_common/pico_standard_binary_info/standard_binary_info.c.obj
 .rodata.__bi_26
                0x10001ff8        0xc CMakeFiles/test.dir/home/leander/prog/drone/code/pico-sdk/src/rp2_common/pico_standard_binary_info/standard_binary_info.c.obj
 .rodata.crlf_str.0
                0x10002004        0x2 CMakeFiles/test.dir/home/leander/prog/drone/code/pico-sdk/src/rp2_common/pico_stdio/stdio.c.obj
 .rodata.str1.4
                0x10002006       0x2c CMakeFiles/test.dir/home/leander/prog/drone/code/pico-sdk/src/rp2_common/pico_stdio_uart/stdio_uart.c.obj
 *fill*         0x10002006        0x2 
 .rodata.__bi_45.4
                0x10002008        0xc CMakeFiles/test.dir/home/leander/prog/drone/code/pico-sdk/src/rp2_common/pico_stdio_uart/stdio_uart.c.obj
 .rodata.__bi_49.5
                0x10002014        0x8 CMakeFiles/test.dir/home/leander/prog/drone/code/pico-sdk/src/rp2_common/pico_stdio_uart/stdio_uart.c.obj
 .rodata.__bi_50.6
                0x1000201c        0x8 CMakeFiles/test.dir/home/leander/prog/drone/code/pico-sdk/src/rp2_common/pico_stdio_uart/stdio_uart.c.obj
                0x10002024                        . = ALIGN (0x4)
 *(SORT_BY_ALIGNMENT(SORT_BY_NAME(.flashdata*)))
                0x10002024                        . = ALIGN (0x4)

.ARM.extab
 *(.ARM.extab* .gnu.linkonce.armextab.*)
                0x10002024                        __exidx_start = .

.ARM.exidx
 *(.ARM.exidx* .gnu.linkonce.armexidx.*)
                0x10002024                        __exidx_end = .
                0x10002024                        . = ALIGN (0x4)
                0x10002024                        __binary_info_start = .

.binary_info    0x10002024       0x2c
 *(.binary_info.keep.*)
 .binary_info.keep.__bi_ptr10
                0x10002024        0x4 CMakeFiles/test.dir/src/main.c.obj
 .binary_info.keep.__bi_ptr9
                0x10002028        0x4 CMakeFiles/test.dir/src/main.c.obj
 .binary_info.keep.__bi_ptr84
                0x1000202c        0x4 CMakeFiles/test.dir/home/leander/prog/drone/code/pico-sdk/src/rp2_common/pico_standard_binary_info/standard_binary_info.c.obj
 .binary_info.keep.__bi_ptr54
                0x10002030        0x4 CMakeFiles/test.dir/home/leander/prog/drone/code/pico-sdk/src/rp2_common/pico_standard_binary_info/standard_binary_info.c.obj
 .binary_info.keep.__bi_ptr48
                0x10002034        0x4 CMakeFiles/test.dir/home/leander/prog/drone/code/pico-sdk/src/rp2_common/pico_standard_binary_info/standard_binary_info.c.obj
 .binary_info.keep.__bi_ptr42
                0x10002038        0x4 CMakeFiles/test.dir/home/leander/prog/drone/code/pico-sdk/src/rp2_common/pico_standard_binary_info/standard_binary_info.c.obj
 .binary_info.keep.__bi_ptr34
                0x1000203c        0x4 CMakeFiles/test.dir/home/leander/prog/drone/code/pico-sdk/src/rp2_common/pico_standard_binary_info/standard_binary_info.c.obj
 .binary_info.keep.__bi_ptr26
                0x10002040        0x4 CMakeFiles/test.dir/home/leander/prog/drone/code/pico-sdk/src/rp2_common/pico_standard_binary_info/standard_binary_info.c.obj
 *(.binary_info.*)
 .binary_info.__bi_ptr50
                0x10002044        0x4 CMakeFiles/test.dir/home/leander/prog/drone/code/pico-sdk/src/rp2_common/pico_stdio_uart/stdio_uart.c.obj
 .binary_info.__bi_ptr49
                0x10002048        0x4 CMakeFiles/test.dir/home/leander/prog/drone/code/pico-sdk/src/rp2_common/pico_stdio_uart/stdio_uart.c.obj
 .binary_info.__bi_ptr45
                0x1000204c        0x4 CMakeFiles/test.dir/home/leander/prog/drone/code/pico-sdk/src/rp2_common/pico_stdio_uart/stdio_uart.c.obj
                0x10002050                        __binary_info_end = .

.rel.dyn        0x10002050        0x0
 .rel.iplt      0x10002050        0x0 /usr/lib/gcc/arm-none-eabi/13.2.1/thumb/v6-m/nofp/crtbegin.o
                0x10002050                        . = ALIGN (0x4)

.ram_vector_table
                0x20000000       0xc0
 *(.ram_vector_table)
 .ram_vector_table
                0x20000000       0xc0 CMakeFiles/test.dir/home/leander/prog/drone/code/pico-sdk/src/rp2_common/pico_runtime_init/runtime_init.c.obj
                0x20000000                ram_vector_table

.uninitialized_data
                0x200000c0        0x0
                0x200000c0                        . = ALIGN (0x4)
 *(.uninitialized_data*)

.data           0x200000c0      0x180 load address 0x10002050
                0x200000c0                        __data_start__ = .
 *(vtable)
 *(.time_critical*)
 .time_critical.mutex_try_enter_block_until
                0x200000c0       0x9c CMakeFiles/test.dir/home/leander/prog/drone/code/pico-sdk/src/common/pico_sync/mutex.c.obj
                0x200000c0                mutex_try_enter_block_until
 .time_critical.mutex_exit
                0x2000015c       0x28 CMakeFiles/test.dir/home/leander/prog/drone/code/pico-sdk/src/common/pico_sync/mutex.c.obj
                0x2000015c                mutex_exit
 *(.text*)
 .text          0x20000184        0x4 /usr/lib/gcc/arm-none-eabi/13.2.1/thumb/v6-m/nofp/libgcc.a(_dvmd_tls.o)
                0x20000184                __aeabi_ldiv0
                0x20000184                __aeabi_idiv0
 .text.__stub   0x20000188       0x10 linker stubs
                0x20000198                        . = ALIGN (0x4)
 *(.rodata*)
                0x20000198                        . = ALIGN (0x4)
 *(.data*)
 .data.striped_spin_lock_num
                0x20000198        0x1 CMakeFiles/test.dir/home/leander/prog/drone/code/pico-sdk/src/rp2_common/hardware_sync/sync.c.obj
 *fill*         0x20000199        0x3 
 .data          0x2000019c       0x48 CMakeFiles/test.dir/home/leander/prog/drone/code/pico-sdk/src/rp2_common/hardware_irq/irq_handler_chain.S.obj
                0x2000019c                irq_handler_chain_slots
                0x200001cc                irq_handler_chain_first_slot
                0x200001d6                irq_handler_chain_remove_tail
 .data.default_alarm_pool
                0x200001e4       0x18 CMakeFiles/test.dir/home/leander/prog/drone/code/pico-sdk/src/common/pico_time/time.c.obj
 *fill*         0x200001fc        0x4 
 .data.aeabi_bits_funcs
                0x20000200       0x10 CMakeFiles/test.dir/home/leander/prog/drone/code/pico-sdk/src/rp2_common/pico_bit_ops/bit_ops_aeabi.S.obj
                0x20000200                aeabi_bits_funcs
                0x20000210                aeabi_bits_funcs_end
 .data.aeabi_mem_funcs
                0x20000210       0x10 CMakeFiles/test.dir/home/leander/prog/drone/code/pico-sdk/src/rp2_common/pico_mem_ops/mem_ops_aeabi.S.obj
                0x20000210                aeabi_mem_funcs
                0x20000220                aeabi_mem_funcs_end
 .data.stdio_uart
                0x20000220       0x18 CMakeFiles/test.dir/home/leander/prog/drone/code/pico-sdk/src/rp2_common/pico_stdio_uart/stdio_uart.c.obj
                0x20000220                stdio_uart
                0x20000238                        . = ALIGN (0x4)
 *(.after_data.*)
                0x20000238                        . = ALIGN (0x4)
                0x20000238                        PROVIDE (__mutex_array_start = .)
 *(SORT_BY_NAME(.mutex_array.*))
 *(.mutex_array)
 .mutex_array   0x20000238        0x8 CMakeFiles/test.dir/home/leander/prog/drone/code/pico-sdk/src/rp2_common/pico_stdio/stdio.c.obj
                0x20000240                        PROVIDE (__mutex_array_end = .)
                0x20000240                        . = ALIGN (0x4)
 *(.jcr)
                0x20000240                        . = ALIGN (0x4)

.tm_clone_table
                0x20000240        0x0 load address 0x100021d0
 .tm_clone_table
                0x20000240        0x0 /usr/lib/gcc/arm-none-eabi/13.2.1/thumb/v6-m/nofp/crtbegin.o
 .tm_clone_table
                0x20000240        0x0 /usr/lib/gcc/arm-none-eabi/13.2.1/thumb/v6-m/nofp/crtend.o

.igot.plt       0x20000240        0x0 load address 0x100021d0
 .igot.plt      0x20000240        0x0 /usr/lib/gcc/arm-none-eabi/13.2.1/thumb/v6-m/nofp/crtbegin.o

.tdata          0x20000240        0x0 load address 0x100021d0
                0x20000240                        . = ALIGN (0x4)
 *(.tdata .tdata.* .gnu.linkonce.td.*)
                0x20000240                        __tdata_end = .
                0x20000240                        PROVIDE (__data_end__ = .)
                0x10002050                        __etext = LOADADDR (.data)

.tbss           0x20000240        0x0 load address 0x100021d0
                0x20000240                        . = ALIGN (0x4)
                0x20000240                        __bss_start__ = .
                0x20000240                        __tls_base = .
 *(.tbss .tbss.* .gnu.linkonce.tb.*)
 *(.tcommon)
                0x20000240                        __tls_end = .

.bss            0x20000240      0x594 load address 0x100021d0
                0x20000240                        . = ALIGN (0x4)
                0x20000240                        __tbss_end = .
 *(SORT_BY_ALIGNMENT(SORT_BY_NAME(.bss*)))
 .bss.default_alarm_pool_entries
                0x20000240      0x180 CMakeFiles/test.dir/home/leander/prog/drone/code/pico-sdk/src/common/pico_time/time.c.obj
 .bss.sd_table  0x200003c0      0x100 CMakeFiles/test.dir/home/leander/prog/drone/code/pico-sdk/src/rp2_common/pico_double/double_init_rom_rp2040.c.obj
                0x200003c0                sd_table
 .bss.sf_table  0x200004c0      0x100 CMakeFiles/test.dir/home/leander/prog/drone/code/pico-sdk/src/rp2_common/pico_float/float_init_rom_rp2040.c.obj
                0x200004c0                sf_table
 .bss           0x200005c0       0x1c /usr/lib/gcc/arm-none-eabi/13.2.1/thumb/v6-m/nofp/crtbegin.o
 .bss           0x200005dc      0x190 /usr/lib/gcc/arm-none-eabi/13.2.1/../../../arm-none-eabi/lib/thumb/v6-m/nofp/libg.a(libc_a-__atexit.o)
                0x200005dc                __atexit0
 .bss           0x2000076c        0x4 /usr/lib/gcc/arm-none-eabi/13.2.1/../../../arm-none-eabi/lib/thumb/v6-m/nofp/libg.a(libc_a-__call_atexit.o)
                0x2000076c                __atexit
 .bss.chars_available_callback
                0x20000770        0x4 CMakeFiles/test.dir/home/leander/prog/drone/code/pico-sdk/src/rp2_common/pico_stdio_uart/stdio_uart.c.obj
 .bss.chars_available_param
                0x20000774        0x4 CMakeFiles/test.dir/home/leander/prog/drone/code/pico-sdk/src/rp2_common/pico_stdio_uart/stdio_uart.c.obj
 .bss.claimed   0x20000778        0x1 CMakeFiles/test.dir/home/leander/prog/drone/code/pico-sdk/src/rp2_common/hardware_timer/timer.c.obj
 *fill*         0x20000779        0x3 
 .bss.configured_freq
                0x2000077c       0x28 CMakeFiles/test.dir/home/leander/prog/drone/code/pico-sdk/src/rp2_common/hardware_clocks/clocks.c.obj
 .bss.drivers   0x200007a4        0x4 CMakeFiles/test.dir/home/leander/prog/drone/code/pico-sdk/src/rp2_common/pico_stdio/stdio.c.obj
 .bss.filter    0x200007a8        0x4 CMakeFiles/test.dir/home/leander/prog/drone/code/pico-sdk/src/rp2_common/pico_stdio/stdio.c.obj
 .bss.lazy_vsnprintf
                0x200007ac        0x4 CMakeFiles/test.dir/home/leander/prog/drone/code/pico-sdk/src/rp2_common/pico_printf/printf.c.obj
 .bss.pools     0x200007b0       0x10 CMakeFiles/test.dir/home/leander/prog/drone/code/pico-sdk/src/common/pico_time/time.c.obj
 .bss.sf_clz_func
                0x200007c0        0x4 CMakeFiles/test.dir/home/leander/prog/drone/code/pico-sdk/src/rp2_common/pico_double/double_init_rom_rp2040.c.obj
                0x200007c0                sf_clz_func
 .bss.sleep_notifier
                0x200007c4        0x4 CMakeFiles/test.dir/home/leander/prog/drone/code/pico-sdk/src/common/pico_time/time.c.obj
 .bss.uart_char_to_line_feed
                0x200007c8        0x4 CMakeFiles/test.dir/home/leander/prog/drone/code/pico-sdk/src/rp2_common/hardware_uart/uart.c.obj
                0x200007c8                uart_char_to_line_feed
 .bss.uart_instance
                0x200007cc        0x4 CMakeFiles/test.dir/home/leander/prog/drone/code/pico-sdk/src/rp2_common/pico_stdio_uart/stdio_uart.c.obj
 .bss.irq_handler_chain_free_slot_head
                0x200007d0        0x1 CMakeFiles/test.dir/home/leander/prog/drone/code/pico-sdk/src/rp2_common/hardware_irq/irq.c.obj
 *(COMMON)
                0x200007d4                        . = ALIGN (0x4)
 *fill*         0x200007d1        0x3 
                0x200007d4                        __bss_end__ = .

.heap           0x200007d4    0x3f82c load address 0x100021d0
                0x200007d4                        __end__ = .
                0x200007d4                        end = __end__
 *(.heap*)
 .heap          0x200007d4      0x800 CMakeFiles/test.dir/home/leander/prog/drone/code/pico-sdk/src/rp2_common/pico_crt0/crt0.S.obj
                0x20040000                        . = (ORIGIN (RAM) + LENGTH (RAM))
 *fill*         0x20000fd4    0x3f02c 
                0x20040000                        __HeapLimit = .

.scratch_x      0x20040000        0x0 load address 0x100021d0
                0x20040000                        __scratch_x_start__ = .
 *(.scratch_x.*)
                0x20040000                        . = ALIGN (0x4)
                0x20040000                        __scratch_x_end__ = .
                0x100021d0                        __scratch_x_source__ = LOADADDR (.scratch_x)

.scratch_y      0x20041000        0x0 load address 0x100021d0
                0x20041000                        __scratch_y_start__ = .
 *(.scratch_y.*)
                0x20041000                        . = ALIGN (0x4)
                0x20041000                        __scratch_y_end__ = .
                0x100021d0                        __scratch_y_source__ = LOADADDR (.scratch_y)

.stack1_dummy
 *(.stack1*)

.stack_dummy    0x20041000      0x800
 *(.stack*)
 .stack         0x20041000      0x800 CMakeFiles/test.dir/home/leander/prog/drone/code/pico-sdk/src/rp2_common/pico_crt0/crt0.S.obj

.flash_end      0x100021d0        0x0
 *(.embedded_end_block*)
                0x100021d0                        PROVIDE (__flash_binary_end = .)
                0x20040000                        __StackLimit = (ORIGIN (RAM) + LENGTH (RAM))
                0x20041000                        __StackOneTop = (ORIGIN (SCRATCH_X) + LENGTH (SCRATCH_X))
                0x20042000                        __StackTop = (ORIGIN (SCRATCH_Y) + LENGTH (SCRATCH_Y))
                0x20041000                        __StackOneBottom = (__StackOneTop - SIZEOF (.stack1_dummy))
                0x20041800                        __StackBottom = (__StackTop - SIZEOF (.stack_dummy))
                0x20042000                        PROVIDE (__stack = __StackTop)
                [!provide]                        PROVIDE (__heap_start = __end__)
                [!provide]                        PROVIDE (__heap_end = __HeapLimit)
                [!provide]                        PROVIDE (__tls_align = MAX (ALIGNOF (.tdata), ALIGNOF (.tbss)))
                [!provide]                        PROVIDE (__tls_size_align = (((__tls_size + __tls_align) - 0x1) & ~ ((__tls_align - 0x1))))
                [!provide]                        PROVIDE (__arm32_tls_tcb_offset = MAX (0x8, __tls_align))
                [!provide]                        PROVIDE (_end = __end__)
                [!provide]                        PROVIDE (__llvm_libc_heap_limit = __HeapLimit)
                0x00000001                        ASSERT ((__StackLimit >= __HeapLimit), region RAM overflowed)
                0x00000001                        ASSERT (((__binary_info_header_end - __logical_binary_start) <= 0x100), Binary info must be in first 256 bytes of the binary)
LOAD CMakeFiles/test.dir/src/main.c.obj
LOAD CMakeFiles/test.dir/home/leander/prog/drone/code/pico-sdk/src/rp2_common/pico_stdlib/stdlib.c.obj
LOAD CMakeFiles/test.dir/home/leander/prog/drone/code/pico-sdk/src/rp2_common/hardware_gpio/gpio.c.obj
LOAD CMakeFiles/test.dir/home/leander/prog/drone/code/pico-sdk/src/rp2040/pico_platform/platform.c.obj
LOAD CMakeFiles/test.dir/home/leander/prog/drone/code/pico-sdk/src/rp2_common/pico_platform_panic/panic.c.obj
LOAD CMakeFiles/test.dir/home/leander/prog/drone/code/pico-sdk/src/common/hardware_claim/claim.c.obj
LOAD CMakeFiles/test.dir/home/leander/prog/drone/code/pico-sdk/src/rp2_common/hardware_sync/sync.c.obj
LOAD CMakeFiles/test.dir/home/leander/prog/drone/code/pico-sdk/src/rp2_common/hardware_sync_spin_lock/sync_spin_lock.c.obj
LOAD CMakeFiles/test.dir/home/leander/prog/drone/code/pico-sdk/src/rp2_common/hardware_irq/irq.c.obj
LOAD CMakeFiles/test.dir/home/leander/prog/drone/code/pico-sdk/src/rp2_common/hardware_irq/irq_handler_chain.S.obj
LOAD CMakeFiles/test.dir/home/leander/prog/drone/code/pico-sdk/src/common/pico_sync/sem.c.obj
LOAD CMakeFiles/test.dir/home/leander/prog/drone/code/pico-sdk/src/common/pico_sync/lock_core.c.obj
LOAD CMakeFiles/test.dir/home/leander/prog/drone/code/pico-sdk/src/common/pico_sync/mutex.c.obj
LOAD CMakeFiles/test.dir/home/leander/prog/drone/code/pico-sdk/src/common/pico_sync/critical_section.c.obj
LOAD CMakeFiles/test.dir/home/leander/prog/drone/code/pico-sdk/src/common/pico_time/time.c.obj
LOAD CMakeFiles/test.dir/home/leander/prog/drone/code/pico-sdk/src/common/pico_time/timeout_helper.c.obj
LOAD CMakeFiles/test.dir/home/leander/prog/drone/code/pico-sdk/src/rp2_common/hardware_timer/timer.c.obj
LOAD CMakeFiles/test.dir/home/leander/prog/drone/code/pico-sdk/src/common/pico_util/datetime.c.obj
LOAD CMakeFiles/test.dir/home/leander/prog/drone/code/pico-sdk/src/common/pico_util/pheap.c.obj
LOAD CMakeFiles/test.dir/home/leander/prog/drone/code/pico-sdk/src/common/pico_util/queue.c.obj
LOAD CMakeFiles/test.dir/home/leander/prog/drone/code/pico-sdk/src/rp2_common/hardware_uart/uart.c.obj
LOAD CMakeFiles/test.dir/home/leander/prog/drone/code/pico-sdk/src/rp2_common/hardware_clocks/clocks.c.obj
LOAD CMakeFiles/test.dir/home/leander/prog/drone/code/pico-sdk/src/rp2_common/hardware_pll/pll.c.obj
LOAD CMakeFiles/test.dir/home/leander/prog/drone/code/pico-sdk/src/rp2_common/hardware_vreg/vreg.c.obj
LOAD CMakeFiles/test.dir/home/leander/prog/drone/code/pico-sdk/src/rp2_common/hardware_watchdog/watchdog.c.obj
LOAD CMakeFiles/test.dir/home/leander/prog/drone/code/pico-sdk/src/rp2_common/hardware_ticks/ticks.c.obj
LOAD CMakeFiles/test.dir/home/leander/prog/drone/code/pico-sdk/src/rp2_common/hardware_xosc/xosc.c.obj
LOAD CMakeFiles/test.dir/home/leander/prog/drone/code/pico-sdk/src/rp2_common/hardware_divider/divider.S.obj
LOAD CMakeFiles/test.dir/home/leander/prog/drone/code/pico-sdk/src/rp2_common/pico_runtime/runtime.c.obj
LOAD CMakeFiles/test.dir/home/leander/prog/drone/code/pico-sdk/src/rp2_common/pico_runtime_init/runtime_init.c.obj
LOAD CMakeFiles/test.dir/home/leander/prog/drone/code/pico-sdk/src/rp2_common/pico_runtime_init/runtime_init_clocks.c.obj
LOAD CMakeFiles/test.dir/home/leander/prog/drone/code/pico-sdk/src/rp2_common/pico_runtime_init/runtime_init_stack_guard.c.obj
LOAD CMakeFiles/test.dir/home/leander/prog/drone/code/pico-sdk/src/rp2_common/pico_bit_ops/bit_ops_aeabi.S.obj
LOAD CMakeFiles/test.dir/home/leander/prog/drone/code/pico-sdk/src/rp2_common/pico_bootrom/bootrom.c.obj
LOAD CMakeFiles/test.dir/home/leander/prog/drone/code/pico-sdk/src/rp2_common/pico_bootrom/bootrom_lock.c.obj
LOAD CMakeFiles/test.dir/home/leander/prog/drone/code/pico-sdk/src/rp2_common/hardware_boot_lock/boot_lock.c.obj
LOAD CMakeFiles/test.dir/home/leander/prog/drone/code/pico-sdk/src/rp2_common/pico_divider/divider_hardware.S.obj
LOAD CMakeFiles/test.dir/home/leander/prog/drone/code/pico-sdk/src/rp2_common/pico_double/double_aeabi_rp2040.S.obj
LOAD CMakeFiles/test.dir/home/leander/prog/drone/code/pico-sdk/src/rp2_common/pico_double/double_init_rom_rp2040.c.obj
LOAD CMakeFiles/test.dir/home/leander/prog/drone/code/pico-sdk/src/rp2_common/pico_double/double_math.c.obj
LOAD CMakeFiles/test.dir/home/leander/prog/drone/code/pico-sdk/src/rp2_common/pico_double/double_v1_rom_shim_rp2040.S.obj
LOAD CMakeFiles/test.dir/home/leander/prog/drone/code/pico-sdk/src/rp2_common/pico_int64_ops/pico_int64_ops_aeabi.S.obj
LOAD CMakeFiles/test.dir/home/leander/prog/drone/code/pico-sdk/src/rp2_common/pico_float/float_aeabi_rp2040.S.obj
LOAD CMakeFiles/test.dir/home/leander/prog/drone/code/pico-sdk/src/rp2_common/pico_float/float_init_rom_rp2040.c.obj
LOAD CMakeFiles/test.dir/home/leander/prog/drone/code/pico-sdk/src/rp2_common/pico_float/float_math.c.obj
LOAD CMakeFiles/test.dir/home/leander/prog/drone/code/pico-sdk/src/rp2_common/pico_float/float_v1_rom_shim_rp2040.S.obj
LOAD CMakeFiles/test.dir/home/leander/prog/drone/code/pico-sdk/src/rp2_common/pico_malloc/malloc.c.obj
LOAD CMakeFiles/test.dir/home/leander/prog/drone/code/pico-sdk/src/rp2_common/pico_mem_ops/mem_ops_aeabi.S.obj
LOAD CMakeFiles/test.dir/home/leander/prog/drone/code/pico-sdk/src/rp2_common/pico_atomic/atomic.c.obj
LOAD CMakeFiles/test.dir/home/leander/prog/drone/code/pico-sdk/src/rp2_common/pico_cxx_options/new_delete.cpp.obj
LOAD CMakeFiles/test.dir/home/leander/prog/drone/code/pico-sdk/src/rp2_common/pico_standard_binary_info/standard_binary_info.c.obj
LOAD CMakeFiles/test.dir/home/leander/prog/drone/code/pico-sdk/src/rp2_common/pico_printf/printf.c.obj
LOAD CMakeFiles/test.dir/home/leander/prog/drone/code/pico-sdk/src/rp2_common/pico_crt0/crt0.S.obj
LOAD CMakeFiles/test.dir/home/leander/prog/drone/code/pico-sdk/src/rp2_common/pico_clib_interface/newlib_interface.c.obj
LOAD CMakeFiles/test.dir/home/leander/prog/drone/code/pico-sdk/src/rp2_common/pico_stdio/stdio.c.obj
LOAD CMakeFiles/test.dir/home/leander/prog/drone/code/pico-sdk/src/rp2_common/pico_stdio_uart/stdio_uart.c.obj
LOAD /tmp/ccWVxYto.o
LOAD /usr/lib/gcc/arm-none-eabi/13.2.1/../../../arm-none-eabi/lib/thumb/v6-m/nofp/libstdc++.a
LOAD /usr/lib/gcc/arm-none-eabi/13.2.1/../../../arm-none-eabi/lib/thumb/v6-m/nofp/libm.a
START GROUP
LOAD /usr/lib/gcc/arm-none-eabi/13.2.1/thumb/v6-m/nofp/libgcc.a
LOAD /usr/lib/gcc/arm-none-eabi/13.2.1/../../../arm-none-eabi/lib/thumb/v6-m/nofp/libg.a
LOAD /usr/lib/gcc/arm-none-eabi/13.2.1/../../../arm-none-eabi/lib/thumb/v6-m/nofp/libc.a
END GROUP
START GROUP
LOAD /usr/lib/gcc/arm-none-eabi/13.2.1/thumb/v6-m/nofp/libgcc.a
LOAD /usr/lib/gcc/arm-none-eabi/13.2.1/../../../arm-none-eabi/lib/thumb/v6-m/nofp/libc.a
LOAD /usr/lib/gcc/arm-none-eabi/13.2.1/../../../arm-none-eabi/lib/thumb/v6-m/nofp/libnosys.a
END GROUP
LOAD /usr/lib/gcc/arm-none-eabi/13.2.1/thumb/v6-m/nofp/crtend.o
LOAD /usr/lib/gcc/arm-none-eabi/13.2.1/thumb/v6-m/nofp/crtn.o
OUTPUT(test.elf elf32-littlearm)
LOAD linker stubs

.ARM.attributes
                0x00000000       0x28
 .ARM.attributes
                0x00000000       0x1e /usr/lib/gcc/arm-none-eabi/13.2.1/thumb/v6-m/nofp/crti.o
 .ARM.attributes
                0x0000001e       0x2c /usr/lib/gcc/arm-none-eabi/13.2.1/thumb/v6-m/nofp/crtbegin.o
 .ARM.attributes
                0x0000004a       0x2c CMakeFiles/test.dir/src/main.c.obj
 .ARM.attributes
                0x00000076       0x2c CMakeFiles/test.dir/home/leander/prog/drone/code/pico-sdk/src/rp2_common/hardware_gpio/gpio.c.obj
 .ARM.attributes
                0x000000a2       0x2c CMakeFiles/test.dir/home/leander/prog/drone/code/pico-sdk/src/rp2_common/pico_platform_panic/panic.c.obj
 .ARM.attributes
                0x000000ce       0x2c CMakeFiles/test.dir/home/leander/prog/drone/code/pico-sdk/src/common/hardware_claim/claim.c.obj
 .ARM.attributes
                0x000000fa       0x2c CMakeFiles/test.dir/home/leander/prog/drone/code/pico-sdk/src/rp2_common/hardware_sync/sync.c.obj
 .ARM.attributes
                0x00000126       0x2c CMakeFiles/test.dir/home/leander/prog/drone/code/pico-sdk/src/rp2_common/hardware_sync_spin_lock/sync_spin_lock.c.obj
 .ARM.attributes
                0x00000152       0x2c CMakeFiles/test.dir/home/leander/prog/drone/code/pico-sdk/src/rp2_common/hardware_irq/irq.c.obj
 .ARM.attributes
                0x0000017e       0x22 CMakeFiles/test.dir/home/leander/prog/drone/code/pico-sdk/src/rp2_common/hardware_irq/irq_handler_chain.S.obj
 .ARM.attributes
                0x000001a0       0x2c CMakeFiles/test.dir/home/leander/prog/drone/code/pico-sdk/src/common/pico_sync/lock_core.c.obj
 .ARM.attributes
                0x000001cc       0x2c CMakeFiles/test.dir/home/leander/prog/drone/code/pico-sdk/src/common/pico_sync/mutex.c.obj
 .ARM.attributes
                0x000001f8       0x2c CMakeFiles/test.dir/home/leander/prog/drone/code/pico-sdk/src/common/pico_time/time.c.obj
 .ARM.attributes
                0x00000224       0x2c CMakeFiles/test.dir/home/leander/prog/drone/code/pico-sdk/src/rp2_common/hardware_timer/timer.c.obj
 .ARM.attributes
                0x00000250       0x2c CMakeFiles/test.dir/home/leander/prog/drone/code/pico-sdk/src/rp2_common/hardware_uart/uart.c.obj
 .ARM.attributes
                0x0000027c       0x2c CMakeFiles/test.dir/home/leander/prog/drone/code/pico-sdk/src/rp2_common/hardware_clocks/clocks.c.obj
 .ARM.attributes
                0x000002a8       0x2c CMakeFiles/test.dir/home/leander/prog/drone/code/pico-sdk/src/rp2_common/hardware_pll/pll.c.obj
 .ARM.attributes
                0x000002d4       0x2c CMakeFiles/test.dir/home/leander/prog/drone/code/pico-sdk/src/rp2_common/hardware_ticks/ticks.c.obj
 .ARM.attributes
                0x00000300       0x2c CMakeFiles/test.dir/home/leander/prog/drone/code/pico-sdk/src/rp2_common/hardware_xosc/xosc.c.obj
 .ARM.attributes
                0x0000032c       0x2c CMakeFiles/test.dir/home/leander/prog/drone/code/pico-sdk/src/rp2_common/pico_runtime/runtime.c.obj
 .ARM.attributes
                0x00000358       0x2c CMakeFiles/test.dir/home/leander/prog/drone/code/pico-sdk/src/rp2_common/pico_runtime_init/runtime_init.c.obj
 .ARM.attributes
                0x00000384       0x2c CMakeFiles/test.dir/home/leander/prog/drone/code/pico-sdk/src/rp2_common/pico_runtime_init/runtime_init_clocks.c.obj
 .ARM.attributes
                0x000003b0       0x22 CMakeFiles/test.dir/home/leander/prog/drone/code/pico-sdk/src/rp2_common/pico_bit_ops/bit_ops_aeabi.S.obj
 .ARM.attributes
                0x000003d2       0x2c CMakeFiles/test.dir/home/leander/prog/drone/code/pico-sdk/src/rp2_common/pico_bootrom/bootrom.c.obj
 .ARM.attributes
                0x000003fe       0x22 CMakeFiles/test.dir/home/leander/prog/drone/code/pico-sdk/src/rp2_common/pico_divider/divider_hardware.S.obj
 .ARM.attributes
                0x00000420       0x22 CMakeFiles/test.dir/home/leander/prog/drone/code/pico-sdk/src/rp2_common/pico_double/double_aeabi_rp2040.S.obj
 .ARM.attributes
                0x00000442       0x2c CMakeFiles/test.dir/home/leander/prog/drone/code/pico-sdk/src/rp2_common/pico_double/double_init_rom_rp2040.c.obj
 .ARM.attributes
                0x0000046e       0x22 CMakeFiles/test.dir/home/leander/prog/drone/code/pico-sdk/src/rp2_common/pico_double/double_v1_rom_shim_rp2040.S.obj
 .ARM.attributes
                0x00000490       0x22 CMakeFiles/test.dir/home/leander/prog/drone/code/pico-sdk/src/rp2_common/pico_int64_ops/pico_int64_ops_aeabi.S.obj
 .ARM.attributes
                0x000004b2       0x22 CMakeFiles/test.dir/home/leander/prog/drone/code/pico-sdk/src/rp2_common/pico_float/float_aeabi_rp2040.S.obj
 .ARM.attributes
                0x000004d4       0x2c CMakeFiles/test.dir/home/leander/prog/drone/code/pico-sdk/src/rp2_common/pico_float/float_init_rom_rp2040.c.obj
 .ARM.attributes
                0x00000500       0x22 CMakeFiles/test.dir/home/leander/prog/drone/code/pico-sdk/src/rp2_common/pico_float/float_v1_rom_shim_rp2040.S.obj
 .ARM.attributes
                0x00000522       0x22 CMakeFiles/test.dir/home/leander/prog/drone/code/pico-sdk/src/rp2_common/pico_mem_ops/mem_ops_aeabi.S.obj
 .ARM.attributes
                0x00000544       0x2c CMakeFiles/test.dir/home/leander/prog/drone/code/pico-sdk/src/rp2_common/pico_standard_binary_info/standard_binary_info.c.obj
 .ARM.attributes
                0x00000570       0x2c CMakeFiles/test.dir/home/leander/prog/drone/code/pico-sdk/src/rp2_common/pico_printf/printf.c.obj
 .ARM.attributes
                0x0000059c       0x22 CMakeFiles/test.dir/home/leander/prog/drone/code/pico-sdk/src/rp2_common/pico_crt0/crt0.S.obj
 .ARM.attributes
                0x000005be       0x2c CMakeFiles/test.dir/home/leander/prog/drone/code/pico-sdk/src/rp2_common/pico_clib_interface/newlib_interface.c.obj
 .ARM.attributes
                0x000005ea       0x2c CMakeFiles/test.dir/home/leander/prog/drone/code/pico-sdk/src/rp2_common/pico_stdio/stdio.c.obj
 .ARM.attributes
                0x00000616       0x2c CMakeFiles/test.dir/home/leander/prog/drone/code/pico-sdk/src/rp2_common/pico_stdio_uart/stdio_uart.c.obj
 .ARM.attributes
                0x00000642       0x22 /tmp/ccWVxYto.o
 .ARM.attributes
                0x00000664       0x1e /usr/lib/gcc/arm-none-eabi/13.2.1/thumb/v6-m/nofp/libgcc.a(_dvmd_tls.o)
 .ARM.attributes
                0x00000682       0x2c /usr/lib/gcc/arm-none-eabi/13.2.1/../../../arm-none-eabi/lib/thumb/v6-m/nofp/libg.a(libc_a-atexit.o)
 .ARM.attributes
                0x000006ae       0x2c /usr/lib/gcc/arm-none-eabi/13.2.1/../../../arm-none-eabi/lib/thumb/v6-m/nofp/libg.a(libc_a-strlen-stub.o)
 .ARM.attributes
                0x000006da       0x2c /usr/lib/gcc/arm-none-eabi/13.2.1/../../../arm-none-eabi/lib/thumb/v6-m/nofp/libg.a(libc_a-fini.o)
 .ARM.attributes
                0x00000706       0x2c /usr/lib/gcc/arm-none-eabi/13.2.1/../../../arm-none-eabi/lib/thumb/v6-m/nofp/libg.a(libc_a-__atexit.o)
 .ARM.attributes
                0x00000732       0x2c /usr/lib/gcc/arm-none-eabi/13.2.1/../../../arm-none-eabi/lib/thumb/v6-m/nofp/libg.a(libc_a-__call_atexit.o)
 .ARM.attributes
                0x0000075e       0x2c /usr/lib/gcc/arm-none-eabi/13.2.1/thumb/v6-m/nofp/crtend.o

.comment        0x00000000       0x26
 .comment       0x00000000       0x26 /usr/lib/gcc/arm-none-eabi/13.2.1/thumb/v6-m/nofp/crtbegin.o
                                 0x27 (size before relaxing)
 .comment       0x00000026       0x27 CMakeFiles/test.dir/src/main.c.obj
 .comment       0x00000026       0x27 CMakeFiles/test.dir/home/leander/prog/drone/code/pico-sdk/src/rp2_common/hardware_gpio/gpio.c.obj
 .comment       0x00000026       0x27 CMakeFiles/test.dir/home/leander/prog/drone/code/pico-sdk/src/rp2_common/pico_platform_panic/panic.c.obj
 .comment       0x00000026       0x27 CMakeFiles/test.dir/home/leander/prog/drone/code/pico-sdk/src/common/hardware_claim/claim.c.obj
 .comment       0x00000026       0x27 CMakeFiles/test.dir/home/leander/prog/drone/code/pico-sdk/src/rp2_common/hardware_sync/sync.c.obj
 .comment       0x00000026       0x27 CMakeFiles/test.dir/home/leander/prog/drone/code/pico-sdk/src/rp2_common/hardware_sync_spin_lock/sync_spin_lock.c.obj
 .comment       0x00000026       0x27 CMakeFiles/test.dir/home/leander/prog/drone/code/pico-sdk/src/rp2_common/hardware_irq/irq.c.obj
 .comment       0x00000026       0x27 CMakeFiles/test.dir/home/leander/prog/drone/code/pico-sdk/src/common/pico_sync/lock_core.c.obj
 .comment       0x00000026       0x27 CMakeFiles/test.dir/home/leander/prog/drone/code/pico-sdk/src/common/pico_sync/mutex.c.obj
 .comment       0x00000026       0x27 CMakeFiles/test.dir/home/leander/prog/drone/code/pico-sdk/src/common/pico_time/time.c.obj
 .comment       0x00000026       0x27 CMakeFiles/test.dir/home/leander/prog/drone/code/pico-sdk/src/rp2_common/hardware_timer/timer.c.obj
 .comment       0x00000026       0x27 CMakeFiles/test.dir/home/leander/prog/drone/code/pico-sdk/src/rp2_common/hardware_uart/uart.c.obj
 .comment       0x00000026       0x27 CMakeFiles/test.dir/home/leander/prog/drone/code/pico-sdk/src/rp2_common/hardware_clocks/clocks.c.obj
 .comment       0x00000026       0x27 CMakeFiles/test.dir/home/leander/prog/drone/code/pico-sdk/src/rp2_common/hardware_pll/pll.c.obj
 .comment       0x00000026       0x27 CMakeFiles/test.dir/home/leander/prog/drone/code/pico-sdk/src/rp2_common/hardware_ticks/ticks.c.obj
 .comment       0x00000026       0x27 CMakeFiles/test.dir/home/leander/prog/drone/code/pico-sdk/src/rp2_common/hardware_xosc/xosc.c.obj
 .comment       0x00000026       0x27 CMakeFiles/test.dir/home/leander/prog/drone/code/pico-sdk/src/rp2_common/pico_runtime/runtime.c.obj
 .comment       0x00000026       0x27 CMakeFiles/test.dir/home/leander/prog/drone/code/pico-sdk/src/rp2_common/pico_runtime_init/runtime_init.c.obj
 .comment       0x00000026       0x27 CMakeFiles/test.dir/home/leander/prog/drone/code/pico-sdk/src/rp2_common/pico_runtime_init/runtime_init_clocks.c.obj
 .comment       0x00000026       0x27 CMakeFiles/test.dir/home/leander/prog/drone/code/pico-sdk/src/rp2_common/pico_bootrom/bootrom.c.obj
 .comment       0x00000026       0x27 CMakeFiles/test.dir/home/leander/prog/drone/code/pico-sdk/src/rp2_common/pico_double/double_init_rom_rp2040.c.obj
 .comment       0x00000026       0x27 CMakeFiles/test.dir/home/leander/prog/drone/code/pico-sdk/src/rp2_common/pico_float/float_init_rom_rp2040.c.obj
 .comment       0x00000026       0x27 CMakeFiles/test.dir/home/leander/prog/drone/code/pico-sdk/src/rp2_common/pico_standard_binary_info/standard_binary_info.c.obj
 .comment       0x00000026       0x27 CMakeFiles/test.dir/home/leander/prog/drone/code/pico-sdk/src/rp2_common/pico_printf/printf.c.obj
 .comment       0x00000026       0x27 CMakeFiles/test.dir/home/leander/prog/drone/code/pico-sdk/src/rp2_common/pico_clib_interface/newlib_interface.c.obj
 .comment       0x00000026       0x27 CMakeFiles/test.dir/home/leander/prog/drone/code/pico-sdk/src/rp2_common/pico_stdio/stdio.c.obj
 .comment       0x00000026       0x27 CMakeFiles/test.dir/home/leander/prog/drone/code/pico-sdk/src/rp2_common/pico_stdio_uart/stdio_uart.c.obj
 .comment       0x00000026       0x27 /usr/lib/gcc/arm-none-eabi/13.2.1/../../../arm-none-eabi/lib/thumb/v6-m/nofp/libg.a(libc_a-atexit.o)
 .comment       0x00000026       0x27 /usr/lib/gcc/arm-none-eabi/13.2.1/../../../arm-none-eabi/lib/thumb/v6-m/nofp/libg.a(libc_a-strlen-stub.o)
 .comment       0x00000026       0x27 /usr/lib/gcc/arm-none-eabi/13.2.1/../../../arm-none-eabi/lib/thumb/v6-m/nofp/libg.a(libc_a-fini.o)
 .comment       0x00000026       0x27 /usr/lib/gcc/arm-none-eabi/13.2.1/../../../arm-none-eabi/lib/thumb/v6-m/nofp/libg.a(libc_a-__atexit.o)
 .comment       0x00000026       0x27 /usr/lib/gcc/arm-none-eabi/13.2.1/../../../arm-none-eabi/lib/thumb/v6-m/nofp/libg.a(libc_a-__call_atexit.o)
 .comment       0x00000026       0x27 /usr/lib/gcc/arm-none-eabi/13.2.1/thumb/v6-m/nofp/crtend.o

.debug_info     0x00000000    0x1cbba
 .debug_info    0x00000000      0x93d CMakeFiles/test.dir/src/main.c.obj
 .debug_info    0x0000093d     0x2407 CMakeFiles/test.dir/home/leander/prog/drone/code/pico-sdk/src/rp2_common/hardware_gpio/gpio.c.obj
 .debug_info    0x00002d44      0x1bf CMakeFiles/test.dir/home/leander/prog/drone/code/pico-sdk/src/rp2_common/pico_platform_panic/panic.c.obj
 .debug_info    0x00002f03      0x97d CMakeFiles/test.dir/home/leander/prog/drone/code/pico-sdk/src/common/hardware_claim/claim.c.obj
 .debug_info    0x00003880      0x440 CMakeFiles/test.dir/home/leander/prog/drone/code/pico-sdk/src/rp2_common/hardware_sync/sync.c.obj
 .debug_info    0x00003cc0      0x239 CMakeFiles/test.dir/home/leander/prog/drone/code/pico-sdk/src/rp2_common/hardware_sync_spin_lock/sync_spin_lock.c.obj
 .debug_info    0x00003ef9     0x2160 CMakeFiles/test.dir/home/leander/prog/drone/code/pico-sdk/src/rp2_common/hardware_irq/irq.c.obj
 .debug_info    0x00006059      0x153 CMakeFiles/test.dir/home/leander/prog/drone/code/pico-sdk/src/common/pico_sync/lock_core.c.obj
 .debug_info    0x000061ac     0x27bb CMakeFiles/test.dir/home/leander/prog/drone/code/pico-sdk/src/common/pico_sync/mutex.c.obj
 .debug_info    0x00008967     0x48fa CMakeFiles/test.dir/home/leander/prog/drone/code/pico-sdk/src/common/pico_time/time.c.obj
 .debug_info    0x0000d261     0x2abc CMakeFiles/test.dir/home/leander/prog/drone/code/pico-sdk/src/rp2_common/hardware_timer/timer.c.obj
 .debug_info    0x0000fd1d     0x193b CMakeFiles/test.dir/home/leander/prog/drone/code/pico-sdk/src/rp2_common/hardware_uart/uart.c.obj
 .debug_info    0x00011658     0x28ed CMakeFiles/test.dir/home/leander/prog/drone/code/pico-sdk/src/rp2_common/hardware_clocks/clocks.c.obj
 .debug_info    0x00013f45      0x4cd CMakeFiles/test.dir/home/leander/prog/drone/code/pico-sdk/src/rp2_common/hardware_pll/pll.c.obj
 .debug_info    0x00014412      0x230 CMakeFiles/test.dir/home/leander/prog/drone/code/pico-sdk/src/rp2_common/hardware_ticks/ticks.c.obj
 .debug_info    0x00014642      0x1b4 CMakeFiles/test.dir/home/leander/prog/drone/code/pico-sdk/src/rp2_common/hardware_xosc/xosc.c.obj
 .debug_info    0x000147f6      0x20e CMakeFiles/test.dir/home/leander/prog/drone/code/pico-sdk/src/rp2_common/pico_runtime/runtime.c.obj
 .debug_info    0x00014a04      0x77d CMakeFiles/test.dir/home/leander/prog/drone/code/pico-sdk/src/rp2_common/pico_runtime_init/runtime_init.c.obj
 .debug_info    0x00015181      0x768 CMakeFiles/test.dir/home/leander/prog/drone/code/pico-sdk/src/rp2_common/pico_runtime_init/runtime_init_clocks.c.obj
 .debug_info    0x000158e9       0x23 CMakeFiles/test.dir/home/leander/prog/drone/code/pico-sdk/src/rp2_common/pico_bit_ops/bit_ops_aeabi.S.obj
 .debug_info    0x0001590c      0x4eb CMakeFiles/test.dir/home/leander/prog/drone/code/pico-sdk/src/rp2_common/pico_bootrom/bootrom.c.obj
 .debug_info    0x00015df7       0x23 CMakeFiles/test.dir/home/leander/prog/drone/code/pico-sdk/src/rp2_common/pico_divider/divider_hardware.S.obj
 .debug_info    0x00015e1a       0x23 CMakeFiles/test.dir/home/leander/prog/drone/code/pico-sdk/src/rp2_common/pico_double/double_aeabi_rp2040.S.obj
 .debug_info    0x00015e3d      0x25f CMakeFiles/test.dir/home/leander/prog/drone/code/pico-sdk/src/rp2_common/pico_double/double_init_rom_rp2040.c.obj
 .debug_info    0x0001609c       0x23 CMakeFiles/test.dir/home/leander/prog/drone/code/pico-sdk/src/rp2_common/pico_double/double_v1_rom_shim_rp2040.S.obj
 .debug_info    0x000160bf       0x24 CMakeFiles/test.dir/home/leander/prog/drone/code/pico-sdk/src/rp2_common/pico_int64_ops/pico_int64_ops_aeabi.S.obj
 .debug_info    0x000160e3       0x23 CMakeFiles/test.dir/home/leander/prog/drone/code/pico-sdk/src/rp2_common/pico_float/float_aeabi_rp2040.S.obj
 .debug_info    0x00016106      0x25f CMakeFiles/test.dir/home/leander/prog/drone/code/pico-sdk/src/rp2_common/pico_float/float_init_rom_rp2040.c.obj
 .debug_info    0x00016365       0x23 CMakeFiles/test.dir/home/leander/prog/drone/code/pico-sdk/src/rp2_common/pico_float/float_v1_rom_shim_rp2040.S.obj
 .debug_info    0x00016388       0x23 CMakeFiles/test.dir/home/leander/prog/drone/code/pico-sdk/src/rp2_common/pico_mem_ops/mem_ops_aeabi.S.obj
 .debug_info    0x000163ab      0x25e CMakeFiles/test.dir/home/leander/prog/drone/code/pico-sdk/src/rp2_common/pico_standard_binary_info/standard_binary_info.c.obj
 .debug_info    0x00016609     0x2102 CMakeFiles/test.dir/home/leander/prog/drone/code/pico-sdk/src/rp2_common/pico_printf/printf.c.obj
 .debug_info    0x0001870b       0x23 CMakeFiles/test.dir/home/leander/prog/drone/code/pico-sdk/src/rp2_common/pico_crt0/crt0.S.obj
 .debug_info    0x0001872e      0xb54 CMakeFiles/test.dir/home/leander/prog/drone/code/pico-sdk/src/rp2_common/pico_clib_interface/newlib_interface.c.obj
 .debug_info    0x00019282     0x1ca1 CMakeFiles/test.dir/home/leander/prog/drone/code/pico-sdk/src/rp2_common/pico_stdio/stdio.c.obj
 .debug_info    0x0001af23     0x14da CMakeFiles/test.dir/home/leander/prog/drone/code/pico-sdk/src/rp2_common/pico_stdio_uart/stdio_uart.c.obj
 .debug_info    0x0001c3fd       0x3c /usr/lib/gcc/arm-none-eabi/13.2.1/thumb/v6-m/nofp/libgcc.a(_dvmd_tls.o)
 .debug_info    0x0001c439      0x11e /usr/lib/gcc/arm-none-eabi/13.2.1/../../../arm-none-eabi/lib/thumb/v6-m/nofp/libg.a(libc_a-atexit.o)
 .debug_info    0x0001c557       0xeb /usr/lib/gcc/arm-none-eabi/13.2.1/../../../arm-none-eabi/lib/thumb/v6-m/nofp/libg.a(libc_a-strlen-stub.o)
 .debug_info    0x0001c642       0xf7 /usr/lib/gcc/arm-none-eabi/13.2.1/../../../arm-none-eabi/lib/thumb/v6-m/nofp/libg.a(libc_a-fini.o)
 .debug_info    0x0001c739      0x1fd /usr/lib/gcc/arm-none-eabi/13.2.1/../../../arm-none-eabi/lib/thumb/v6-m/nofp/libg.a(libc_a-__atexit.o)
 .debug_info    0x0001c936      0x284 /usr/lib/gcc/arm-none-eabi/13.2.1/../../../arm-none-eabi/lib/thumb/v6-m/nofp/libg.a(libc_a-__call_atexit.o)

.debug_abbrev   0x00000000     0x57a5
 .debug_abbrev  0x00000000      0x25a CMakeFiles/test.dir/src/main.c.obj
 .debug_abbrev  0x0000025a      0x4f9 CMakeFiles/test.dir/home/leander/prog/drone/code/pico-sdk/src/rp2_common/hardware_gpio/gpio.c.obj
 .debug_abbrev  0x00000753      0x12b CMakeFiles/test.dir/home/leander/prog/drone/code/pico-sdk/src/rp2_common/pico_platform_panic/panic.c.obj
 .debug_abbrev  0x0000087e      0x33b CMakeFiles/test.dir/home/leander/prog/drone/code/pico-sdk/src/common/hardware_claim/claim.c.obj
 .debug_abbrev  0x00000bb9      0x20d CMakeFiles/test.dir/home/leander/prog/drone/code/pico-sdk/src/rp2_common/hardware_sync/sync.c.obj
 .debug_abbrev  0x00000dc6      0x1bb CMakeFiles/test.dir/home/leander/prog/drone/code/pico-sdk/src/rp2_common/hardware_sync_spin_lock/sync_spin_lock.c.obj
 .debug_abbrev  0x00000f81      0x5ff CMakeFiles/test.dir/home/leander/prog/drone/code/pico-sdk/src/rp2_common/hardware_irq/irq.c.obj
 .debug_abbrev  0x00001580       0xee CMakeFiles/test.dir/home/leander/prog/drone/code/pico-sdk/src/common/pico_sync/lock_core.c.obj
 .debug_abbrev  0x0000166e      0x48c CMakeFiles/test.dir/home/leander/prog/drone/code/pico-sdk/src/common/pico_sync/mutex.c.obj
 .debug_abbrev  0x00001afa      0x672 CMakeFiles/test.dir/home/leander/prog/drone/code/pico-sdk/src/common/pico_time/time.c.obj
 .debug_abbrev  0x0000216c      0x503 CMakeFiles/test.dir/home/leander/prog/drone/code/pico-sdk/src/rp2_common/hardware_timer/timer.c.obj
 .debug_abbrev  0x0000266f      0x365 CMakeFiles/test.dir/home/leander/prog/drone/code/pico-sdk/src/rp2_common/hardware_uart/uart.c.obj
 .debug_abbrev  0x000029d4      0x4e2 CMakeFiles/test.dir/home/leander/prog/drone/code/pico-sdk/src/rp2_common/hardware_clocks/clocks.c.obj
 .debug_abbrev  0x00002eb6      0x1d2 CMakeFiles/test.dir/home/leander/prog/drone/code/pico-sdk/src/rp2_common/hardware_pll/pll.c.obj
 .debug_abbrev  0x00003088      0x145 CMakeFiles/test.dir/home/leander/prog/drone/code/pico-sdk/src/rp2_common/hardware_ticks/ticks.c.obj
 .debug_abbrev  0x000031cd      0x11b CMakeFiles/test.dir/home/leander/prog/drone/code/pico-sdk/src/rp2_common/hardware_xosc/xosc.c.obj
 .debug_abbrev  0x000032e8      0x182 CMakeFiles/test.dir/home/leander/prog/drone/code/pico-sdk/src/rp2_common/pico_runtime/runtime.c.obj
 .debug_abbrev  0x0000346a      0x222 CMakeFiles/test.dir/home/leander/prog/drone/code/pico-sdk/src/rp2_common/pico_runtime_init/runtime_init.c.obj
 .debug_abbrev  0x0000368c      0x294 CMakeFiles/test.dir/home/leander/prog/drone/code/pico-sdk/src/rp2_common/pico_runtime_init/runtime_init_clocks.c.obj
 .debug_abbrev  0x00003920       0x12 CMakeFiles/test.dir/home/leander/prog/drone/code/pico-sdk/src/rp2_common/pico_bit_ops/bit_ops_aeabi.S.obj
 .debug_abbrev  0x00003932      0x1b9 CMakeFiles/test.dir/home/leander/prog/drone/code/pico-sdk/src/rp2_common/pico_bootrom/bootrom.c.obj
 .debug_abbrev  0x00003aeb       0x12 CMakeFiles/test.dir/home/leander/prog/drone/code/pico-sdk/src/rp2_common/pico_divider/divider_hardware.S.obj
 .debug_abbrev  0x00003afd       0x12 CMakeFiles/test.dir/home/leander/prog/drone/code/pico-sdk/src/rp2_common/pico_double/double_aeabi_rp2040.S.obj
 .debug_abbrev  0x00003b0f      0x17a CMakeFiles/test.dir/home/leander/prog/drone/code/pico-sdk/src/rp2_common/pico_double/double_init_rom_rp2040.c.obj
 .debug_abbrev  0x00003c89       0x12 CMakeFiles/test.dir/home/leander/prog/drone/code/pico-sdk/src/rp2_common/pico_double/double_v1_rom_shim_rp2040.S.obj
 .debug_abbrev  0x00003c9b       0x14 CMakeFiles/test.dir/home/leander/prog/drone/code/pico-sdk/src/rp2_common/pico_int64_ops/pico_int64_ops_aeabi.S.obj
 .debug_abbrev  0x00003caf       0x12 CMakeFiles/test.dir/home/leander/prog/drone/code/pico-sdk/src/rp2_common/pico_float/float_aeabi_rp2040.S.obj
 .debug_abbrev  0x00003cc1      0x173 CMakeFiles/test.dir/home/leander/prog/drone/code/pico-sdk/src/rp2_common/pico_float/float_init_rom_rp2040.c.obj
 .debug_abbrev  0x00003e34       0x12 CMakeFiles/test.dir/home/leander/prog/drone/code/pico-sdk/src/rp2_common/pico_float/float_v1_rom_shim_rp2040.S.obj
 .debug_abbrev  0x00003e46       0x12 CMakeFiles/test.dir/home/leander/prog/drone/code/pico-sdk/src/rp2_common/pico_mem_ops/mem_ops_aeabi.S.obj
 .debug_abbrev  0x00003e58       0xb8 CMakeFiles/test.dir/home/leander/prog/drone/code/pico-sdk/src/rp2_common/pico_standard_binary_info/standard_binary_info.c.obj
 .debug_abbrev  0x00003f10      0x525 CMakeFiles/test.dir/home/leander/prog/drone/code/pico-sdk/src/rp2_common/pico_printf/printf.c.obj
 .debug_abbrev  0x00004435       0x12 CMakeFiles/test.dir/home/leander/prog/drone/code/pico-sdk/src/rp2_common/pico_crt0/crt0.S.obj
 .debug_abbrev  0x00004447      0x352 CMakeFiles/test.dir/home/leander/prog/drone/code/pico-sdk/src/rp2_common/pico_clib_interface/newlib_interface.c.obj
 .debug_abbrev  0x00004799      0x5eb CMakeFiles/test.dir/home/leander/prog/drone/code/pico-sdk/src/rp2_common/pico_stdio/stdio.c.obj
 .debug_abbrev  0x00004d84      0x4b3 CMakeFiles/test.dir/home/leander/prog/drone/code/pico-sdk/src/rp2_common/pico_stdio_uart/stdio_uart.c.obj
 .debug_abbrev  0x00005237       0x26 /usr/lib/gcc/arm-none-eabi/13.2.1/thumb/v6-m/nofp/libgcc.a(_dvmd_tls.o)
 .debug_abbrev  0x0000525d       0xbe /usr/lib/gcc/arm-none-eabi/13.2.1/../../../arm-none-eabi/lib/thumb/v6-m/nofp/libg.a(libc_a-atexit.o)
 .debug_abbrev  0x0000531b       0x90 /usr/lib/gcc/arm-none-eabi/13.2.1/../../../arm-none-eabi/lib/thumb/v6-m/nofp/libg.a(libc_a-strlen-stub.o)
 .debug_abbrev  0x000053ab       0xc9 /usr/lib/gcc/arm-none-eabi/13.2.1/../../../arm-none-eabi/lib/thumb/v6-m/nofp/libg.a(libc_a-fini.o)
 .debug_abbrev  0x00005474      0x157 /usr/lib/gcc/arm-none-eabi/13.2.1/../../../arm-none-eabi/lib/thumb/v6-m/nofp/libg.a(libc_a-__atexit.o)
 .debug_abbrev  0x000055cb      0x1da /usr/lib/gcc/arm-none-eabi/13.2.1/../../../arm-none-eabi/lib/thumb/v6-m/nofp/libg.a(libc_a-__call_atexit.o)

.debug_loclists
                0x00000000    0x10493
 .debug_loclists
                0x00000000       0xa8 CMakeFiles/test.dir/src/main.c.obj
 .debug_loclists
                0x000000a8     0x1a03 CMakeFiles/test.dir/home/leander/prog/drone/code/pico-sdk/src/rp2_common/hardware_gpio/gpio.c.obj
 .debug_loclists
                0x00001aab      0x36e CMakeFiles/test.dir/home/leander/prog/drone/code/pico-sdk/src/common/hardware_claim/claim.c.obj
 .debug_loclists
                0x00001e19       0xf1 CMakeFiles/test.dir/home/leander/prog/drone/code/pico-sdk/src/rp2_common/hardware_sync/sync.c.obj
 .debug_loclists
                0x00001f0a       0x7d CMakeFiles/test.dir/home/leander/prog/drone/code/pico-sdk/src/rp2_common/hardware_sync_spin_lock/sync_spin_lock.c.obj
 .debug_loclists
                0x00001f87     0x116f CMakeFiles/test.dir/home/leander/prog/drone/code/pico-sdk/src/rp2_common/hardware_irq/irq.c.obj
 .debug_loclists
                0x000030f6       0x41 CMakeFiles/test.dir/home/leander/prog/drone/code/pico-sdk/src/common/pico_sync/lock_core.c.obj
 .debug_loclists
                0x00003137      0xafa CMakeFiles/test.dir/home/leander/prog/drone/code/pico-sdk/src/common/pico_sync/mutex.c.obj
 .debug_loclists
                0x00003c31     0x2594 CMakeFiles/test.dir/home/leander/prog/drone/code/pico-sdk/src/common/pico_time/time.c.obj
 .debug_loclists
                0x000061c5     0x19e4 CMakeFiles/test.dir/home/leander/prog/drone/code/pico-sdk/src/rp2_common/hardware_timer/timer.c.obj
 .debug_loclists
                0x00007ba9      0xc90 CMakeFiles/test.dir/home/leander/prog/drone/code/pico-sdk/src/rp2_common/hardware_uart/uart.c.obj
 .debug_loclists
                0x00008839     0x28a5 CMakeFiles/test.dir/home/leander/prog/drone/code/pico-sdk/src/rp2_common/hardware_clocks/clocks.c.obj
 .debug_loclists
                0x0000b0de      0x1e0 CMakeFiles/test.dir/home/leander/prog/drone/code/pico-sdk/src/rp2_common/hardware_pll/pll.c.obj
 .debug_loclists
                0x0000b2be       0x47 CMakeFiles/test.dir/home/leander/prog/drone/code/pico-sdk/src/rp2_common/hardware_ticks/ticks.c.obj
 .debug_loclists
                0x0000b305       0x48 CMakeFiles/test.dir/home/leander/prog/drone/code/pico-sdk/src/rp2_common/hardware_xosc/xosc.c.obj
 .debug_loclists
                0x0000b34d       0x7e CMakeFiles/test.dir/home/leander/prog/drone/code/pico-sdk/src/rp2_common/pico_runtime/runtime.c.obj
 .debug_loclists
                0x0000b3cb       0xba CMakeFiles/test.dir/home/leander/prog/drone/code/pico-sdk/src/rp2_common/pico_runtime_init/runtime_init.c.obj
 .debug_loclists
                0x0000b485       0x74 CMakeFiles/test.dir/home/leander/prog/drone/code/pico-sdk/src/rp2_common/pico_runtime_init/runtime_init_clocks.c.obj
 .debug_loclists
                0x0000b4f9      0x2ba CMakeFiles/test.dir/home/leander/prog/drone/code/pico-sdk/src/rp2_common/pico_bootrom/bootrom.c.obj
 .debug_loclists
                0x0000b7b3       0x3d CMakeFiles/test.dir/home/leander/prog/drone/code/pico-sdk/src/rp2_common/pico_double/double_init_rom_rp2040.c.obj
 .debug_loclists
                0x0000b7f0       0x59 CMakeFiles/test.dir/home/leander/prog/drone/code/pico-sdk/src/rp2_common/pico_float/float_init_rom_rp2040.c.obj
 .debug_loclists
                0x0000b849     0x2f65 CMakeFiles/test.dir/home/leander/prog/drone/code/pico-sdk/src/rp2_common/pico_printf/printf.c.obj
 .debug_loclists
                0x0000e7ae      0x431 CMakeFiles/test.dir/home/leander/prog/drone/code/pico-sdk/src/rp2_common/pico_clib_interface/newlib_interface.c.obj
 .debug_loclists
                0x0000ebdf      0xeab CMakeFiles/test.dir/home/leander/prog/drone/code/pico-sdk/src/rp2_common/pico_stdio/stdio.c.obj
 .debug_loclists
                0x0000fa8a      0x729 CMakeFiles/test.dir/home/leander/prog/drone/code/pico-sdk/src/rp2_common/pico_stdio_uart/stdio_uart.c.obj
 .debug_loclists
                0x000101b3       0x2b /usr/lib/gcc/arm-none-eabi/13.2.1/../../../arm-none-eabi/lib/thumb/v6-m/nofp/libg.a(libc_a-atexit.o)
 .debug_loclists
                0x000101de       0x57 /usr/lib/gcc/arm-none-eabi/13.2.1/../../../arm-none-eabi/lib/thumb/v6-m/nofp/libg.a(libc_a-strlen-stub.o)
 .debug_loclists
                0x00010235       0x2c /usr/lib/gcc/arm-none-eabi/13.2.1/../../../arm-none-eabi/lib/thumb/v6-m/nofp/libg.a(libc_a-fini.o)
 .debug_loclists
                0x00010261       0xff /usr/lib/gcc/arm-none-eabi/13.2.1/../../../arm-none-eabi/lib/thumb/v6-m/nofp/libg.a(libc_a-__atexit.o)
 .debug_loclists
                0x00010360      0x133 /usr/lib/gcc/arm-none-eabi/13.2.1/../../../arm-none-eabi/lib/thumb/v6-m/nofp/libg.a(libc_a-__call_atexit.o)

.debug_aranges  0x00000000      0xfe0
 .debug_aranges
                0x00000000       0x20 CMakeFiles/test.dir/src/main.c.obj
 .debug_aranges
                0x00000020      0x120 CMakeFiles/test.dir/home/leander/prog/drone/code/pico-sdk/src/rp2_common/hardware_gpio/gpio.c.obj
 .debug_aranges
                0x00000140       0x28 CMakeFiles/test.dir/home/leander/prog/drone/code/pico-sdk/src/rp2_common/pico_platform_panic/panic.c.obj
 .debug_aranges
                0x00000168       0x48 CMakeFiles/test.dir/home/leander/prog/drone/code/pico-sdk/src/common/hardware_claim/claim.c.obj
 .debug_aranges
                0x000001b0       0x48 CMakeFiles/test.dir/home/leander/prog/drone/code/pico-sdk/src/rp2_common/hardware_sync/sync.c.obj
 .debug_aranges
                0x000001f8       0x28 CMakeFiles/test.dir/home/leander/prog/drone/code/pico-sdk/src/rp2_common/hardware_sync_spin_lock/sync_spin_lock.c.obj
 .debug_aranges
                0x00000220       0xb0 CMakeFiles/test.dir/home/leander/prog/drone/code/pico-sdk/src/rp2_common/hardware_irq/irq.c.obj
 .debug_aranges
                0x000002d0       0x20 CMakeFiles/test.dir/home/leander/prog/drone/code/pico-sdk/src/common/pico_sync/lock_core.c.obj
 .debug_aranges
                0x000002f0       0x98 CMakeFiles/test.dir/home/leander/prog/drone/code/pico-sdk/src/common/pico_sync/mutex.c.obj
 .debug_aranges
                0x00000388       0xe0 CMakeFiles/test.dir/home/leander/prog/drone/code/pico-sdk/src/common/pico_time/time.c.obj
 .debug_aranges
                0x00000468       0xf0 CMakeFiles/test.dir/home/leander/prog/drone/code/pico-sdk/src/rp2_common/hardware_timer/timer.c.obj
 .debug_aranges
                0x00000558       0x58 CMakeFiles/test.dir/home/leander/prog/drone/code/pico-sdk/src/rp2_common/hardware_uart/uart.c.obj
 .debug_aranges
                0x000005b0       0x90 CMakeFiles/test.dir/home/leander/prog/drone/code/pico-sdk/src/rp2_common/hardware_clocks/clocks.c.obj
 .debug_aranges
                0x00000640       0x28 CMakeFiles/test.dir/home/leander/prog/drone/code/pico-sdk/src/rp2_common/hardware_pll/pll.c.obj
 .debug_aranges
                0x00000668       0x30 CMakeFiles/test.dir/home/leander/prog/drone/code/pico-sdk/src/rp2_common/hardware_ticks/ticks.c.obj
 .debug_aranges
                0x00000698       0x30 CMakeFiles/test.dir/home/leander/prog/drone/code/pico-sdk/src/rp2_common/hardware_xosc/xosc.c.obj
 .debug_aranges
                0x000006c8       0x38 CMakeFiles/test.dir/home/leander/prog/drone/code/pico-sdk/src/rp2_common/pico_runtime/runtime.c.obj
 .debug_aranges
                0x00000700       0x48 CMakeFiles/test.dir/home/leander/prog/drone/code/pico-sdk/src/rp2_common/pico_runtime_init/runtime_init.c.obj
 .debug_aranges
                0x00000748       0x20 CMakeFiles/test.dir/home/leander/prog/drone/code/pico-sdk/src/rp2_common/pico_runtime_init/runtime_init_clocks.c.obj
 .debug_aranges
                0x00000768       0x60 CMakeFiles/test.dir/home/leander/prog/drone/code/pico-sdk/src/rp2_common/pico_bit_ops/bit_ops_aeabi.S.obj
 .debug_aranges
                0x000007c8       0x38 CMakeFiles/test.dir/home/leander/prog/drone/code/pico-sdk/src/rp2_common/pico_bootrom/bootrom.c.obj
 .debug_aranges
                0x00000800       0x40 CMakeFiles/test.dir/home/leander/prog/drone/code/pico-sdk/src/rp2_common/pico_divider/divider_hardware.S.obj
 .debug_aranges
                0x00000840      0x140 CMakeFiles/test.dir/home/leander/prog/drone/code/pico-sdk/src/rp2_common/pico_double/double_aeabi_rp2040.S.obj
 .debug_aranges
                0x00000980       0x20 CMakeFiles/test.dir/home/leander/prog/drone/code/pico-sdk/src/rp2_common/pico_double/double_init_rom_rp2040.c.obj
 .debug_aranges
                0x000009a0       0xc8 CMakeFiles/test.dir/home/leander/prog/drone/code/pico-sdk/src/rp2_common/pico_double/double_v1_rom_shim_rp2040.S.obj
 .debug_aranges
                0x00000a68       0x20 CMakeFiles/test.dir/home/leander/prog/drone/code/pico-sdk/src/rp2_common/pico_int64_ops/pico_int64_ops_aeabi.S.obj
 .debug_aranges
                0x00000a88      0x130 CMakeFiles/test.dir/home/leander/prog/drone/code/pico-sdk/src/rp2_common/pico_float/float_aeabi_rp2040.S.obj
 .debug_aranges
                0x00000bb8       0x20 CMakeFiles/test.dir/home/leander/prog/drone/code/pico-sdk/src/rp2_common/pico_float/float_init_rom_rp2040.c.obj
 .debug_aranges
                0x00000bd8       0x50 CMakeFiles/test.dir/home/leander/prog/drone/code/pico-sdk/src/rp2_common/pico_float/float_v1_rom_shim_rp2040.S.obj
 .debug_aranges
                0x00000c28       0x38 CMakeFiles/test.dir/home/leander/prog/drone/code/pico-sdk/src/rp2_common/pico_mem_ops/mem_ops_aeabi.S.obj
 .debug_aranges
                0x00000c60       0x18 CMakeFiles/test.dir/home/leander/prog/drone/code/pico-sdk/src/rp2_common/pico_standard_binary_info/standard_binary_info.c.obj
 .debug_aranges
                0x00000c78       0x90 CMakeFiles/test.dir/home/leander/prog/drone/code/pico-sdk/src/rp2_common/pico_printf/printf.c.obj
 .debug_aranges
                0x00000d08       0x28 CMakeFiles/test.dir/home/leander/prog/drone/code/pico-sdk/src/rp2_common/pico_crt0/crt0.S.obj
 .debug_aranges
                0x00000d30       0xa0 CMakeFiles/test.dir/home/leander/prog/drone/code/pico-sdk/src/rp2_common/pico_clib_interface/newlib_interface.c.obj
 .debug_aranges
                0x00000dd0       0xc8 CMakeFiles/test.dir/home/leander/prog/drone/code/pico-sdk/src/rp2_common/pico_stdio/stdio.c.obj
 .debug_aranges
                0x00000e98       0x80 CMakeFiles/test.dir/home/leander/prog/drone/code/pico-sdk/src/rp2_common/pico_stdio_uart/stdio_uart.c.obj
 .debug_aranges
                0x00000f18       0x20 /usr/lib/gcc/arm-none-eabi/13.2.1/thumb/v6-m/nofp/libgcc.a(_dvmd_tls.o)
 .debug_aranges
                0x00000f38       0x20 /usr/lib/gcc/arm-none-eabi/13.2.1/../../../arm-none-eabi/lib/thumb/v6-m/nofp/libg.a(libc_a-atexit.o)
 .debug_aranges
                0x00000f58       0x20 /usr/lib/gcc/arm-none-eabi/13.2.1/../../../arm-none-eabi/lib/thumb/v6-m/nofp/libg.a(libc_a-strlen-stub.o)
 .debug_aranges
                0x00000f78       0x20 /usr/lib/gcc/arm-none-eabi/13.2.1/../../../arm-none-eabi/lib/thumb/v6-m/nofp/libg.a(libc_a-fini.o)
 .debug_aranges
                0x00000f98       0x20 /usr/lib/gcc/arm-none-eabi/13.2.1/../../../arm-none-eabi/lib/thumb/v6-m/nofp/libg.a(libc_a-__atexit.o)
 .debug_aranges
                0x00000fb8       0x28 /usr/lib/gcc/arm-none-eabi/13.2.1/../../../arm-none-eabi/lib/thumb/v6-m/nofp/libg.a(libc_a-__call_atexit.o)

.debug_rnglists
                0x00000000     0x2ca3
 .debug_rnglists
                0x00000000       0x37 CMakeFiles/test.dir/src/main.c.obj
 .debug_rnglists
                0x00000037      0x5c7 CMakeFiles/test.dir/home/leander/prog/drone/code/pico-sdk/src/rp2_common/hardware_gpio/gpio.c.obj
 .debug_rnglists
                0x000005fe       0x19 CMakeFiles/test.dir/home/leander/prog/drone/code/pico-sdk/src/rp2_common/pico_platform_panic/panic.c.obj
 .debug_rnglists
                0x00000617       0xc5 CMakeFiles/test.dir/home/leander/prog/drone/code/pico-sdk/src/common/hardware_claim/claim.c.obj
 .debug_rnglists
                0x000006dc       0x67 CMakeFiles/test.dir/home/leander/prog/drone/code/pico-sdk/src/rp2_common/hardware_sync/sync.c.obj
 .debug_rnglists
                0x00000743       0x3d CMakeFiles/test.dir/home/leander/prog/drone/code/pico-sdk/src/rp2_common/hardware_sync_spin_lock/sync_spin_lock.c.obj
 .debug_rnglists
                0x00000780      0x355 CMakeFiles/test.dir/home/leander/prog/drone/code/pico-sdk/src/rp2_common/hardware_irq/irq.c.obj
 .debug_rnglists
                0x00000ad5       0x1f CMakeFiles/test.dir/home/leander/prog/drone/code/pico-sdk/src/common/pico_sync/lock_core.c.obj
 .debug_rnglists
                0x00000af4      0x32c CMakeFiles/test.dir/home/leander/prog/drone/code/pico-sdk/src/common/pico_sync/mutex.c.obj
 .debug_rnglists
                0x00000e20      0x795 CMakeFiles/test.dir/home/leander/prog/drone/code/pico-sdk/src/common/pico_time/time.c.obj
 .debug_rnglists
                0x000015b5      0x2c9 CMakeFiles/test.dir/home/leander/prog/drone/code/pico-sdk/src/rp2_common/hardware_timer/timer.c.obj
 .debug_rnglists
                0x0000187e      0x259 CMakeFiles/test.dir/home/leander/prog/drone/code/pico-sdk/src/rp2_common/hardware_uart/uart.c.obj
 .debug_rnglists
                0x00001ad7      0x4ad CMakeFiles/test.dir/home/leander/prog/drone/code/pico-sdk/src/rp2_common/hardware_clocks/clocks.c.obj
 .debug_rnglists
                0x00001f84       0x5c CMakeFiles/test.dir/home/leander/prog/drone/code/pico-sdk/src/rp2_common/hardware_pll/pll.c.obj
 .debug_rnglists
                0x00001fe0       0x2b CMakeFiles/test.dir/home/leander/prog/drone/code/pico-sdk/src/rp2_common/hardware_ticks/ticks.c.obj
 .debug_rnglists
                0x0000200b       0x2b CMakeFiles/test.dir/home/leander/prog/drone/code/pico-sdk/src/rp2_common/hardware_xosc/xosc.c.obj
 .debug_rnglists
                0x00002036       0x3d CMakeFiles/test.dir/home/leander/prog/drone/code/pico-sdk/src/rp2_common/pico_runtime/runtime.c.obj
 .debug_rnglists
                0x00002073       0x49 CMakeFiles/test.dir/home/leander/prog/drone/code/pico-sdk/src/rp2_common/pico_runtime_init/runtime_init.c.obj
 .debug_rnglists
                0x000020bc       0x20 CMakeFiles/test.dir/home/leander/prog/drone/code/pico-sdk/src/rp2_common/pico_runtime_init/runtime_init_clocks.c.obj
 .debug_rnglists
                0x000020dc       0x43 CMakeFiles/test.dir/home/leander/prog/drone/code/pico-sdk/src/rp2_common/pico_bit_ops/bit_ops_aeabi.S.obj
 .debug_rnglists
                0x0000211f       0xdc CMakeFiles/test.dir/home/leander/prog/drone/code/pico-sdk/src/rp2_common/pico_bootrom/bootrom.c.obj
 .debug_rnglists
                0x000021fb       0x2c CMakeFiles/test.dir/home/leander/prog/drone/code/pico-sdk/src/rp2_common/pico_divider/divider_hardware.S.obj
 .debug_rnglists
                0x00002227       0xed CMakeFiles/test.dir/home/leander/prog/drone/code/pico-sdk/src/rp2_common/pico_double/double_aeabi_rp2040.S.obj
 .debug_rnglists
                0x00002314       0x14 CMakeFiles/test.dir/home/leander/prog/drone/code/pico-sdk/src/rp2_common/pico_double/double_init_rom_rp2040.c.obj
 .debug_rnglists
                0x00002328       0x99 CMakeFiles/test.dir/home/leander/prog/drone/code/pico-sdk/src/rp2_common/pico_double/double_v1_rom_shim_rp2040.S.obj
 .debug_rnglists
                0x000023c1       0xdf CMakeFiles/test.dir/home/leander/prog/drone/code/pico-sdk/src/rp2_common/pico_float/float_aeabi_rp2040.S.obj
 .debug_rnglists
                0x000024a0       0x13 CMakeFiles/test.dir/home/leander/prog/drone/code/pico-sdk/src/rp2_common/pico_float/float_init_rom_rp2040.c.obj
 .debug_rnglists
                0x000024b3       0x38 CMakeFiles/test.dir/home/leander/prog/drone/code/pico-sdk/src/rp2_common/pico_float/float_v1_rom_shim_rp2040.S.obj
 .debug_rnglists
                0x000024eb       0x25 CMakeFiles/test.dir/home/leander/prog/drone/code/pico-sdk/src/rp2_common/pico_mem_ops/mem_ops_aeabi.S.obj
 .debug_rnglists
                0x00002510      0x27c CMakeFiles/test.dir/home/leander/prog/drone/code/pico-sdk/src/rp2_common/pico_printf/printf.c.obj
 .debug_rnglists
                0x0000278c       0x1b CMakeFiles/test.dir/home/leander/prog/drone/code/pico-sdk/src/rp2_common/pico_crt0/crt0.S.obj
 .debug_rnglists
                0x000027a7       0x7f CMakeFiles/test.dir/home/leander/prog/drone/code/pico-sdk/src/rp2_common/pico_clib_interface/newlib_interface.c.obj
 .debug_rnglists
                0x00002826      0x297 CMakeFiles/test.dir/home/leander/prog/drone/code/pico-sdk/src/rp2_common/pico_stdio/stdio.c.obj
 .debug_rnglists
                0x00002abd      0x1b6 CMakeFiles/test.dir/home/leander/prog/drone/code/pico-sdk/src/rp2_common/pico_stdio_uart/stdio_uart.c.obj
 .debug_rnglists
                0x00002c73       0x30 /usr/lib/gcc/arm-none-eabi/13.2.1/../../../arm-none-eabi/lib/thumb/v6-m/nofp/libg.a(libc_a-__call_atexit.o)

.debug_line     0x00000000    0x166bf
 .debug_line    0x00000000      0x47c CMakeFiles/test.dir/src/main.c.obj
 .debug_line    0x0000047c     0x1c3a CMakeFiles/test.dir/home/leander/prog/drone/code/pico-sdk/src/rp2_common/hardware_gpio/gpio.c.obj
 .debug_line    0x000020b6      0x210 CMakeFiles/test.dir/home/leander/prog/drone/code/pico-sdk/src/rp2_common/pico_platform_panic/panic.c.obj
 .debug_line    0x000022c6      0x8d3 CMakeFiles/test.dir/home/leander/prog/drone/code/pico-sdk/src/common/hardware_claim/claim.c.obj
 .debug_line    0x00002b99      0x46d CMakeFiles/test.dir/home/leander/prog/drone/code/pico-sdk/src/rp2_common/hardware_sync/sync.c.obj
 .debug_line    0x00003006      0x351 CMakeFiles/test.dir/home/leander/prog/drone/code/pico-sdk/src/rp2_common/hardware_sync_spin_lock/sync_spin_lock.c.obj
 .debug_line    0x00003357     0x16c1 CMakeFiles/test.dir/home/leander/prog/drone/code/pico-sdk/src/rp2_common/hardware_irq/irq.c.obj
 .debug_line    0x00004a18      0x27c CMakeFiles/test.dir/home/leander/prog/drone/code/pico-sdk/src/common/pico_sync/lock_core.c.obj
 .debug_line    0x00004c94     0x1ad3 CMakeFiles/test.dir/home/leander/prog/drone/code/pico-sdk/src/common/pico_sync/mutex.c.obj
 .debug_line    0x00006767     0x31d4 CMakeFiles/test.dir/home/leander/prog/drone/code/pico-sdk/src/common/pico_time/time.c.obj
 .debug_line    0x0000993b     0x1ccc CMakeFiles/test.dir/home/leander/prog/drone/code/pico-sdk/src/rp2_common/hardware_timer/timer.c.obj
 .debug_line    0x0000b607      0xf54 CMakeFiles/test.dir/home/leander/prog/drone/code/pico-sdk/src/rp2_common/hardware_uart/uart.c.obj
 .debug_line    0x0000c55b     0x1dae CMakeFiles/test.dir/home/leander/prog/drone/code/pico-sdk/src/rp2_common/hardware_clocks/clocks.c.obj
 .debug_line    0x0000e309      0x49f CMakeFiles/test.dir/home/leander/prog/drone/code/pico-sdk/src/rp2_common/hardware_pll/pll.c.obj